Archive member included to satisfy reference by file (symbol)

c:/progra~2/gnuarm~1/102021~1.10/bin/../lib/gcc/arm-none-eabi/10.3.1/thumb/v7e-m+fp/hard\libgcc.a(_aeabi_uldivmod.o)
                              CMakeFiles/RM_FreeRTOS.elf.dir/Drivers/STM32F4xx_HAL_Driver/Src/stm32f4xx_hal_rcc.c.obj (__aeabi_uldivmod)
c:/progra~2/gnuarm~1/102021~1.10/bin/../lib/gcc/arm-none-eabi/10.3.1/thumb/v7e-m+fp/hard\libgcc.a(_udivmoddi4.o)
                              c:/progra~2/gnuarm~1/102021~1.10/bin/../lib/gcc/arm-none-eabi/10.3.1/thumb/v7e-m+fp/hard\libgcc.a(_aeabi_uldivmod.o) (__udivmoddi4)
c:/progra~2/gnuarm~1/102021~1.10/bin/../lib/gcc/arm-none-eabi/10.3.1/thumb/v7e-m+fp/hard\libgcc.a(_dvmd_tls.o)
                              c:/progra~2/gnuarm~1/102021~1.10/bin/../lib/gcc/arm-none-eabi/10.3.1/thumb/v7e-m+fp/hard\libgcc.a(_aeabi_uldivmod.o) (__aeabi_ldiv0)
c:/progra~2/gnuarm~1/102021~1.10/bin/../lib/gcc/arm-none-eabi/10.3.1/../../../../arm-none-eabi/lib/thumb/v7e-m+fp/hard\libg.a(lib_a-errno.o)
                              CMakeFiles/RM_FreeRTOS.elf.dir/Core/Src/syscalls.c.obj (__errno)
c:/progra~2/gnuarm~1/102021~1.10/bin/../lib/gcc/arm-none-eabi/10.3.1/../../../../arm-none-eabi/lib/thumb/v7e-m+fp/hard\libg.a(lib_a-exit.o)
                              c:/progra~2/gnuarm~1/102021~1.10/bin/../lib/gcc/arm-none-eabi/10.3.1/../../../../arm-none-eabi/lib/thumb/v7e-m+fp/hard/crt0.o (exit)
c:/progra~2/gnuarm~1/102021~1.10/bin/../lib/gcc/arm-none-eabi/10.3.1/../../../../arm-none-eabi/lib/thumb/v7e-m+fp/hard\libg.a(lib_a-impure.o)
                              c:/progra~2/gnuarm~1/102021~1.10/bin/../lib/gcc/arm-none-eabi/10.3.1/../../../../arm-none-eabi/lib/thumb/v7e-m+fp/hard\libg.a(lib_a-exit.o) (_global_impure_ptr)
c:/progra~2/gnuarm~1/102021~1.10/bin/../lib/gcc/arm-none-eabi/10.3.1/../../../../arm-none-eabi/lib/thumb/v7e-m+fp/hard\libg.a(lib_a-init.o)
                              c:/progra~2/gnuarm~1/102021~1.10/bin/../lib/gcc/arm-none-eabi/10.3.1/../../../../arm-none-eabi/lib/thumb/v7e-m+fp/hard/crt0.o (__libc_init_array)
c:/progra~2/gnuarm~1/102021~1.10/bin/../lib/gcc/arm-none-eabi/10.3.1/../../../../arm-none-eabi/lib/thumb/v7e-m+fp/hard\libg.a(lib_a-memcpy.o)
                              CMakeFiles/RM_FreeRTOS.elf.dir/Middlewares/Third_Party/FreeRTOS/Source/CMSIS_RTOS_V2/cmsis_os2.c.obj (memcpy)
c:/progra~2/gnuarm~1/102021~1.10/bin/../lib/gcc/arm-none-eabi/10.3.1/../../../../arm-none-eabi/lib/thumb/v7e-m+fp/hard\libg.a(lib_a-memset.o)
                              c:/progra~2/gnuarm~1/102021~1.10/bin/../lib/gcc/arm-none-eabi/10.3.1/../../../../arm-none-eabi/lib/thumb/v7e-m+fp/hard/crt0.o (memset)
c:/progra~2/gnuarm~1/102021~1.10/bin/../lib/gcc/arm-none-eabi/10.3.1/../../../../arm-none-eabi/lib/thumb/v7e-m+fp/hard\libg.a(lib_a-reent.o)
                              CMakeFiles/RM_FreeRTOS.elf.dir/Middlewares/Third_Party/FreeRTOS/Source/tasks.c.obj (_reclaim_reent)
c:/progra~2/gnuarm~1/102021~1.10/bin/../lib/gcc/arm-none-eabi/10.3.1/../../../../arm-none-eabi/lib/thumb/v7e-m+fp/hard\libg.a(lib_a-__call_atexit.o)
                              c:/progra~2/gnuarm~1/102021~1.10/bin/../lib/gcc/arm-none-eabi/10.3.1/../../../../arm-none-eabi/lib/thumb/v7e-m+fp/hard\libg.a(lib_a-exit.o) (__call_exitprocs)
c:/progra~2/gnuarm~1/102021~1.10/bin/../lib/gcc/arm-none-eabi/10.3.1/../../../../arm-none-eabi/lib/thumb/v7e-m+fp/hard\libg.a(lib_a-atexit.o)
                              c:/progra~2/gnuarm~1/102021~1.10/bin/../lib/gcc/arm-none-eabi/10.3.1/../../../../arm-none-eabi/lib/thumb/v7e-m+fp/hard\libg.a(lib_a-__call_atexit.o) (atexit)
c:/progra~2/gnuarm~1/102021~1.10/bin/../lib/gcc/arm-none-eabi/10.3.1/../../../../arm-none-eabi/lib/thumb/v7e-m+fp/hard\libg.a(lib_a-fini.o)
                              c:/progra~2/gnuarm~1/102021~1.10/bin/../lib/gcc/arm-none-eabi/10.3.1/../../../../arm-none-eabi/lib/thumb/v7e-m+fp/hard\libg.a(lib_a-__call_atexit.o) (__libc_fini_array)
c:/progra~2/gnuarm~1/102021~1.10/bin/../lib/gcc/arm-none-eabi/10.3.1/../../../../arm-none-eabi/lib/thumb/v7e-m+fp/hard\libg.a(lib_a-freer.o)
                              c:/progra~2/gnuarm~1/102021~1.10/bin/../lib/gcc/arm-none-eabi/10.3.1/../../../../arm-none-eabi/lib/thumb/v7e-m+fp/hard\libg.a(lib_a-reent.o) (_free_r)
c:/progra~2/gnuarm~1/102021~1.10/bin/../lib/gcc/arm-none-eabi/10.3.1/../../../../arm-none-eabi/lib/thumb/v7e-m+fp/hard\libg.a(lib_a-lock.o)
                              c:/progra~2/gnuarm~1/102021~1.10/bin/../lib/gcc/arm-none-eabi/10.3.1/../../../../arm-none-eabi/lib/thumb/v7e-m+fp/hard\libg.a(lib_a-__call_atexit.o) (__retarget_lock_acquire_recursive)
c:/progra~2/gnuarm~1/102021~1.10/bin/../lib/gcc/arm-none-eabi/10.3.1/../../../../arm-none-eabi/lib/thumb/v7e-m+fp/hard\libg.a(lib_a-mallocr.o)
                              c:/progra~2/gnuarm~1/102021~1.10/bin/../lib/gcc/arm-none-eabi/10.3.1/../../../../arm-none-eabi/lib/thumb/v7e-m+fp/hard\libg.a(lib_a-freer.o) (__malloc_current_mallinfo)
[...]
Memory Configuration

Name             Origin             Length             Attributes
CCMRAM           0x10000000         0x00010000         xrw
RAM              0x20000000         0x00020000         xrw
FLASH            0x08000000         0x00100000         xr
*default*        0x00000000         0xffffffff

Linker script and memory map

LOAD c:/progra~2/gnuarm~1/102021~1.10/bin/../lib/gcc/arm-none-eabi/10.3.1/thumb/v7e-m+fp/hard/crti.o
LOAD c:/progra~2/gnuarm~1/102021~1.10/bin/../lib/gcc/arm-none-eabi/10.3.1/thumb/v7e-m+fp/hard/crtbegin.o
LOAD c:/progra~2/gnuarm~1/102021~1.10/bin/../lib/gcc/arm-none-eabi/10.3.1/../../../../arm-none-eabi/lib/thumb/v7e-m+fp/hard/crt0.o
LOAD CMakeFiles/RM_FreeRTOS.elf.dir/Core/Src/freertos.c.obj
LOAD CMakeFiles/RM_FreeRTOS.elf.dir/Core/Src/gpio.c.obj
LOAD CMakeFiles/RM_FreeRTOS.elf.dir/Core/Src/main.c.obj
LOAD CMakeFiles/RM_FreeRTOS.elf.dir/Core/Src/stm32f4xx_hal_msp.c.obj
LOAD CMakeFiles/RM_FreeRTOS.elf.dir/Core/Src/stm32f4xx_hal_timebase_tim.c.obj
LOAD CMakeFiles/RM_FreeRTOS.elf.dir/Core/Src/stm32f4xx_it.c.obj
LOAD CMakeFiles/RM_FreeRTOS.elf.dir/Core/Src/syscalls.c.obj
LOAD CMakeFiles/RM_FreeRTOS.elf.dir/Core/Src/sysmem.c.obj
LOAD CMakeFiles/RM_FreeRTOS.elf.dir/Core/Src/system_stm32f4xx.c.obj
LOAD CMakeFiles/RM_FreeRTOS.elf.dir/Core/Startup/startup_stm32f407ighx.s.obj
LOAD CMakeFiles/RM_FreeRTOS.elf.dir/Drivers/STM32F4xx_HAL_Driver/Src/stm32f4xx_hal.c.obj
LOAD CMakeFiles/RM_FreeRTOS.elf.dir/Drivers/STM32F4xx_HAL_Driver/Src/stm32f4xx_hal_cortex.c.obj
LOAD CMakeFiles/RM_FreeRTOS.elf.dir/Drivers/STM32F4xx_HAL_Driver/Src/stm32f4xx_hal_dma.c.obj
LOAD CMakeFiles/RM_FreeRTOS.elf.dir/Drivers/STM32F4xx_HAL_Driver/Src/stm32f4xx_hal_dma_ex.c.obj
LOAD CMakeFiles/RM_FreeRTOS.elf.dir/Drivers/STM32F4xx_HAL_Driver/Src/stm32f4xx_hal_exti.c.obj
LOAD CMakeFiles/RM_FreeRTOS.elf.dir/Drivers/STM32F4xx_HAL_Driver/Src/stm32f4xx_hal_flash.c.obj
LOAD CMakeFiles/RM_FreeRTOS.elf.dir/Drivers/STM32F4xx_HAL_Driver/Src/stm32f4xx_hal_flash_ex.c.obj
LOAD CMakeFiles/RM_FreeRTOS.elf.dir/Drivers/STM32F4xx_HAL_Driver/Src/stm32f4xx_hal_flash_ramfunc.c.obj
LOAD CMakeFiles/RM_FreeRTOS.elf.dir/Drivers/STM32F4xx_HAL_Driver/Src/stm32f4xx_hal_gpio.c.obj
LOAD CMakeFiles/RM_FreeRTOS.elf.dir/Drivers/STM32F4xx_HAL_Driver/Src/stm32f4xx_hal_pwr.c.obj
LOAD CMakeFiles/RM_FreeRTOS.elf.dir/Drivers/STM32F4xx_HAL_Driver/Src/stm32f4xx_hal_pwr_ex.c.obj
LOAD CMakeFiles/RM_FreeRTOS.elf.dir/Drivers/STM32F4xx_HAL_Driver/Src/stm32f4xx_hal_rcc.c.obj
LOAD CMakeFiles/RM_FreeRTOS.elf.dir/Drivers/STM32F4xx_HAL_Driver/Src/stm32f4xx_hal_rcc_ex.c.obj
LOAD CMakeFiles/RM_FreeRTOS.elf.dir/Drivers/STM32F4xx_HAL_Driver/Src/stm32f4xx_hal_tim.c.obj
LOAD CMakeFiles/RM_FreeRTOS.elf.dir/Drivers/STM32F4xx_HAL_Driver/Src/stm32f4xx_hal_tim_ex.c.obj
LOAD CMakeFiles/RM_FreeRTOS.elf.dir/Middlewares/Third_Party/FreeRTOS/Source/CMSIS_RTOS_V2/cmsis_os2.c.obj
LOAD CMakeFiles/RM_FreeRTOS.elf.dir/Middlewares/Third_Party/FreeRTOS/Source/croutine.c.obj
LOAD CMakeFiles/RM_FreeRTOS.elf.dir/Middlewares/Third_Party/FreeRTOS/Source/event_groups.c.obj
LOAD CMakeFiles/RM_FreeRTOS.elf.dir/Middlewares/Third_Party/FreeRTOS/Source/list.c.obj
LOAD CMakeFiles/RM_FreeRTOS.elf.dir/Middlewares/Third_Party/FreeRTOS/Source/portable/GCC/ARM_CM4F/port.c.obj
LOAD CMakeFiles/RM_FreeRTOS.elf.dir/Middlewares/Third_Party/FreeRTOS/Source/portable/MemMang/heap_4.c.obj
LOAD CMakeFiles/RM_FreeRTOS.elf.dir/Middlewares/Third_Party/FreeRTOS/Source/queue.c.obj
LOAD CMakeFiles/RM_FreeRTOS.elf.dir/Middlewares/Third_Party/FreeRTOS/Source/stream_buffer.c.obj
LOAD CMakeFiles/RM_FreeRTOS.elf.dir/Middlewares/Third_Party/FreeRTOS/Source/tasks.c.obj
LOAD CMakeFiles/RM_FreeRTOS.elf.dir/Middlewares/Third_Party/FreeRTOS/Source/timers.c.obj
START GROUP
LOAD c:/progra~2/gnuarm~1/102021~1.10/bin/../lib/gcc/arm-none-eabi/10.3.1/thumb/v7e-m+fp/hard\libgcc.a
LOAD c:/progra~2/gnuarm~1/102021~1.10/bin/../lib/gcc/arm-none-eabi/10.3.1/../../../../arm-none-eabi/lib/thumb/v7e-m+fp/hard\libg.a
LOAD c:/progra~2/gnuarm~1/102021~1.10/bin/../lib/gcc/arm-none-eabi/10.3.1/../../../../arm-none-eabi/lib/thumb/v7e-m+fp/hard\libc.a
END GROUP
LOAD c:/progra~2/gnuarm~1/102021~1.10/bin/../lib/gcc/arm-none-eabi/10.3.1/thumb/v7e-m+fp/hard/crtend.o
LOAD c:/progra~2/gnuarm~1/102021~1.10/bin/../lib/gcc/arm-none-eabi/10.3.1/thumb/v7e-m+fp/hard/crtn.o
                0x20020000                _estack = (ORIGIN (RAM) + LENGTH (RAM))
                0x00000200                _Min_Heap_Size = 0x200
                0x00000400                _Min_Stack_Size = 0x400

.isr_vector     0x08000000      0x188
                0x08000000                . = ALIGN (0x4)
 *(.isr_vector)
 .isr_vector    0x08000000      0x188 CMakeFiles/RM_FreeRTOS.elf.dir/Core/Startup/startup_stm32f407ighx.s.obj
                0x08000000                g_pfnVectors
                0x08000188                . = ALIGN (0x4)

.text           0x08000190     0x34e8
                0x08000190                . = ALIGN (0x4)
 *(.text)
 .text          0x08000190       0x40 c:/progra~2/gnuarm~1/102021~1.10/bin/../lib/gcc/arm-none-eabi/10.3.1/thumb/v7e-m+fp/hard/crtbegin.o
 .text          0x080001d0       0x30 c:/progra~2/gnuarm~1/102021~1.10/bin/../lib/gcc/arm-none-eabi/10.3.1/thumb/v7e-m+fp/hard\libgcc.a(_aeabi_uldivmod.o)
                0x080001d0                __aeabi_uldivmod
 .text          0x08000200      0x2d0 c:/progra~2/gnuarm~1/102021~1.10/bin/../lib/gcc/arm-none-eabi/10.3.1/thumb/v7e-m+fp/hard\libgcc.a(_udivmoddi4.o)
                0x08000200                __udivmoddi4
 .text          0x080004d0        0x4 c:/progra~2/gnuarm~1/102021~1.10/bin/../lib/gcc/arm-none-eabi/10.3.1/thumb/v7e-m+fp/hard\libgcc.a(_dvmd_tls.o)
                0x080004d0                __aeabi_idiv0
                0x080004d0                __aeabi_ldiv0
 .text          0x080004d4      0x134 c:/progra~2/gnuarm~1/102021~1.10/bin/../lib/gcc/arm-none-eabi/10.3.1/../../../../arm-none-eabi/lib/thumb/v7e-m+fp/hard\libg.a(lib_a-memcpy.o)
                0x080004d4                memcpy
 *(.text*)
 .text.StartDefaultTask
                0x08000608        0xa CMakeFiles/RM_FreeRTOS.elf.dir/Core/Src/freertos.c.obj
                0x08000608                StartDefaultTask
 *fill*         0x08000612        0x2 
 .text.MX_FREERTOS_Init
                0x08000614       0x20 CMakeFiles/RM_FreeRTOS.elf.dir/Core/Src/freertos.c.obj
                0x08000614                MX_FREERTOS_Init
 .text.MX_GPIO_Init
                0x08000634       0x38 CMakeFiles/RM_FreeRTOS.elf.dir/Core/Src/gpio.c.obj
                0x08000634                MX_GPIO_Init
 .text.HAL_TIM_PeriodElapsedCallback
                0x0800066c       0x18 CMakeFiles/RM_FreeRTOS.elf.dir/Core/Src/main.c.obj
                0x0800066c                HAL_TIM_PeriodElapsedCallback
 .text.Error_Handler
                0x08000684        0x4 CMakeFiles/RM_FreeRTOS.elf.dir/Core/Src/main.c.obj
                0x08000684                Error_Handler
 .text.SystemClock_Config
                0x08000688       0xa8 CMakeFiles/RM_FreeRTOS.elf.dir/Core/Src/main.c.obj
                0x08000688                SystemClock_Config
 .text.main     0x08000730       0x1c CMakeFiles/RM_FreeRTOS.elf.dir/Core/Src/main.c.obj
                0x08000730                main
 .text.HAL_MspInit
                0x0800074c       0x44 CMakeFiles/RM_FreeRTOS.elf.dir/Core/Src/stm32f4xx_hal_msp.c.obj
                0x0800074c                HAL_MspInit
 .text.HAL_InitTick
                0x08000790       0xa4 CMakeFiles/RM_FreeRTOS.elf.dir/Core/Src/stm32f4xx_hal_timebase_tim.c.obj
                0x08000790                HAL_InitTick
 .text.NMI_Handler
                0x08000834        0x2 CMakeFiles/RM_FreeRTOS.elf.dir/Core/Src/stm32f4xx_it.c.obj
                0x08000834                NMI_Handler
 .text.HardFault_Handler
                0x08000836        0x2 CMakeFiles/RM_FreeRTOS.elf.dir/Core/Src/stm32f4xx_it.c.obj
                0x08000836                HardFault_Handler
 .text.MemManage_Handler
                0x08000838        0x2 CMakeFiles/RM_FreeRTOS.elf.dir/Core/Src/stm32f4xx_it.c.obj
                0x08000838                MemManage_Handler
 .text.BusFault_Handler
                0x0800083a        0x2 CMakeFiles/RM_FreeRTOS.elf.dir/Core/Src/stm32f4xx_it.c.obj
                0x0800083a                BusFault_Handler
 .text.UsageFault_Handler
                0x0800083c        0x2 CMakeFiles/RM_FreeRTOS.elf.dir/Core/Src/stm32f4xx_it.c.obj
                0x0800083c                UsageFault_Handler
 .text.DebugMon_Handler
                0x0800083e        0x2 CMakeFiles/RM_FreeRTOS.elf.dir/Core/Src/stm32f4xx_it.c.obj
                0x0800083e                DebugMon_Handler
 .text.TIM7_IRQHandler
                0x08000840       0x10 CMakeFiles/RM_FreeRTOS.elf.dir/Core/Src/stm32f4xx_it.c.obj
                0x08000840                TIM7_IRQHandler
 .text._sbrk    0x08000850       0x48 CMakeFiles/RM_FreeRTOS.elf.dir/Core/Src/sysmem.c.obj
                0x08000850                _sbrk
 .text.SystemInit
                0x08000898       0x14 CMakeFiles/RM_FreeRTOS.elf.dir/Core/Src/system_stm32f4xx.c.obj
                0x08000898                SystemInit
 .text.Reset_Handler
                0x080008ac       0x50 CMakeFiles/RM_FreeRTOS.elf.dir/Core/Startup/startup_stm32f407ighx.s.obj
                0x080008ac                Reset_Handler
 .text.Default_Handler
                0x080008fc        0x2 CMakeFiles/RM_FreeRTOS.elf.dir/Core/Startup/startup_stm32f407ighx.s.obj
                0x080008fc                RTC_Alarm_IRQHandler
                0x080008fc                HASH_RNG_IRQHandler
                0x080008fc                EXTI2_IRQHandler
                0x080008fc                TIM8_CC_IRQHandler
                0x080008fc                TIM1_CC_IRQHandler
                0x080008fc                DMA2_Stream5_IRQHandler
                0x080008fc                DMA1_Stream5_IRQHandler
                0x080008fc                PVD_IRQHandler
                0x080008fc                SDIO_IRQHandler
                0x080008fc                TAMP_STAMP_IRQHandler
                0x080008fc                CAN2_RX1_IRQHandler
                0x080008fc                EXTI3_IRQHandler
                0x080008fc                TIM8_TRG_COM_TIM14_IRQHandler
                0x080008fc                TIM1_UP_TIM10_IRQHandler
                0x080008fc                TIM8_UP_TIM13_IRQHandler
                0x080008fc                I2C3_ER_IRQHandler
                0x080008fc                EXTI0_IRQHandler
                0x080008fc                I2C2_EV_IRQHandler
                0x080008fc                DMA1_Stream2_IRQHandler
                0x080008fc                CAN1_RX0_IRQHandler
                0x080008fc                FPU_IRQHandler
                0x080008fc                OTG_HS_WKUP_IRQHandler
                0x080008fc                CAN2_SCE_IRQHandler
                0x080008fc                DMA2_Stream2_IRQHandler
                0x080008fc                SPI1_IRQHandler
                0x080008fc                TIM6_DAC_IRQHandler
                0x080008fc                TIM1_BRK_TIM9_IRQHandler
                0x080008fc                DCMI_IRQHandler
                0x080008fc                CAN2_RX0_IRQHandler
                0x080008fc                DMA2_Stream3_IRQHandler
                0x080008fc                USART6_IRQHandler
                0x080008fc                USART3_IRQHandler
                0x080008fc                CAN1_RX1_IRQHandler
                0x080008fc                UART5_IRQHandler
                0x080008fc                DMA2_Stream0_IRQHandler
                0x080008fc                TIM4_IRQHandler
                0x080008fc                I2C1_EV_IRQHandler
                0x080008fc                DMA1_Stream6_IRQHandler
                0x080008fc                DMA1_Stream1_IRQHandler
                0x080008fc                UART4_IRQHandler
                0x080008fc                TIM3_IRQHandler
                0x080008fc                RCC_IRQHandler
                0x080008fc                TIM8_BRK_TIM12_IRQHandler
                0x080008fc                Default_Handler
                0x080008fc                EXTI15_10_IRQHandler
                0x080008fc                ADC_IRQHandler
                0x080008fc                DMA1_Stream7_IRQHandler
                0x080008fc                CAN2_TX_IRQHandler
                0x080008fc                TIM5_IRQHandler
                0x080008fc                DMA2_Stream7_IRQHandler
                0x080008fc                I2C3_EV_IRQHandler
                0x080008fc                EXTI9_5_IRQHandler
                0x080008fc                RTC_WKUP_IRQHandler
                0x080008fc                ETH_WKUP_IRQHandler
                0x080008fc                SPI2_IRQHandler
                0x080008fc                OTG_HS_EP1_IN_IRQHandler
                0x080008fc                DMA1_Stream0_IRQHandler
                0x080008fc                CAN1_TX_IRQHandler
                0x080008fc                EXTI4_IRQHandler
                0x080008fc                FSMC_IRQHandler
                0x080008fc                ETH_IRQHandler
                0x080008fc                OTG_HS_EP1_OUT_IRQHandler
                0x080008fc                WWDG_IRQHandler
                0x080008fc                TIM2_IRQHandler
                0x080008fc                OTG_FS_WKUP_IRQHandler
                0x080008fc                TIM1_TRG_COM_TIM11_IRQHandler
                0x080008fc                OTG_HS_IRQHandler
                0x080008fc                EXTI1_IRQHandler
                0x080008fc                USART2_IRQHandler
                0x080008fc                I2C2_ER_IRQHandler
                0x080008fc                DMA2_Stream1_IRQHandler
                0x080008fc                CAN1_SCE_IRQHandler
                0x080008fc                FLASH_IRQHandler
                0x080008fc                DMA2_Stream4_IRQHandler
                0x080008fc                USART1_IRQHandler
                0x080008fc                OTG_FS_IRQHandler
                0x080008fc                SPI3_IRQHandler
                0x080008fc                DMA1_Stream4_IRQHandler
                0x080008fc                I2C1_ER_IRQHandler
                0x080008fc                DMA2_Stream6_IRQHandler
                0x080008fc                DMA1_Stream3_IRQHandler
 *fill*         0x080008fe        0x2 
 .text.HAL_Init
                0x08000900       0x34 CMakeFiles/RM_FreeRTOS.elf.dir/Drivers/STM32F4xx_HAL_Driver/Src/stm32f4xx_hal.c.obj
                0x08000900                HAL_Init
 .text.HAL_IncTick
                0x08000934       0x18 CMakeFiles/RM_FreeRTOS.elf.dir/Drivers/STM32F4xx_HAL_Driver/Src/stm32f4xx_hal.c.obj
                0x08000934                HAL_IncTick
 .text.HAL_GetTick
                0x0800094c        0xc CMakeFiles/RM_FreeRTOS.elf.dir/Drivers/STM32F4xx_HAL_Driver/Src/stm32f4xx_hal.c.obj
                0x0800094c                HAL_GetTick
 .text.HAL_NVIC_SetPriorityGrouping
                0x08000958       0x24 CMakeFiles/RM_FreeRTOS.elf.dir/Drivers/STM32F4xx_HAL_Driver/Src/stm32f4xx_hal_cortex.c.obj
                0x08000958                HAL_NVIC_SetPriorityGrouping
 .text.HAL_NVIC_SetPriority
                0x0800097c       0x70 CMakeFiles/RM_FreeRTOS.elf.dir/Drivers/STM32F4xx_HAL_Driver/Src/stm32f4xx_hal_cortex.c.obj
                0x0800097c                HAL_NVIC_SetPriority
 .text.HAL_NVIC_EnableIRQ
                0x080009ec       0x1c CMakeFiles/RM_FreeRTOS.elf.dir/Drivers/STM32F4xx_HAL_Driver/Src/stm32f4xx_hal_cortex.c.obj
                0x080009ec                HAL_NVIC_EnableIRQ
 .text.HAL_RCC_OscConfig
                0x08000a08      0x3f8 CMakeFiles/RM_FreeRTOS.elf.dir/Drivers/STM32F4xx_HAL_Driver/Src/stm32f4xx_hal_rcc.c.obj
                0x08000a08                HAL_RCC_OscConfig
 .text.HAL_RCC_GetSysClockFreq
                0x08000e00       0xa4 CMakeFiles/RM_FreeRTOS.elf.dir/Drivers/STM32F4xx_HAL_Driver/Src/stm32f4xx_hal_rcc.c.obj
                0x08000e00                HAL_RCC_GetSysClockFreq
 .text.HAL_RCC_ClockConfig
                0x08000ea4      0x160 CMakeFiles/RM_FreeRTOS.elf.dir/Drivers/STM32F4xx_HAL_Driver/Src/stm32f4xx_hal_rcc.c.obj
                0x08000ea4                HAL_RCC_ClockConfig
 .text.HAL_RCC_GetHCLKFreq
                0x08001004        0xc CMakeFiles/RM_FreeRTOS.elf.dir/Drivers/STM32F4xx_HAL_Driver/Src/stm32f4xx_hal_rcc.c.obj
                0x08001004                HAL_RCC_GetHCLKFreq
 .text.HAL_RCC_GetPCLK1Freq
                0x08001010       0x20 CMakeFiles/RM_FreeRTOS.elf.dir/Drivers/STM32F4xx_HAL_Driver/Src/stm32f4xx_hal_rcc.c.obj
                0x08001010                HAL_RCC_GetPCLK1Freq
 .text.HAL_RCC_GetClockConfig
                0x08001030       0x3c CMakeFiles/RM_FreeRTOS.elf.dir/Drivers/STM32F4xx_HAL_Driver/Src/stm32f4xx_hal_rcc.c.obj
                0x08001030                HAL_RCC_GetClockConfig
 .text.HAL_TIM_Base_MspInit
                0x0800106c        0x2 CMakeFiles/RM_FreeRTOS.elf.dir/Drivers/STM32F4xx_HAL_Driver/Src/stm32f4xx_hal_tim.c.obj
                0x0800106c                HAL_TIM_Base_MspInit
 *fill*         0x0800106e        0x2 
 .text.HAL_TIM_Base_Start_IT
                0x08001070       0x88 CMakeFiles/RM_FreeRTOS.elf.dir/Drivers/STM32F4xx_HAL_Driver/Src/stm32f4xx_hal_tim.c.obj
                0x08001070                HAL_TIM_Base_Start_IT
 .text.HAL_TIM_OC_DelayElapsedCallback
                0x080010f8        0x2 CMakeFiles/RM_FreeRTOS.elf.dir/Drivers/STM32F4xx_HAL_Driver/Src/stm32f4xx_hal_tim.c.obj
                0x080010f8                HAL_TIM_OC_DelayElapsedCallback
 .text.HAL_TIM_IC_CaptureCallback
                0x080010fa        0x2 CMakeFiles/RM_FreeRTOS.elf.dir/Drivers/STM32F4xx_HAL_Driver/Src/stm32f4xx_hal_tim.c.obj
                0x080010fa                HAL_TIM_IC_CaptureCallback
 .text.HAL_TIM_PWM_PulseFinishedCallback
                0x080010fc        0x2 CMakeFiles/RM_FreeRTOS.elf.dir/Drivers/STM32F4xx_HAL_Driver/Src/stm32f4xx_hal_tim.c.obj
                0x080010fc                HAL_TIM_PWM_PulseFinishedCallback
 .text.HAL_TIM_TriggerCallback
                0x080010fe        0x2 CMakeFiles/RM_FreeRTOS.elf.dir/Drivers/STM32F4xx_HAL_Driver/Src/stm32f4xx_hal_tim.c.obj
                0x080010fe                HAL_TIM_TriggerCallback
 .text.HAL_TIM_IRQHandler
                0x08001100      0x15e CMakeFiles/RM_FreeRTOS.elf.dir/Drivers/STM32F4xx_HAL_Driver/Src/stm32f4xx_hal_tim.c.obj
                0x08001100                HAL_TIM_IRQHandler
 *fill*         0x0800125e        0x2 
 .text.TIM_Base_SetConfig
                0x08001260       0xd8 CMakeFiles/RM_FreeRTOS.elf.dir/Drivers/STM32F4xx_HAL_Driver/Src/stm32f4xx_hal_tim.c.obj
                0x08001260                TIM_Base_SetConfig
 .text.HAL_TIM_Base_Init
                0x08001338       0x58 CMakeFiles/RM_FreeRTOS.elf.dir/Drivers/STM32F4xx_HAL_Driver/Src/stm32f4xx_hal_tim.c.obj
                0x08001338                HAL_TIM_Base_Init
 .text.HAL_TIMEx_CommutCallback
                0x08001390        0x2 CMakeFiles/RM_FreeRTOS.elf.dir/Drivers/STM32F4xx_HAL_Driver/Src/stm32f4xx_hal_tim_ex.c.obj
                0x08001390                HAL_TIMEx_CommutCallback
 .text.HAL_TIMEx_BreakCallback
                0x08001392        0x2 CMakeFiles/RM_FreeRTOS.elf.dir/Drivers/STM32F4xx_HAL_Driver/Src/stm32f4xx_hal_tim_ex.c.obj
                0x08001392                HAL_TIMEx_BreakCallback
 .text.SysTick_Handler
                0x08001394       0x18 CMakeFiles/RM_FreeRTOS.elf.dir/Middlewares/Third_Party/FreeRTOS/Source/CMSIS_RTOS_V2/cmsis_os2.c.obj
                0x08001394                SysTick_Handler
 .text.osKernelInitialize
                0x080013ac       0x24 CMakeFiles/RM_FreeRTOS.elf.dir/Middlewares/Third_Party/FreeRTOS/Source/CMSIS_RTOS_V2/cmsis_os2.c.obj
                0x080013ac                osKernelInitialize
 .text.osKernelStart
                0x080013d0       0x38 CMakeFiles/RM_FreeRTOS.elf.dir/Middlewares/Third_Party/FreeRTOS/Source/CMSIS_RTOS_V2/cmsis_os2.c.obj
                0x080013d0                osKernelStart
 .text.osThreadNew
                0x08001408       0xbe CMakeFiles/RM_FreeRTOS.elf.dir/Middlewares/Third_Party/FreeRTOS/Source/CMSIS_RTOS_V2/cmsis_os2.c.obj
                0x08001408                osThreadNew
 .text.osDelay  0x080014c6       0x1c CMakeFiles/RM_FreeRTOS.elf.dir/Middlewares/Third_Party/FreeRTOS/Source/CMSIS_RTOS_V2/cmsis_os2.c.obj
                0x080014c6                osDelay
 *fill*         0x080014e2        0x2 
 .text.vApplicationGetIdleTaskMemory
                0x080014e4       0x18 CMakeFiles/RM_FreeRTOS.elf.dir/Middlewares/Third_Party/FreeRTOS/Source/CMSIS_RTOS_V2/cmsis_os2.c.obj
                0x080014e4                vApplicationGetIdleTaskMemory
 .text.vApplicationGetTimerTaskMemory
                0x080014fc       0x18 CMakeFiles/RM_FreeRTOS.elf.dir/Middlewares/Third_Party/FreeRTOS/Source/CMSIS_RTOS_V2/cmsis_os2.c.obj
                0x080014fc                vApplicationGetTimerTaskMemory
 .text.vListInitialise
                0x08001514       0x16 CMakeFiles/RM_FreeRTOS.elf.dir/Middlewares/Third_Party/FreeRTOS/Source/list.c.obj
                0x08001514                vListInitialise
 .text.vListInitialiseItem
                0x0800152a        0x6 CMakeFiles/RM_FreeRTOS.elf.dir/Middlewares/Third_Party/FreeRTOS/Source/list.c.obj
                0x0800152a                vListInitialiseItem
 .text.vListInsertEnd
                0x08001530       0x16 CMakeFiles/RM_FreeRTOS.elf.dir/Middlewares/Third_Party/FreeRTOS/Source/list.c.obj
                0x08001530                vListInsertEnd
 .text.vListInsert
                0x08001546       0x32 CMakeFiles/RM_FreeRTOS.elf.dir/Middlewares/Third_Party/FreeRTOS/Source/list.c.obj
                0x08001546                vListInsert
 .text.uxListRemove
                0x08001578       0x26 CMakeFiles/RM_FreeRTOS.elf.dir/Middlewares/Third_Party/FreeRTOS/Source/list.c.obj
                0x08001578                uxListRemove
 *fill*         0x0800159e        0x2 
 .text.prvTaskExitError
                0x080015a0       0x40 CMakeFiles/RM_FreeRTOS.elf.dir/Middlewares/Third_Party/FreeRTOS/Source/portable/GCC/ARM_CM4F/port.c.obj
 .text.prvPortStartFirstTask
                0x080015e0       0x28 CMakeFiles/RM_FreeRTOS.elf.dir/Middlewares/Third_Party/FreeRTOS/Source/portable/GCC/ARM_CM4F/port.c.obj
 .text.vPortEnableVFP
                0x08001608       0x14 CMakeFiles/RM_FreeRTOS.elf.dir/Middlewares/Third_Party/FreeRTOS/Source/portable/GCC/ARM_CM4F/port.c.obj
 .text.pxPortInitialiseStack
                0x0800161c       0x2c CMakeFiles/RM_FreeRTOS.elf.dir/Middlewares/Third_Party/FreeRTOS/Source/portable/GCC/ARM_CM4F/port.c.obj
                0x0800161c                pxPortInitialiseStack
 *fill*         0x08001648        0x8 
 .text.SVC_Handler
                0x08001650       0x24 CMakeFiles/RM_FreeRTOS.elf.dir/Middlewares/Third_Party/FreeRTOS/Source/portable/GCC/ARM_CM4F/port.c.obj
                0x08001650                SVC_Handler
 .text.vPortEnterCritical
                0x08001674       0x44 CMakeFiles/RM_FreeRTOS.elf.dir/Middlewares/Third_Party/FreeRTOS/Source/portable/GCC/ARM_CM4F/port.c.obj
                0x08001674                vPortEnterCritical
 .text.vPortExitCritical
                0x080016b8       0x2c CMakeFiles/RM_FreeRTOS.elf.dir/Middlewares/Third_Party/FreeRTOS/Source/portable/GCC/ARM_CM4F/port.c.obj
                0x080016b8                vPortExitCritical
 *fill*         0x080016e4        0xc 
 .text.PendSV_Handler
                0x080016f0       0x64 CMakeFiles/RM_FreeRTOS.elf.dir/Middlewares/Third_Party/FreeRTOS/Source/portable/GCC/ARM_CM4F/port.c.obj
                0x080016f0                PendSV_Handler
 .text.xPortSysTickHandler
                0x08001754       0x2c CMakeFiles/RM_FreeRTOS.elf.dir/Middlewares/Third_Party/FreeRTOS/Source/portable/GCC/ARM_CM4F/port.c.obj
                0x08001754                xPortSysTickHandler
 .text.vPortSetupTimerInterrupt
                0x08001780       0x28 CMakeFiles/RM_FreeRTOS.elf.dir/Middlewares/Third_Party/FreeRTOS/Source/portable/GCC/ARM_CM4F/port.c.obj
                0x08001780                vPortSetupTimerInterrupt
 .text.xPortStartScheduler
                0x080017a8      0x118 CMakeFiles/RM_FreeRTOS.elf.dir/Middlewares/Third_Party/FreeRTOS/Source/portable/GCC/ARM_CM4F/port.c.obj
                0x080017a8                xPortStartScheduler
 .text.vPortValidateInterruptPriority
                0x080018c0       0x5c CMakeFiles/RM_FreeRTOS.elf.dir/Middlewares/Third_Party/FreeRTOS/Source/portable/GCC/ARM_CM4F/port.c.obj
                0x080018c0                vPortValidateInterruptPriority
 .text.prvHeapInit
                0x0800191c       0x64 CMakeFiles/RM_FreeRTOS.elf.dir/Middlewares/Third_Party/FreeRTOS/Source/portable/MemMang/heap_4.c.obj
 .text.prvInsertBlockIntoFreeList
                0x08001980       0x64 CMakeFiles/RM_FreeRTOS.elf.dir/Middlewares/Third_Party/FreeRTOS/Source/portable/MemMang/heap_4.c.obj
 .text.pvPortMalloc
                0x080019e4       0xfc CMakeFiles/RM_FreeRTOS.elf.dir/Middlewares/Third_Party/FreeRTOS/Source/portable/MemMang/heap_4.c.obj
                0x080019e4                pvPortMalloc
 .text.vPortFree
                0x08001ae0       0x7c CMakeFiles/RM_FreeRTOS.elf.dir/Middlewares/Third_Party/FreeRTOS/Source/portable/MemMang/heap_4.c.obj
                0x08001ae0                vPortFree
 .text.prvIsQueueFull
                0x08001b5c       0x1e CMakeFiles/RM_FreeRTOS.elf.dir/Middlewares/Third_Party/FreeRTOS/Source/queue.c.obj
 .text.prvIsQueueEmpty
                0x08001b7a       0x1a CMakeFiles/RM_FreeRTOS.elf.dir/Middlewares/Third_Party/FreeRTOS/Source/queue.c.obj
 .text.prvCopyDataToQueue
                0x08001b94       0x76 CMakeFiles/RM_FreeRTOS.elf.dir/Middlewares/Third_Party/FreeRTOS/Source/queue.c.obj
 .text.prvCopyDataFromQueue
                0x08001c0a       0x24 CMakeFiles/RM_FreeRTOS.elf.dir/Middlewares/Third_Party/FreeRTOS/Source/queue.c.obj
 .text.prvUnlockQueue
                0x08001c2e       0x6e CMakeFiles/RM_FreeRTOS.elf.dir/Middlewares/Third_Party/FreeRTOS/Source/queue.c.obj
 .text.xQueueGenericReset
                0x08001c9c       0x84 CMakeFiles/RM_FreeRTOS.elf.dir/Middlewares/Third_Party/FreeRTOS/Source/queue.c.obj
                0x08001c9c                xQueueGenericReset
 .text.prvInitialiseNewQueue
                0x08001d20       0x22 CMakeFiles/RM_FreeRTOS.elf.dir/Middlewares/Third_Party/FreeRTOS/Source/queue.c.obj
 .text.xQueueGenericCreateStatic
                0x08001d42       0x94 CMakeFiles/RM_FreeRTOS.elf.dir/Middlewares/Third_Party/FreeRTOS/Source/queue.c.obj
                0x08001d42                xQueueGenericCreateStatic
 .text.xQueueGenericSend
                0x08001dd6      0x188 CMakeFiles/RM_FreeRTOS.elf.dir/Middlewares/Third_Party/FreeRTOS/Source/queue.c.obj
                0x08001dd6                xQueueGenericSend
 .text.xQueueGenericSendFromISR
                0x08001f5e       0xce CMakeFiles/RM_FreeRTOS.elf.dir/Middlewares/Third_Party/FreeRTOS/Source/queue.c.obj
                0x08001f5e                xQueueGenericSendFromISR
 .text.xQueueReceive
                0x0800202c      0x15e CMakeFiles/RM_FreeRTOS.elf.dir/Middlewares/Third_Party/FreeRTOS/Source/queue.c.obj
                0x0800202c                xQueueReceive
 *fill*         0x0800218a        0x2 
 .text.vQueueAddToRegistry
                0x0800218c       0x28 CMakeFiles/RM_FreeRTOS.elf.dir/Middlewares/Third_Party/FreeRTOS/Source/queue.c.obj
                0x0800218c                vQueueAddToRegistry
 .text.vQueueWaitForMessageRestricted
                0x080021b4       0x52 CMakeFiles/RM_FreeRTOS.elf.dir/Middlewares/Third_Party/FreeRTOS/Source/queue.c.obj
                0x080021b4                vQueueWaitForMessageRestricted
 *fill*         0x08002206        0x2 
 .text.prvResetNextTaskUnblockTime
                0x08002208       0x2c CMakeFiles/RM_FreeRTOS.elf.dir/Middlewares/Third_Party/FreeRTOS/Source/tasks.c.obj
 .text.prvInitialiseNewTask
                0x08002234      0x106 CMakeFiles/RM_FreeRTOS.elf.dir/Middlewares/Third_Party/FreeRTOS/Source/tasks.c.obj
 *fill*         0x0800233a        0x2 
 .text.prvInitialiseTaskLists
                0x0800233c       0x68 CMakeFiles/RM_FreeRTOS.elf.dir/Middlewares/Third_Party/FreeRTOS/Source/tasks.c.obj
 .text.prvAddNewTaskToReadyList
                0x080023a4       0xac CMakeFiles/RM_FreeRTOS.elf.dir/Middlewares/Third_Party/FreeRTOS/Source/tasks.c.obj
 .text.prvDeleteTCB
                0x08002450       0x40 CMakeFiles/RM_FreeRTOS.elf.dir/Middlewares/Third_Party/FreeRTOS/Source/tasks.c.obj
 .text.prvCheckTasksWaitingTermination
                0x08002490       0x4c CMakeFiles/RM_FreeRTOS.elf.dir/Middlewares/Third_Party/FreeRTOS/Source/tasks.c.obj
 .text.prvIdleTask
                0x080024dc       0x28 CMakeFiles/RM_FreeRTOS.elf.dir/Middlewares/Third_Party/FreeRTOS/Source/tasks.c.obj
 .text.prvAddCurrentTaskToDelayedList
                0x08002504       0x7c CMakeFiles/RM_FreeRTOS.elf.dir/Middlewares/Third_Party/FreeRTOS/Source/tasks.c.obj
 .text.xTaskCreateStatic
                0x08002580       0x7a CMakeFiles/RM_FreeRTOS.elf.dir/Middlewares/Third_Party/FreeRTOS/Source/tasks.c.obj
                0x08002580                xTaskCreateStatic
 .text.xTaskCreate
                0x080025fa       0x6a CMakeFiles/RM_FreeRTOS.elf.dir/Middlewares/Third_Party/FreeRTOS/Source/tasks.c.obj
                0x080025fa                xTaskCreate
 .text.vTaskStartScheduler
                0x08002664       0xac CMakeFiles/RM_FreeRTOS.elf.dir/Middlewares/Third_Party/FreeRTOS/Source/tasks.c.obj
                0x08002664                vTaskStartScheduler
 .text.vTaskSuspendAll
                0x08002710       0x10 CMakeFiles/RM_FreeRTOS.elf.dir/Middlewares/Third_Party/FreeRTOS/Source/tasks.c.obj
                0x08002710                vTaskSuspendAll
 .text.xTaskGetTickCount
                0x08002720        0xc CMakeFiles/RM_FreeRTOS.elf.dir/Middlewares/Third_Party/FreeRTOS/Source/tasks.c.obj
                0x08002720                xTaskGetTickCount
 .text.xTaskIncrementTick
                0x0800272c      0x118 CMakeFiles/RM_FreeRTOS.elf.dir/Middlewares/Third_Party/FreeRTOS/Source/tasks.c.obj
                0x0800272c                xTaskIncrementTick
 .text.xTaskResumeAll
                0x08002844       0xf8 CMakeFiles/RM_FreeRTOS.elf.dir/Middlewares/Third_Party/FreeRTOS/Source/tasks.c.obj
                0x08002844                xTaskResumeAll
 .text.vTaskDelay
                0x0800293c       0x4c CMakeFiles/RM_FreeRTOS.elf.dir/Middlewares/Third_Party/FreeRTOS/Source/tasks.c.obj
                0x0800293c                vTaskDelay
 .text.vTaskSwitchContext
                0x08002988       0xa0 CMakeFiles/RM_FreeRTOS.elf.dir/Middlewares/Third_Party/FreeRTOS/Source/tasks.c.obj
                0x08002988                vTaskSwitchContext
 .text.vTaskPlaceOnEventList
                0x08002a28       0x30 CMakeFiles/RM_FreeRTOS.elf.dir/Middlewares/Third_Party/FreeRTOS/Source/tasks.c.obj
                0x08002a28                vTaskPlaceOnEventList
 .text.vTaskPlaceOnEventListRestricted
                0x08002a58       0x38 CMakeFiles/RM_FreeRTOS.elf.dir/Middlewares/Third_Party/FreeRTOS/Source/tasks.c.obj
                0x08002a58                vTaskPlaceOnEventListRestricted
 .text.xTaskRemoveFromEventList
                0x08002a90       0x8c CMakeFiles/RM_FreeRTOS.elf.dir/Middlewares/Third_Party/FreeRTOS/Source/tasks.c.obj
                0x08002a90                xTaskRemoveFromEventList
 .text.vTaskInternalSetTimeOutState
                0x08002b1c       0x18 CMakeFiles/RM_FreeRTOS.elf.dir/Middlewares/Third_Party/FreeRTOS/Source/tasks.c.obj
                0x08002b1c                vTaskInternalSetTimeOutState
 .text.xTaskCheckForTimeOut
                0x08002b34       0x84 CMakeFiles/RM_FreeRTOS.elf.dir/Middlewares/Third_Party/FreeRTOS/Source/tasks.c.obj
                0x08002b34                xTaskCheckForTimeOut
 .text.vTaskMissedYield
                0x08002bb8        0xc CMakeFiles/RM_FreeRTOS.elf.dir/Middlewares/Third_Party/FreeRTOS/Source/tasks.c.obj
                0x08002bb8                vTaskMissedYield
 .text.xTaskGetSchedulerState
                0x08002bc4       0x20 CMakeFiles/RM_FreeRTOS.elf.dir/Middlewares/Third_Party/FreeRTOS/Source/tasks.c.obj
                0x08002bc4                xTaskGetSchedulerState
 .text.xTaskPriorityDisinherit
                0x08002be4       0x90 CMakeFiles/RM_FreeRTOS.elf.dir/Middlewares/Third_Party/FreeRTOS/Source/tasks.c.obj
                0x08002be4                xTaskPriorityDisinherit
 .text.prvGetNextExpireTime
                0x08002c74       0x20 CMakeFiles/RM_FreeRTOS.elf.dir/Middlewares/Third_Party/FreeRTOS/Source/timers.c.obj
 .text.prvInsertTimerInActiveList
                0x08002c94       0x48 CMakeFiles/RM_FreeRTOS.elf.dir/Middlewares/Third_Party/FreeRTOS/Source/timers.c.obj
 .text.prvCheckForValidListAndQueue
                0x08002cdc       0x70 CMakeFiles/RM_FreeRTOS.elf.dir/Middlewares/Third_Party/FreeRTOS/Source/timers.c.obj
 .text.xTimerCreateTimerTask
                0x08002d4c       0x64 CMakeFiles/RM_FreeRTOS.elf.dir/Middlewares/Third_Party/FreeRTOS/Source/timers.c.obj
                0x08002d4c                xTimerCreateTimerTask
 .text.xTimerGenericCommand
                0x08002db0       0x6c CMakeFiles/RM_FreeRTOS.elf.dir/Middlewares/Third_Party/FreeRTOS/Source/timers.c.obj
                0x08002db0                xTimerGenericCommand
 .text.prvSwitchTimerLists
                0x08002e1c       0x7c CMakeFiles/RM_FreeRTOS.elf.dir/Middlewares/Third_Party/FreeRTOS/Source/timers.c.obj
 .text.prvSampleTimeNow
                0x08002e98       0x2c CMakeFiles/RM_FreeRTOS.elf.dir/Middlewares/Third_Party/FreeRTOS/Source/timers.c.obj
 .text.prvProcessExpiredTimer
                0x08002ec4       0x6c CMakeFiles/RM_FreeRTOS.elf.dir/Middlewares/Third_Party/FreeRTOS/Source/timers.c.obj
 .text.prvProcessTimerOrBlockTask
                0x08002f30       0x74 CMakeFiles/RM_FreeRTOS.elf.dir/Middlewares/Third_Party/FreeRTOS/Source/timers.c.obj
 .text.prvProcessReceivedCommands
                0x08002fa4      0x10c CMakeFiles/RM_FreeRTOS.elf.dir/Middlewares/Third_Party/FreeRTOS/Source/timers.c.obj
 .text.prvTimerTask
                0x080030b0       0x16 CMakeFiles/RM_FreeRTOS.elf.dir/Middlewares/Third_Party/FreeRTOS/Source/timers.c.obj
 *fill*         0x080030c6        0x2 
 .text.__errno  0x080030c8        0xc c:/progra~2/gnuarm~1/102021~1.10/bin/../lib/gcc/arm-none-eabi/10.3.1/../../../../arm-none-eabi/lib/thumb/v7e-m+fp/hard\libg.a(lib_a-errno.o)
                0x080030c8                __errno
 .text.__libc_init_array
                0x080030d4       0x48 c:/progra~2/gnuarm~1/102021~1.10/bin/../lib/gcc/arm-none-eabi/10.3.1/../../../../arm-none-eabi/lib/thumb/v7e-m+fp/hard\libg.a(lib_a-init.o)
                0x080030d4                __libc_init_array
 .text.memset   0x0800311c       0xa4 c:/progra~2/gnuarm~1/102021~1.10/bin/../lib/gcc/arm-none-eabi/10.3.1/../../../../arm-none-eabi/lib/thumb/v7e-m+fp/hard\libg.a(lib_a-memset.o)
                0x0800311c                memset
 .text.cleanup_glue
                0x080031c0       0x48 c:/progra~2/gnuarm~1/102021~1.10/bin/../lib/gcc/arm-none-eabi/10.3.1/../../../../arm-none-eabi/lib/thumb/v7e-m+fp/hard\libg.a(lib_a-reent.o)
                0x080031c0                cleanup_glue
 .text._reclaim_reent
                0x08003208       0x90 c:/progra~2/gnuarm~1/102021~1.10/bin/../lib/gcc/arm-none-eabi/10.3.1/../../../../arm-none-eabi/lib/thumb/v7e-m+fp/hard\libg.a(lib_a-reent.o)
                0x08003208                _reclaim_reent
 .text.startup.register_fini
                0x08003298       0x14 c:/progra~2/gnuarm~1/102021~1.10/bin/../lib/gcc/arm-none-eabi/10.3.1/../../../../arm-none-eabi/lib/thumb/v7e-m+fp/hard\libg.a(lib_a-__call_atexit.o)
 .text.atexit   0x080032ac        0xc c:/progra~2/gnuarm~1/102021~1.10/bin/../lib/gcc/arm-none-eabi/10.3.1/../../../../arm-none-eabi/lib/thumb/v7e-m+fp/hard\libg.a(lib_a-atexit.o)
                0x080032ac                atexit
 .text.__libc_fini_array
                0x080032b8       0x2c c:/progra~2/gnuarm~1/102021~1.10/bin/../lib/gcc/arm-none-eabi/10.3.1/../../../../arm-none-eabi/lib/thumb/v7e-m+fp/hard\libg.a(lib_a-fini.o)
                0x080032b8                __libc_fini_array
 .text._malloc_trim_r
                0x080032e4       0xa0 c:/progra~2/gnuarm~1/102021~1.10/bin/../lib/gcc/arm-none-eabi/10.3.1/../../../../arm-none-eabi/lib/thumb/v7e-m+fp/hard\libg.a(lib_a-freer.o)
                0x080032e4                _malloc_trim_r
 .text._free_r  0x08003384      0x20c c:/progra~2/gnuarm~1/102021~1.10/bin/../lib/gcc/arm-none-eabi/10.3.1/../../../../arm-none-eabi/lib/thumb/v7e-m+fp/hard\libg.a(lib_a-freer.o)
                0x08003384                _free_r
 .text.__retarget_lock_acquire_recursive
                0x08003590        0x4 c:/progra~2/gnuarm~1/102021~1.10/bin/../lib/gcc/arm-none-eabi/10.3.1/../../../../arm-none-eabi/lib/thumb/v7e-m+fp/hard\libg.a(lib_a-lock.o)
                0x08003590                __retarget_lock_acquire_recursive
 .text.__retarget_lock_release_recursive
                0x08003594        0x4 c:/progra~2/gnuarm~1/102021~1.10/bin/../lib/gcc/arm-none-eabi/10.3.1/../../../../arm-none-eabi/lib/thumb/v7e-m+fp/hard\libg.a(lib_a-lock.o)
                0x08003594                __retarget_lock_release_recursive
 .text.__malloc_lock
                0x08003598        0xc c:/progra~2/gnuarm~1/102021~1.10/bin/../lib/gcc/arm-none-eabi/10.3.1/../../../../arm-none-eabi/lib/thumb/v7e-m+fp/hard\libg.a(lib_a-mlock.o)
                0x08003598                __malloc_lock
 .text.__malloc_unlock
                0x080035a4        0xc c:/progra~2/gnuarm~1/102021~1.10/bin/../lib/gcc/arm-none-eabi/10.3.1/../../../../arm-none-eabi/lib/thumb/v7e-m+fp/hard\libg.a(lib_a-mlock.o)
                0x080035a4                __malloc_unlock
 .text._sbrk_r  0x080035b0       0x24 c:/progra~2/gnuarm~1/102021~1.10/bin/../lib/gcc/arm-none-eabi/10.3.1/../../../../arm-none-eabi/lib/thumb/v7e-m+fp/hard\libg.a(lib_a-sbrkr.o)
                0x080035b0                _sbrk_r
 .text.__register_exitproc
                0x080035d4       0x8c c:/progra~2/gnuarm~1/102021~1.10/bin/../lib/gcc/arm-none-eabi/10.3.1/../../../../arm-none-eabi/lib/thumb/v7e-m+fp/hard\libg.a(lib_a-__atexit.o)
                0x080035d4                __register_exitproc
 *(.glue_7)
 .glue_7        0x08003660        0x0 linker stubs
 *(.glue_7t)
 .glue_7t       0x08003660        0x0 linker stubs
 *(.eh_frame)
 .eh_frame      0x08003660        0x0 c:/progra~2/gnuarm~1/102021~1.10/bin/../lib/gcc/arm-none-eabi/10.3.1/thumb/v7e-m+fp/hard/crtbegin.o
 *(.init)
 .init          0x08003660        0x4 c:/progra~2/gnuarm~1/102021~1.10/bin/../lib/gcc/arm-none-eabi/10.3.1/thumb/v7e-m+fp/hard/crti.o
                0x08003660                _init
 .init          0x08003664        0x8 c:/progra~2/gnuarm~1/102021~1.10/bin/../lib/gcc/arm-none-eabi/10.3.1/thumb/v7e-m+fp/hard/crtn.o
 *(.fini)
 .fini          0x0800366c        0x4 c:/progra~2/gnuarm~1/102021~1.10/bin/../lib/gcc/arm-none-eabi/10.3.1/thumb/v7e-m+fp/hard/crti.o
                0x0800366c                _fini
 .fini          0x08003670        0x8 c:/progra~2/gnuarm~1/102021~1.10/bin/../lib/gcc/arm-none-eabi/10.3.1/thumb/v7e-m+fp/hard/crtn.o
                0x08003678                . = ALIGN (0x4)
                0x08003678                _etext = .

.vfp11_veneer   0x08003678        0x0
 .vfp11_veneer  0x08003678        0x0 linker stubs

.v4_bx          0x08003678        0x0
 .v4_bx         0x08003678        0x0 linker stubs

.iplt           0x08003678        0x0
 .iplt          0x08003678        0x0 c:/progra~2/gnuarm~1/102021~1.10/bin/../lib/gcc/arm-none-eabi/10.3.1/thumb/v7e-m+fp/hard/crtbegin.o

.rodata         0x08003678       0x64
                0x08003678                . = ALIGN (0x4)
 *(.rodata)
 *(.rodata*)
 .rodata.str1.4
                0x08003678        0xc CMakeFiles/RM_FreeRTOS.elf.dir/Core/Src/freertos.c.obj
 .rodata.defaultTask_attributes
                0x08003684       0x24 CMakeFiles/RM_FreeRTOS.elf.dir/Core/Src/freertos.c.obj
                0x08003684                defaultTask_attributes
 .rodata.AHBPrescTable
                0x080036a8       0x10 CMakeFiles/RM_FreeRTOS.elf.dir/Core/Src/system_stm32f4xx.c.obj
                0x080036a8                AHBPrescTable
 .rodata.APBPrescTable
                0x080036b8        0x8 CMakeFiles/RM_FreeRTOS.elf.dir/Core/Src/system_stm32f4xx.c.obj
                0x080036b8                APBPrescTable
 .rodata.vTaskStartScheduler.str1.4
                0x080036c0        0x5 CMakeFiles/RM_FreeRTOS.elf.dir/Middlewares/Third_Party/FreeRTOS/Source/tasks.c.obj
 *fill*         0x080036c5        0x3 
 .rodata.prvCheckForValidListAndQueue.str1.4
                0x080036c8        0x5 CMakeFiles/RM_FreeRTOS.elf.dir/Middlewares/Third_Party/FreeRTOS/Source/timers.c.obj
 *fill*         0x080036cd        0x3 
 .rodata.xTimerCreateTimerTask.str1.4
                0x080036d0        0x8 CMakeFiles/RM_FreeRTOS.elf.dir/Middlewares/Third_Party/FreeRTOS/Source/timers.c.obj
 .rodata._global_impure_ptr
                0x080036d8        0x4 c:/progra~2/gnuarm~1/102021~1.10/bin/../lib/gcc/arm-none-eabi/10.3.1/../../../../arm-none-eabi/lib/thumb/v7e-m+fp/hard\libg.a(lib_a-impure.o)
                0x080036d8                _global_impure_ptr
                0x080036dc                . = ALIGN (0x4)

.ARM.extab      0x080036dc        0x0
                0x080036dc                . = ALIGN (0x4)
 *(.ARM.extab* .gnu.linkonce.armextab.*)
                0x080036dc                . = ALIGN (0x4)

.ARM            0x080036dc        0x8
                0x080036dc                . = ALIGN (0x4)
                0x080036dc                __exidx_start = .
 *(.ARM.exidx*)
 .ARM.exidx     0x080036dc        0x8 c:/progra~2/gnuarm~1/102021~1.10/bin/../lib/gcc/arm-none-eabi/10.3.1/thumb/v7e-m+fp/hard\libgcc.a(_udivmoddi4.o)
                0x080036e4                __exidx_end = .
                0x080036e4                . = ALIGN (0x4)

.rel.dyn        0x080036e4        0x0
 .rel.iplt      0x080036e4        0x0 c:/progra~2/gnuarm~1/102021~1.10/bin/../lib/gcc/arm-none-eabi/10.3.1/thumb/v7e-m+fp/hard/crtbegin.o

.preinit_array  0x080036e4        0x0
                0x080036e4                . = ALIGN (0x4)
                0x080036e4                PROVIDE (__preinit_array_start = .)
 *(.preinit_array*)
                0x080036e4                PROVIDE (__preinit_array_end = .)
                0x080036e4                . = ALIGN (0x4)

.init_array     0x080036e4        0x8
                0x080036e4                . = ALIGN (0x4)
                0x080036e4                PROVIDE (__init_array_start = .)
 *(SORT_BY_NAME(.init_array.*))
 .init_array.00000
                0x080036e4        0x4 c:/progra~2/gnuarm~1/102021~1.10/bin/../lib/gcc/arm-none-eabi/10.3.1/../../../../arm-none-eabi/lib/thumb/v7e-m+fp/hard\libg.a(lib_a-__call_atexit.o)
 *(.init_array*)
 .init_array    0x080036e8        0x4 c:/progra~2/gnuarm~1/102021~1.10/bin/../lib/gcc/arm-none-eabi/10.3.1/thumb/v7e-m+fp/hard/crtbegin.o
                0x080036ec                PROVIDE (__init_array_end = .)
                0x080036ec                . = ALIGN (0x4)

.fini_array     0x080036ec        0x4
                0x080036ec                . = ALIGN (0x4)
                0x080036ec                PROVIDE (__fini_array_start = .)
 *(SORT_BY_NAME(.fini_array.*))
 *(.fini_array*)
 .fini_array    0x080036ec        0x4 c:/progra~2/gnuarm~1/102021~1.10/bin/../lib/gcc/arm-none-eabi/10.3.1/thumb/v7e-m+fp/hard/crtbegin.o
                0x080036f0                PROVIDE (__fini_array_end = .)
                0x080036f0                . = ALIGN (0x4)
                0x080036f0                _sidata = LOADADDR (.data)

.data           0x20000000      0x854 load address 0x080036f0
                0x20000000                . = ALIGN (0x4)
                0x20000000                _sdata = .
 *(.data)
 *(.data*)
 .data.SystemCoreClock
                0x20000000        0x4 CMakeFiles/RM_FreeRTOS.elf.dir/Core/Src/system_stm32f4xx.c.obj
                0x20000000                SystemCoreClock
 .data.uwTickFreq
                0x20000004        0x1 CMakeFiles/RM_FreeRTOS.elf.dir/Drivers/STM32F4xx_HAL_Driver/Src/stm32f4xx_hal.c.obj
                0x20000004                uwTickFreq
 *fill*         0x20000005        0x3 
 .data.uwTickPrio
                0x20000008        0x4 CMakeFiles/RM_FreeRTOS.elf.dir/Drivers/STM32F4xx_HAL_Driver/Src/stm32f4xx_hal.c.obj
                0x20000008                uwTickPrio
 .data.uxCriticalNesting
                0x2000000c        0x4 CMakeFiles/RM_FreeRTOS.elf.dir/Middlewares/Third_Party/FreeRTOS/Source/portable/GCC/ARM_CM4F/port.c.obj
 .data._impure_ptr
                0x20000010        0x4 c:/progra~2/gnuarm~1/102021~1.10/bin/../lib/gcc/arm-none-eabi/10.3.1/../../../../arm-none-eabi/lib/thumb/v7e-m+fp/hard\libg.a(lib_a-impure.o)
                0x20000010                _impure_ptr
 *fill*         0x20000014        0x4 
 .data.impure_data
                0x20000018      0x428 c:/progra~2/gnuarm~1/102021~1.10/bin/../lib/gcc/arm-none-eabi/10.3.1/../../../../arm-none-eabi/lib/thumb/v7e-m+fp/hard\libg.a(lib_a-impure.o)
 .data.__atexit_recursive_mutex
                0x20000440        0x4 c:/progra~2/gnuarm~1/102021~1.10/bin/../lib/gcc/arm-none-eabi/10.3.1/../../../../arm-none-eabi/lib/thumb/v7e-m+fp/hard\libg.a(lib_a-__call_atexit.o)
                0x20000440                __atexit_recursive_mutex
 .data.__malloc_av_
                0x20000444      0x408 c:/progra~2/gnuarm~1/102021~1.10/bin/../lib/gcc/arm-none-eabi/10.3.1/../../../../arm-none-eabi/lib/thumb/v7e-m+fp/hard\libg.a(lib_a-mallocr.o)
                0x20000444                __malloc_av_
 .data.__malloc_sbrk_base
                0x2000084c        0x4 c:/progra~2/gnuarm~1/102021~1.10/bin/../lib/gcc/arm-none-eabi/10.3.1/../../../../arm-none-eabi/lib/thumb/v7e-m+fp/hard\libg.a(lib_a-mallocr.o)
                0x2000084c                __malloc_sbrk_base
 .data.__malloc_trim_threshold
                0x20000850        0x4 c:/progra~2/gnuarm~1/102021~1.10/bin/../lib/gcc/arm-none-eabi/10.3.1/../../../../arm-none-eabi/lib/thumb/v7e-m+fp/hard\libg.a(lib_a-mallocr.o)
                0x20000850                __malloc_trim_threshold
 *(.RamFunc)
 *(.RamFunc*)
                0x20000854                . = ALIGN (0x4)
                0x20000854                _edata = .
                0x08003f44                _siccmram = LOADADDR (.ccmram)

.igot.plt       0x20000854        0x0 load address 0x08003f44
 .igot.plt      0x20000854        0x0 c:/progra~2/gnuarm~1/102021~1.10/bin/../lib/gcc/arm-none-eabi/10.3.1/thumb/v7e-m+fp/hard/crtbegin.o

.ccmram         0x10000000        0x0 load address 0x08003f44
                0x10000000                . = ALIGN (0x4)
                0x10000000                _sccmram = .
 *(.ccmram)
 *(.ccmram*)
                0x10000000                . = ALIGN (0x4)
                0x10000000                _eccmram = .
                0x10000000                . = ALIGN (0x4)

.bss            0x20000858     0x5254
                0x20000858                _sbss = .
                0x20000858                __bss_start__ = _sbss
 *(.bss)
 .bss           0x20000858       0x1c c:/progra~2/gnuarm~1/102021~1.10/bin/../lib/gcc/arm-none-eabi/10.3.1/thumb/v7e-m+fp/hard/crtbegin.o
 *(.bss*)
 .bss.defaultTaskHandle
                0x20000874        0x4 CMakeFiles/RM_FreeRTOS.elf.dir/Core/Src/freertos.c.obj
                0x20000874                defaultTaskHandle
 .bss.htim7     0x20000878       0x48 CMakeFiles/RM_FreeRTOS.elf.dir/Core/Src/stm32f4xx_hal_timebase_tim.c.obj
                0x20000878                htim7
 .bss.__sbrk_heap_end
                0x200008c0        0x4 CMakeFiles/RM_FreeRTOS.elf.dir/Core/Src/sysmem.c.obj
 .bss.uwTick    0x200008c4        0x4 CMakeFiles/RM_FreeRTOS.elf.dir/Drivers/STM32F4xx_HAL_Driver/Src/stm32f4xx_hal.c.obj
                0x200008c4                uwTick
 .bss.Idle_Stack.2
                0x200008c8      0x200 CMakeFiles/RM_FreeRTOS.elf.dir/Middlewares/Third_Party/FreeRTOS/Source/CMSIS_RTOS_V2/cmsis_os2.c.obj
 .bss.Idle_TCB.3
                0x20000ac8      0x488 CMakeFiles/RM_FreeRTOS.elf.dir/Middlewares/Third_Party/FreeRTOS/Source/CMSIS_RTOS_V2/cmsis_os2.c.obj
 .bss.KernelState
                0x20000f50        0x4 CMakeFiles/RM_FreeRTOS.elf.dir/Middlewares/Third_Party/FreeRTOS/Source/CMSIS_RTOS_V2/cmsis_os2.c.obj
 .bss.Timer_Stack.0
                0x20000f54      0x400 CMakeFiles/RM_FreeRTOS.elf.dir/Middlewares/Third_Party/FreeRTOS/Source/CMSIS_RTOS_V2/cmsis_os2.c.obj
 *fill*         0x20001354        0x4 
 .bss.Timer_TCB.1
                0x20001358      0x488 CMakeFiles/RM_FreeRTOS.elf.dir/Middlewares/Third_Party/FreeRTOS/Source/CMSIS_RTOS_V2/cmsis_os2.c.obj
 .bss.ucMaxSysCallPriority
                0x200017e0        0x1 CMakeFiles/RM_FreeRTOS.elf.dir/Middlewares/Third_Party/FreeRTOS/Source/portable/GCC/ARM_CM4F/port.c.obj
 *fill*         0x200017e1        0x3 
 .bss.ulMaxPRIGROUPValue
                0x200017e4        0x4 CMakeFiles/RM_FreeRTOS.elf.dir/Middlewares/Third_Party/FreeRTOS/Source/portable/GCC/ARM_CM4F/port.c.obj
 .bss.pxEnd     0x200017e8        0x4 CMakeFiles/RM_FreeRTOS.elf.dir/Middlewares/Third_Party/FreeRTOS/Source/portable/MemMang/heap_4.c.obj
 .bss.ucHeap    0x200017ec     0x3c00 CMakeFiles/RM_FreeRTOS.elf.dir/Middlewares/Third_Party/FreeRTOS/Source/portable/MemMang/heap_4.c.obj
 .bss.xBlockAllocatedBit
                0x200053ec        0x4 CMakeFiles/RM_FreeRTOS.elf.dir/Middlewares/Third_Party/FreeRTOS/Source/portable/MemMang/heap_4.c.obj
 .bss.xFreeBytesRemaining
                0x200053f0        0x4 CMakeFiles/RM_FreeRTOS.elf.dir/Middlewares/Third_Party/FreeRTOS/Source/portable/MemMang/heap_4.c.obj
 .bss.xMinimumEverFreeBytesRemaining
                0x200053f4        0x4 CMakeFiles/RM_FreeRTOS.elf.dir/Middlewares/Third_Party/FreeRTOS/Source/portable/MemMang/heap_4.c.obj
 .bss.xNumberOfSuccessfulAllocations
                0x200053f8        0x4 CMakeFiles/RM_FreeRTOS.elf.dir/Middlewares/Third_Party/FreeRTOS/Source/portable/MemMang/heap_4.c.obj
 .bss.xNumberOfSuccessfulFrees
                0x200053fc        0x4 CMakeFiles/RM_FreeRTOS.elf.dir/Middlewares/Third_Party/FreeRTOS/Source/portable/MemMang/heap_4.c.obj
 .bss.xStart    0x20005400        0x8 CMakeFiles/RM_FreeRTOS.elf.dir/Middlewares/Third_Party/FreeRTOS/Source/portable/MemMang/heap_4.c.obj
 .bss.xQueueRegistry
                0x20005408       0x40 CMakeFiles/RM_FreeRTOS.elf.dir/Middlewares/Third_Party/FreeRTOS/Source/queue.c.obj
                0x20005408                xQueueRegistry
 .bss.pxCurrentTCB
                0x20005448        0x4 CMakeFiles/RM_FreeRTOS.elf.dir/Middlewares/Third_Party/FreeRTOS/Source/tasks.c.obj
                0x20005448                pxCurrentTCB
 .bss.pxDelayedTaskList
                0x2000544c        0x4 CMakeFiles/RM_FreeRTOS.elf.dir/Middlewares/Third_Party/FreeRTOS/Source/tasks.c.obj
 .bss.pxOverflowDelayedTaskList
                0x20005450        0x4 CMakeFiles/RM_FreeRTOS.elf.dir/Middlewares/Third_Party/FreeRTOS/Source/tasks.c.obj
 .bss.pxReadyTasksLists
                0x20005454      0x460 CMakeFiles/RM_FreeRTOS.elf.dir/Middlewares/Third_Party/FreeRTOS/Source/tasks.c.obj
 .bss.uxCurrentNumberOfTasks
                0x200058b4        0x4 CMakeFiles/RM_FreeRTOS.elf.dir/Middlewares/Third_Party/FreeRTOS/Source/tasks.c.obj
 .bss.uxDeletedTasksWaitingCleanUp
                0x200058b8        0x4 CMakeFiles/RM_FreeRTOS.elf.dir/Middlewares/Third_Party/FreeRTOS/Source/tasks.c.obj
 .bss.uxSchedulerSuspended
                0x200058bc        0x4 CMakeFiles/RM_FreeRTOS.elf.dir/Middlewares/Third_Party/FreeRTOS/Source/tasks.c.obj
 .bss.uxTaskNumber
                0x200058c0        0x4 CMakeFiles/RM_FreeRTOS.elf.dir/Middlewares/Third_Party/FreeRTOS/Source/tasks.c.obj
 .bss.uxTopReadyPriority
                0x200058c4        0x4 CMakeFiles/RM_FreeRTOS.elf.dir/Middlewares/Third_Party/FreeRTOS/Source/tasks.c.obj
 .bss.xDelayedTaskList1
                0x200058c8       0x14 CMakeFiles/RM_FreeRTOS.elf.dir/Middlewares/Third_Party/FreeRTOS/Source/tasks.c.obj
 .bss.xDelayedTaskList2
                0x200058dc       0x14 CMakeFiles/RM_FreeRTOS.elf.dir/Middlewares/Third_Party/FreeRTOS/Source/tasks.c.obj
 .bss.xIdleTaskHandle
                0x200058f0        0x4 CMakeFiles/RM_FreeRTOS.elf.dir/Middlewares/Third_Party/FreeRTOS/Source/tasks.c.obj
 .bss.xNextTaskUnblockTime
                0x200058f4        0x4 CMakeFiles/RM_FreeRTOS.elf.dir/Middlewares/Third_Party/FreeRTOS/Source/tasks.c.obj
 .bss.xNumOfOverflows
                0x200058f8        0x4 CMakeFiles/RM_FreeRTOS.elf.dir/Middlewares/Third_Party/FreeRTOS/Source/tasks.c.obj
 .bss.xPendedTicks
                0x200058fc        0x4 CMakeFiles/RM_FreeRTOS.elf.dir/Middlewares/Third_Party/FreeRTOS/Source/tasks.c.obj
 .bss.xPendingReadyList
                0x20005900       0x14 CMakeFiles/RM_FreeRTOS.elf.dir/Middlewares/Third_Party/FreeRTOS/Source/tasks.c.obj
 .bss.xSchedulerRunning
                0x20005914        0x4 CMakeFiles/RM_FreeRTOS.elf.dir/Middlewares/Third_Party/FreeRTOS/Source/tasks.c.obj
 .bss.xSuspendedTaskList
                0x20005918       0x14 CMakeFiles/RM_FreeRTOS.elf.dir/Middlewares/Third_Party/FreeRTOS/Source/tasks.c.obj
 .bss.xTasksWaitingTermination
                0x2000592c       0x14 CMakeFiles/RM_FreeRTOS.elf.dir/Middlewares/Third_Party/FreeRTOS/Source/tasks.c.obj
 .bss.xTickCount
                0x20005940        0x4 CMakeFiles/RM_FreeRTOS.elf.dir/Middlewares/Third_Party/FreeRTOS/Source/tasks.c.obj
 .bss.xYieldPending
                0x20005944        0x4 CMakeFiles/RM_FreeRTOS.elf.dir/Middlewares/Third_Party/FreeRTOS/Source/tasks.c.obj
 .bss.pxCurrentTimerList
                0x20005948        0x4 CMakeFiles/RM_FreeRTOS.elf.dir/Middlewares/Third_Party/FreeRTOS/Source/timers.c.obj
 .bss.pxOverflowTimerList
                0x2000594c        0x4 CMakeFiles/RM_FreeRTOS.elf.dir/Middlewares/Third_Party/FreeRTOS/Source/timers.c.obj
 .bss.ucStaticTimerQueueStorage.1
                0x20005950       0xa0 CMakeFiles/RM_FreeRTOS.elf.dir/Middlewares/Third_Party/FreeRTOS/Source/timers.c.obj
 .bss.xActiveTimerList1
                0x200059f0       0x14 CMakeFiles/RM_FreeRTOS.elf.dir/Middlewares/Third_Party/FreeRTOS/Source/timers.c.obj
 .bss.xActiveTimerList2
                0x20005a04       0x14 CMakeFiles/RM_FreeRTOS.elf.dir/Middlewares/Third_Party/FreeRTOS/Source/timers.c.obj
 .bss.xLastTime.2
                0x20005a18        0x4 CMakeFiles/RM_FreeRTOS.elf.dir/Middlewares/Third_Party/FreeRTOS/Source/timers.c.obj
 .bss.xStaticTimerQueue.0
                0x20005a1c       0x50 CMakeFiles/RM_FreeRTOS.elf.dir/Middlewares/Third_Party/FreeRTOS/Source/timers.c.obj
 .bss.xTimerQueue
                0x20005a6c        0x4 CMakeFiles/RM_FreeRTOS.elf.dir/Middlewares/Third_Party/FreeRTOS/Source/timers.c.obj
 .bss.xTimerTaskHandle
                0x20005a70        0x4 CMakeFiles/RM_FreeRTOS.elf.dir/Middlewares/Third_Party/FreeRTOS/Source/timers.c.obj
 .bss.errno     0x20005a74        0x4 c:/progra~2/gnuarm~1/102021~1.10/bin/../lib/gcc/arm-none-eabi/10.3.1/../../../../arm-none-eabi/lib/thumb/v7e-m+fp/hard\libg.a(lib_a-reent.o)
                0x20005a74                errno
 .bss.__lock___atexit_recursive_mutex
                0x20005a78        0x1 c:/progra~2/gnuarm~1/102021~1.10/bin/../lib/gcc/arm-none-eabi/10.3.1/../../../../arm-none-eabi/lib/thumb/v7e-m+fp/hard\libg.a(lib_a-lock.o)
                0x20005a78                __lock___atexit_recursive_mutex
 *fill*         0x20005a79        0x3 
 .bss.__lock___malloc_recursive_mutex
                0x20005a7c        0x1 c:/progra~2/gnuarm~1/102021~1.10/bin/../lib/gcc/arm-none-eabi/10.3.1/../../../../arm-none-eabi/lib/thumb/v7e-m+fp/hard\libg.a(lib_a-lock.o)
                0x20005a7c                __lock___malloc_recursive_mutex
 *fill*         0x20005a7d        0x3 
 .bss.__malloc_current_mallinfo
                0x20005a80       0x28 c:/progra~2/gnuarm~1/102021~1.10/bin/../lib/gcc/arm-none-eabi/10.3.1/../../../../arm-none-eabi/lib/thumb/v7e-m+fp/hard\libg.a(lib_a-mallocr.o)
                0x20005a80                __malloc_current_mallinfo
 .bss.__malloc_top_pad
                0x20005aa8        0x4 c:/progra~2/gnuarm~1/102021~1.10/bin/../lib/gcc/arm-none-eabi/10.3.1/../../../../arm-none-eabi/lib/thumb/v7e-m+fp/hard\libg.a(lib_a-mallocr.o)
                0x20005aa8                __malloc_top_pad
 *(COMMON)
                0x20005aac                . = ALIGN (0x4)
                0x20005aac                _ebss = .
                0x20005aac                __bss_end__ = _ebss

._user_heap_stack
                0x20005aac      0x604
                0x20005ab0                . = ALIGN (0x8)
 *fill*         0x20005aac        0x4 
                [!provide]                PROVIDE (end = .)
                0x20005ab0                PROVIDE (_end = .)
                0x20005cb0                . = (. + _Min_Heap_Size)
 *fill*         0x20005ab0      0x200 
                0x200060b0                . = (. + _Min_Stack_Size)
 *fill*         0x20005cb0      0x400 
                0x200060b0                . = ALIGN (0x8)

/DISCARD/
 libc.a(*)
 libm.a(*)
 libgcc.a(*)

.ARM.attributes
                0x00000000       0x30
 *(.ARM.attributes)
 .ARM.attributes
                0x00000000       0x1e c:/progra~2/gnuarm~1/102021~1.10/bin/../lib/gcc/arm-none-eabi/10.3.1/thumb/v7e-m+fp/hard/crti.o
 .ARM.attributes
                0x0000001e       0x34 c:/progra~2/gnuarm~1/102021~1.10/bin/../lib/gcc/arm-none-eabi/10.3.1/thumb/v7e-m+fp/hard/crtbegin.o
 .ARM.attributes
                0x00000052       0x34 CMakeFiles/RM_FreeRTOS.elf.dir/Core/Src/freertos.c.obj
 .ARM.attributes
                0x00000086       0x34 CMakeFiles/RM_FreeRTOS.elf.dir/Core/Src/gpio.c.obj
 .ARM.attributes
                0x000000ba       0x34 CMakeFiles/RM_FreeRTOS.elf.dir/Core/Src/main.c.obj
 .ARM.attributes
                0x000000ee       0x34 CMakeFiles/RM_FreeRTOS.elf.dir/Core/Src/stm32f4xx_hal_msp.c.obj
 .ARM.attributes
                0x00000122       0x34 CMakeFiles/RM_FreeRTOS.elf.dir/Core/Src/stm32f4xx_hal_timebase_tim.c.obj
 .ARM.attributes
                0x00000156       0x34 CMakeFiles/RM_FreeRTOS.elf.dir/Core/Src/stm32f4xx_it.c.obj
 .ARM.attributes
                0x0000018a       0x34 CMakeFiles/RM_FreeRTOS.elf.dir/Core/Src/sysmem.c.obj
 .ARM.attributes
                0x000001be       0x34 CMakeFiles/RM_FreeRTOS.elf.dir/Core/Src/system_stm32f4xx.c.obj
 .ARM.attributes
                0x000001f2       0x21 CMakeFiles/RM_FreeRTOS.elf.dir/Core/Startup/startup_stm32f407ighx.s.obj
 .ARM.attributes
                0x00000213       0x34 CMakeFiles/RM_FreeRTOS.elf.dir/Drivers/STM32F4xx_HAL_Driver/Src/stm32f4xx_hal.c.obj
 .ARM.attributes
                0x00000247       0x34 CMakeFiles/RM_FreeRTOS.elf.dir/Drivers/STM32F4xx_HAL_Driver/Src/stm32f4xx_hal_cortex.c.obj
 .ARM.attributes
                0x0000027b       0x34 CMakeFiles/RM_FreeRTOS.elf.dir/Drivers/STM32F4xx_HAL_Driver/Src/stm32f4xx_hal_rcc.c.obj
 .ARM.attributes
                0x000002af       0x34 CMakeFiles/RM_FreeRTOS.elf.dir/Drivers/STM32F4xx_HAL_Driver/Src/stm32f4xx_hal_tim.c.obj
 .ARM.attributes
                0x000002e3       0x34 CMakeFiles/RM_FreeRTOS.elf.dir/Drivers/STM32F4xx_HAL_Driver/Src/stm32f4xx_hal_tim_ex.c.obj
 .ARM.attributes
                0x00000317       0x34 CMakeFiles/RM_FreeRTOS.elf.dir/Middlewares/Third_Party/FreeRTOS/Source/CMSIS_RTOS_V2/cmsis_os2.c.obj
 .ARM.attributes
                0x0000034b       0x34 CMakeFiles/RM_FreeRTOS.elf.dir/Middlewares/Third_Party/FreeRTOS/Source/list.c.obj
 .ARM.attributes
                0x0000037f       0x34 CMakeFiles/RM_FreeRTOS.elf.dir/Middlewares/Third_Party/FreeRTOS/Source/portable/GCC/ARM_CM4F/port.c.obj
 .ARM.attributes
                0x000003b3       0x34 CMakeFiles/RM_FreeRTOS.elf.dir/Middlewares/Third_Party/FreeRTOS/Source/portable/MemMang/heap_4.c.obj
 .ARM.attributes
                0x000003e7       0x34 CMakeFiles/RM_FreeRTOS.elf.dir/Middlewares/Third_Party/FreeRTOS/Source/queue.c.obj
 .ARM.attributes
                0x0000041b       0x34 CMakeFiles/RM_FreeRTOS.elf.dir/Middlewares/Third_Party/FreeRTOS/Source/tasks.c.obj
 .ARM.attributes
                0x0000044f       0x34 CMakeFiles/RM_FreeRTOS.elf.dir/Middlewares/Third_Party/FreeRTOS/Source/timers.c.obj
 .ARM.attributes
                0x00000483       0x1e c:/progra~2/gnuarm~1/102021~1.10/bin/../lib/gcc/arm-none-eabi/10.3.1/thumb/v7e-m+fp/hard\libgcc.a(_aeabi_uldivmod.o)
 .ARM.attributes
                0x000004a1       0x34 c:/progra~2/gnuarm~1/102021~1.10/bin/../lib/gcc/arm-none-eabi/10.3.1/thumb/v7e-m+fp/hard\libgcc.a(_udivmoddi4.o)
 .ARM.attributes
                0x000004d5       0x1e c:/progra~2/gnuarm~1/102021~1.10/bin/../lib/gcc/arm-none-eabi/10.3.1/thumb/v7e-m+fp/hard\libgcc.a(_dvmd_tls.o)
 .ARM.attributes
                0x000004f3       0x34 c:/progra~2/gnuarm~1/102021~1.10/bin/../lib/gcc/arm-none-eabi/10.3.1/../../../../arm-none-eabi/lib/thumb/v7e-m+fp/hard\libg.a(lib_a-errno.o)
 .ARM.attributes
                0x00000527       0x34 c:/progra~2/gnuarm~1/102021~1.10/bin/../lib/gcc/arm-none-eabi/10.3.1/../../../../arm-none-eabi/lib/thumb/v7e-m+fp/hard\libg.a(lib_a-impure.o)
 .ARM.attributes
                0x0000055b       0x34 c:/progra~2/gnuarm~1/102021~1.10/bin/../lib/gcc/arm-none-eabi/10.3.1/../../../../arm-none-eabi/lib/thumb/v7e-m+fp/hard\libg.a(lib_a-init.o)
 .ARM.attributes
                0x0000058f       0x1c c:/progra~2/gnuarm~1/102021~1.10/bin/../lib/gcc/arm-none-eabi/10.3.1/../../../../arm-none-eabi/lib/thumb/v7e-m+fp/hard\libg.a(lib_a-memcpy.o)
 .ARM.attributes
                0x000005ab       0x34 c:/progra~2/gnuarm~1/102021~1.10/bin/../lib/gcc/arm-none-eabi/10.3.1/../../../../arm-none-eabi/lib/thumb/v7e-m+fp/hard\libg.a(lib_a-memset.o)
 .ARM.attributes
                0x000005df       0x34 c:/progra~2/gnuarm~1/102021~1.10/bin/../lib/gcc/arm-none-eabi/10.3.1/../../../../arm-none-eabi/lib/thumb/v7e-m+fp/hard\libg.a(lib_a-reent.o)
 .ARM.attributes
                0x00000613       0x34 c:/progra~2/gnuarm~1/102021~1.10/bin/../lib/gcc/arm-none-eabi/10.3.1/../../../../arm-none-eabi/lib/thumb/v7e-m+fp/hard\libg.a(lib_a-__call_atexit.o)
 .ARM.attributes
                0x00000647       0x34 c:/progra~2/gnuarm~1/102021~1.10/bin/../lib/gcc/arm-none-eabi/10.3.1/../../../../arm-none-eabi/lib/thumb/v7e-m+fp/hard\libg.a(lib_a-atexit.o)
 .ARM.attributes
                0x0000067b       0x34 c:/progra~2/gnuarm~1/102021~1.10/bin/../lib/gcc/arm-none-eabi/10.3.1/../../../../arm-none-eabi/lib/thumb/v7e-m+fp/hard\libg.a(lib_a-fini.o)
 .ARM.attributes
                0x000006af       0x34 c:/progra~2/gnuarm~1/102021~1.10/bin/../lib/gcc/arm-none-eabi/10.3.1/../../../../arm-none-eabi/lib/thumb/v7e-m+fp/hard\libg.a(lib_a-freer.o)
 .ARM.attributes
                0x000006e3       0x34 c:/progra~2/gnuarm~1/102021~1.10/bin/../lib/gcc/arm-none-eabi/10.3.1/../../../../arm-none-eabi/lib/thumb/v7e-m+fp/hard\libg.a(lib_a-lock.o)
 .ARM.attributes
                0x00000717       0x34 c:/progra~2/gnuarm~1/102021~1.10/bin/../lib/gcc/arm-none-eabi/10.3.1/../../../../arm-none-eabi/lib/thumb/v7e-m+fp/hard\libg.a(lib_a-mallocr.o)
 .ARM.attributes
                0x0000074b       0x34 c:/progra~2/gnuarm~1/102021~1.10/bin/../lib/gcc/arm-none-eabi/10.3.1/../../../../arm-none-eabi/lib/thumb/v7e-m+fp/hard\libg.a(lib_a-mlock.o)
 .ARM.attributes
                0x0000077f       0x34 c:/progra~2/gnuarm~1/102021~1.10/bin/../lib/gcc/arm-none-eabi/10.3.1/../../../../arm-none-eabi/lib/thumb/v7e-m+fp/hard\libg.a(lib_a-sbrkr.o)
 .ARM.attributes
                0x000007b3       0x34 c:/progra~2/gnuarm~1/102021~1.10/bin/../lib/gcc/arm-none-eabi/10.3.1/../../../../arm-none-eabi/lib/thumb/v7e-m+fp/hard\libg.a(lib_a-__atexit.o)
 .ARM.attributes
                0x000007e7       0x1e c:/progra~2/gnuarm~1/102021~1.10/bin/../lib/gcc/arm-none-eabi/10.3.1/thumb/v7e-m+fp/hard/crtn.o
OUTPUT(RM_FreeRTOS.elf elf32-littlearm)
LOAD linker stubs
LOAD c:/progra~2/gnuarm~1/102021~1.10/bin/../lib/gcc/arm-none-eabi/10.3.1/../../../../arm-none-eabi/lib/thumb/v7e-m+fp/hard\libc.a
LOAD c:/progra~2/gnuarm~1/102021~1.10/bin/../lib/gcc/arm-none-eabi/10.3.1/../../../../arm-none-eabi/lib/thumb/v7e-m+fp/hard\libm.a
LOAD c:/progra~2/gnuarm~1/102021~1.10/bin/../lib/gcc/arm-none-eabi/10.3.1/thumb/v7e-m+fp/hard\libgcc.a

.debug_info     0x00000000    0x1974e
 .debug_info    0x00000000      0x353 CMakeFiles/RM_FreeRTOS.elf.dir/Core/Src/freertos.c.obj
 .debug_info    0x00000353      0x2a4 CMakeFiles/RM_FreeRTOS.elf.dir/Core/Src/gpio.c.obj
 .debug_info    0x000005f7      0xbc2 CMakeFiles/RM_FreeRTOS.elf.dir/Core/Src/main.c.obj
 .debug_info    0x000011b9      0x4f8 CMakeFiles/RM_FreeRTOS.elf.dir/Core/Src/stm32f4xx_hal_msp.c.obj
 .debug_info    0x000016b1      0xc9e CMakeFiles/RM_FreeRTOS.elf.dir/Core/Src/stm32f4xx_hal_timebase_tim.c.obj
 .debug_info    0x0000234f      0x6f6 CMakeFiles/RM_FreeRTOS.elf.dir/Core/Src/stm32f4xx_it.c.obj
 .debug_info    0x00002a45      0x174 CMakeFiles/RM_FreeRTOS.elf.dir/Core/Src/sysmem.c.obj
 .debug_info    0x00002bb9      0x538 CMakeFiles/RM_FreeRTOS.elf.dir/Core/Src/system_stm32f4xx.c.obj
 .debug_info    0x000030f1       0x22 CMakeFiles/RM_FreeRTOS.elf.dir/Core/Startup/startup_stm32f407ighx.s.obj
 .debug_info    0x00003113      0x9f0 CMakeFiles/RM_FreeRTOS.elf.dir/Drivers/STM32F4xx_HAL_Driver/Src/stm32f4xx_hal.c.obj
 .debug_info    0x00003b03     0x10de CMakeFiles/RM_FreeRTOS.elf.dir/Drivers/STM32F4xx_HAL_Driver/Src/stm32f4xx_hal_cortex.c.obj
 .debug_info    0x00004be1      0xb03 CMakeFiles/RM_FreeRTOS.elf.dir/Drivers/STM32F4xx_HAL_Driver/Src/stm32f4xx_hal_rcc.c.obj
 .debug_info    0x000056e4     0x3dc6 CMakeFiles/RM_FreeRTOS.elf.dir/Drivers/STM32F4xx_HAL_Driver/Src/stm32f4xx_hal_tim.c.obj
 .debug_info    0x000094aa     0x1b03 CMakeFiles/RM_FreeRTOS.elf.dir/Drivers/STM32F4xx_HAL_Driver/Src/stm32f4xx_hal_tim_ex.c.obj
 .debug_info    0x0000afad     0x5379 CMakeFiles/RM_FreeRTOS.elf.dir/Middlewares/Third_Party/FreeRTOS/Source/CMSIS_RTOS_V2/cmsis_os2.c.obj
 .debug_info    0x00010326      0x2e0 CMakeFiles/RM_FreeRTOS.elf.dir/Middlewares/Third_Party/FreeRTOS/Source/list.c.obj
 .debug_info    0x00010606      0x587 CMakeFiles/RM_FreeRTOS.elf.dir/Middlewares/Third_Party/FreeRTOS/Source/portable/GCC/ARM_CM4F/port.c.obj
 .debug_info    0x00010b8d      0x5d9 CMakeFiles/RM_FreeRTOS.elf.dir/Middlewares/Third_Party/FreeRTOS/Source/portable/MemMang/heap_4.c.obj
 .debug_info    0x00011166     0x2826 CMakeFiles/RM_FreeRTOS.elf.dir/Middlewares/Third_Party/FreeRTOS/Source/queue.c.obj
 .debug_info    0x0001398c     0x3a88 CMakeFiles/RM_FreeRTOS.elf.dir/Middlewares/Third_Party/FreeRTOS/Source/tasks.c.obj
 .debug_info    0x00017414     0x233a CMakeFiles/RM_FreeRTOS.elf.dir/Middlewares/Third_Party/FreeRTOS/Source/timers.c.obj

.debug_abbrev   0x00000000     0x2d4d
 .debug_abbrev  0x00000000      0x10b CMakeFiles/RM_FreeRTOS.elf.dir/Core/Src/freertos.c.obj
 .debug_abbrev  0x0000010b       0xd1 CMakeFiles/RM_FreeRTOS.elf.dir/Core/Src/gpio.c.obj
 .debug_abbrev  0x000001dc      0x20f CMakeFiles/RM_FreeRTOS.elf.dir/Core/Src/main.c.obj
 .debug_abbrev  0x000003eb      0x119 CMakeFiles/RM_FreeRTOS.elf.dir/Core/Src/stm32f4xx_hal_msp.c.obj
 .debug_abbrev  0x00000504      0x1ff CMakeFiles/RM_FreeRTOS.elf.dir/Core/Src/stm32f4xx_hal_timebase_tim.c.obj
 .debug_abbrev  0x00000703      0x179 CMakeFiles/RM_FreeRTOS.elf.dir/Core/Src/stm32f4xx_it.c.obj
 .debug_abbrev  0x0000087c       0xe7 CMakeFiles/RM_FreeRTOS.elf.dir/Core/Src/sysmem.c.obj
 .debug_abbrev  0x00000963      0x119 CMakeFiles/RM_FreeRTOS.elf.dir/Core/Src/system_stm32f4xx.c.obj
 .debug_abbrev  0x00000a7c       0x12 CMakeFiles/RM_FreeRTOS.elf.dir/Core/Startup/startup_stm32f407ighx.s.obj
 .debug_abbrev  0x00000a8e      0x206 CMakeFiles/RM_FreeRTOS.elf.dir/Drivers/STM32F4xx_HAL_Driver/Src/stm32f4xx_hal.c.obj
 .debug_abbrev  0x00000c94      0x361 CMakeFiles/RM_FreeRTOS.elf.dir/Drivers/STM32F4xx_HAL_Driver/Src/stm32f4xx_hal_cortex.c.obj
 .debug_abbrev  0x00000ff5      0x28a CMakeFiles/RM_FreeRTOS.elf.dir/Drivers/STM32F4xx_HAL_Driver/Src/stm32f4xx_hal_rcc.c.obj
 .debug_abbrev  0x0000127f      0x232 CMakeFiles/RM_FreeRTOS.elf.dir/Drivers/STM32F4xx_HAL_Driver/Src/stm32f4xx_hal_tim.c.obj
 .debug_abbrev  0x000014b1      0x248 CMakeFiles/RM_FreeRTOS.elf.dir/Drivers/STM32F4xx_HAL_Driver/Src/stm32f4xx_hal_tim_ex.c.obj
 .debug_abbrev  0x000016f9      0x5ae CMakeFiles/RM_FreeRTOS.elf.dir/Middlewares/Third_Party/FreeRTOS/Source/CMSIS_RTOS_V2/cmsis_os2.c.obj
 .debug_abbrev  0x00001ca7      0x106 CMakeFiles/RM_FreeRTOS.elf.dir/Middlewares/Third_Party/FreeRTOS/Source/list.c.obj
 .debug_abbrev  0x00001dad      0x26b CMakeFiles/RM_FreeRTOS.elf.dir/Middlewares/Third_Party/FreeRTOS/Source/portable/GCC/ARM_CM4F/port.c.obj
 .debug_abbrev  0x00002018      0x24b CMakeFiles/RM_FreeRTOS.elf.dir/Middlewares/Third_Party/FreeRTOS/Source/portable/MemMang/heap_4.c.obj
 .debug_abbrev  0x00002263      0x369 CMakeFiles/RM_FreeRTOS.elf.dir/Middlewares/Third_Party/FreeRTOS/Source/queue.c.obj
 .debug_abbrev  0x000025cc      0x401 CMakeFiles/RM_FreeRTOS.elf.dir/Middlewares/Third_Party/FreeRTOS/Source/tasks.c.obj
 .debug_abbrev  0x000029cd      0x380 CMakeFiles/RM_FreeRTOS.elf.dir/Middlewares/Third_Party/FreeRTOS/Source/timers.c.obj

.debug_loc      0x00000000    0x1285c
 .debug_loc     0x00000000       0x25 CMakeFiles/RM_FreeRTOS.elf.dir/Core/Src/freertos.c.obj
 .debug_loc     0x00000025       0x42 CMakeFiles/RM_FreeRTOS.elf.dir/Core/Src/main.c.obj
 .debug_loc     0x00000067       0xf2 CMakeFiles/RM_FreeRTOS.elf.dir/Core/Src/stm32f4xx_hal_timebase_tim.c.obj
 .debug_loc     0x00000159       0x64 CMakeFiles/RM_FreeRTOS.elf.dir/Core/Src/sysmem.c.obj
 .debug_loc     0x000001bd      0x158 CMakeFiles/RM_FreeRTOS.elf.dir/Core/Src/system_stm32f4xx.c.obj
 .debug_loc     0x00000315      0x141 CMakeFiles/RM_FreeRTOS.elf.dir/Drivers/STM32F4xx_HAL_Driver/Src/stm32f4xx_hal.c.obj
 .debug_loc     0x00000456      0x744 CMakeFiles/RM_FreeRTOS.elf.dir/Drivers/STM32F4xx_HAL_Driver/Src/stm32f4xx_hal_cortex.c.obj
 .debug_loc     0x00000b9a      0x58c CMakeFiles/RM_FreeRTOS.elf.dir/Drivers/STM32F4xx_HAL_Driver/Src/stm32f4xx_hal_rcc.c.obj
 .debug_loc     0x00001126     0x50ad CMakeFiles/RM_FreeRTOS.elf.dir/Drivers/STM32F4xx_HAL_Driver/Src/stm32f4xx_hal_tim.c.obj
 .debug_loc     0x000061d3     0x1cca CMakeFiles/RM_FreeRTOS.elf.dir/Drivers/STM32F4xx_HAL_Driver/Src/stm32f4xx_hal_tim_ex.c.obj
 .debug_loc     0x00007e9d     0x5184 CMakeFiles/RM_FreeRTOS.elf.dir/Middlewares/Third_Party/FreeRTOS/Source/CMSIS_RTOS_V2/cmsis_os2.c.obj
 .debug_loc     0x0000d021       0xad CMakeFiles/RM_FreeRTOS.elf.dir/Middlewares/Third_Party/FreeRTOS/Source/list.c.obj
 .debug_loc     0x0000d0ce      0x124 CMakeFiles/RM_FreeRTOS.elf.dir/Middlewares/Third_Party/FreeRTOS/Source/portable/GCC/ARM_CM4F/port.c.obj
 .debug_loc     0x0000d1f2      0x434 CMakeFiles/RM_FreeRTOS.elf.dir/Middlewares/Third_Party/FreeRTOS/Source/portable/MemMang/heap_4.c.obj
 .debug_loc     0x0000d626     0x1ae8 CMakeFiles/RM_FreeRTOS.elf.dir/Middlewares/Third_Party/FreeRTOS/Source/queue.c.obj
 .debug_loc     0x0000f10e     0x25f8 CMakeFiles/RM_FreeRTOS.elf.dir/Middlewares/Third_Party/FreeRTOS/Source/tasks.c.obj
 .debug_loc     0x00011706     0x1156 CMakeFiles/RM_FreeRTOS.elf.dir/Middlewares/Third_Party/FreeRTOS/Source/timers.c.obj

.debug_aranges  0x00000000     0x1108
 .debug_aranges
                0x00000000       0x28 CMakeFiles/RM_FreeRTOS.elf.dir/Core/Src/freertos.c.obj
 .debug_aranges
                0x00000028       0x20 CMakeFiles/RM_FreeRTOS.elf.dir/Core/Src/gpio.c.obj
 .debug_aranges
                0x00000048       0x38 CMakeFiles/RM_FreeRTOS.elf.dir/Core/Src/main.c.obj
 .debug_aranges
                0x00000080       0x20 CMakeFiles/RM_FreeRTOS.elf.dir/Core/Src/stm32f4xx_hal_msp.c.obj
 .debug_aranges
                0x000000a0       0x30 CMakeFiles/RM_FreeRTOS.elf.dir/Core/Src/stm32f4xx_hal_timebase_tim.c.obj
 .debug_aranges
                0x000000d0       0x50 CMakeFiles/RM_FreeRTOS.elf.dir/Core/Src/stm32f4xx_it.c.obj
 .debug_aranges
                0x00000120       0x20 CMakeFiles/RM_FreeRTOS.elf.dir/Core/Src/sysmem.c.obj
 .debug_aranges
                0x00000140       0x28 CMakeFiles/RM_FreeRTOS.elf.dir/Core/Src/system_stm32f4xx.c.obj
 .debug_aranges
                0x00000168       0x28 CMakeFiles/RM_FreeRTOS.elf.dir/Core/Startup/startup_stm32f407ighx.s.obj
 .debug_aranges
                0x00000190       0xf0 CMakeFiles/RM_FreeRTOS.elf.dir/Drivers/STM32F4xx_HAL_Driver/Src/stm32f4xx_hal.c.obj
 .debug_aranges
                0x00000280       0xc0 CMakeFiles/RM_FreeRTOS.elf.dir/Drivers/STM32F4xx_HAL_Driver/Src/stm32f4xx_hal_cortex.c.obj
 .debug_aranges
                0x00000340       0x88 CMakeFiles/RM_FreeRTOS.elf.dir/Drivers/STM32F4xx_HAL_Driver/Src/stm32f4xx_hal_rcc.c.obj
 .debug_aranges
                0x000003c8      0x3d0 CMakeFiles/RM_FreeRTOS.elf.dir/Drivers/STM32F4xx_HAL_Driver/Src/stm32f4xx_hal_tim.c.obj
 .debug_aranges
                0x00000798      0x168 CMakeFiles/RM_FreeRTOS.elf.dir/Drivers/STM32F4xx_HAL_Driver/Src/stm32f4xx_hal_tim_ex.c.obj
 .debug_aranges
                0x00000900      0x2a0 CMakeFiles/RM_FreeRTOS.elf.dir/Middlewares/Third_Party/FreeRTOS/Source/CMSIS_RTOS_V2/cmsis_os2.c.obj
 .debug_aranges
                0x00000ba0       0x40 CMakeFiles/RM_FreeRTOS.elf.dir/Middlewares/Third_Party/FreeRTOS/Source/list.c.obj
 .debug_aranges
                0x00000be0       0x80 CMakeFiles/RM_FreeRTOS.elf.dir/Middlewares/Third_Party/FreeRTOS/Source/portable/GCC/ARM_CM4F/port.c.obj
 .debug_aranges
                0x00000c60       0x58 CMakeFiles/RM_FreeRTOS.elf.dir/Middlewares/Third_Party/FreeRTOS/Source/portable/MemMang/heap_4.c.obj
 .debug_aranges
                0x00000cb8      0x158 CMakeFiles/RM_FreeRTOS.elf.dir/Middlewares/Third_Party/FreeRTOS/Source/queue.c.obj
 .debug_aranges
                0x00000e10      0x208 CMakeFiles/RM_FreeRTOS.elf.dir/Middlewares/Third_Party/FreeRTOS/Source/tasks.c.obj
 .debug_aranges
                0x00001018       0xf0 CMakeFiles/RM_FreeRTOS.elf.dir/Middlewares/Third_Party/FreeRTOS/Source/timers.c.obj

.debug_ranges   0x00000000     0x1278
 .debug_ranges  0x00000000       0x18 CMakeFiles/RM_FreeRTOS.elf.dir/Core/Src/freertos.c.obj
 .debug_ranges  0x00000018       0x10 CMakeFiles/RM_FreeRTOS.elf.dir/Core/Src/gpio.c.obj
 .debug_ranges  0x00000028       0x28 CMakeFiles/RM_FreeRTOS.elf.dir/Core/Src/main.c.obj
 .debug_ranges  0x00000050       0x10 CMakeFiles/RM_FreeRTOS.elf.dir/Core/Src/stm32f4xx_hal_msp.c.obj
 .debug_ranges  0x00000060       0x20 CMakeFiles/RM_FreeRTOS.elf.dir/Core/Src/stm32f4xx_hal_timebase_tim.c.obj
 .debug_ranges  0x00000080       0x40 CMakeFiles/RM_FreeRTOS.elf.dir/Core/Src/stm32f4xx_it.c.obj
 .debug_ranges  0x000000c0       0x10 CMakeFiles/RM_FreeRTOS.elf.dir/Core/Src/sysmem.c.obj
 .debug_ranges  0x000000d0       0x18 CMakeFiles/RM_FreeRTOS.elf.dir/Core/Src/system_stm32f4xx.c.obj
 .debug_ranges  0x000000e8       0x20 CMakeFiles/RM_FreeRTOS.elf.dir/Core/Startup/startup_stm32f407ighx.s.obj
 .debug_ranges  0x00000108       0xe0 CMakeFiles/RM_FreeRTOS.elf.dir/Drivers/STM32F4xx_HAL_Driver/Src/stm32f4xx_hal.c.obj
 .debug_ranges  0x000001e8      0x110 CMakeFiles/RM_FreeRTOS.elf.dir/Drivers/STM32F4xx_HAL_Driver/Src/stm32f4xx_hal_cortex.c.obj
 .debug_ranges  0x000002f8       0x90 CMakeFiles/RM_FreeRTOS.elf.dir/Drivers/STM32F4xx_HAL_Driver/Src/stm32f4xx_hal_rcc.c.obj
 .debug_ranges  0x00000388      0x3c0 CMakeFiles/RM_FreeRTOS.elf.dir/Drivers/STM32F4xx_HAL_Driver/Src/stm32f4xx_hal_tim.c.obj
 .debug_ranges  0x00000748      0x158 CMakeFiles/RM_FreeRTOS.elf.dir/Drivers/STM32F4xx_HAL_Driver/Src/stm32f4xx_hal_tim_ex.c.obj
 .debug_ranges  0x000008a0      0x2a8 CMakeFiles/RM_FreeRTOS.elf.dir/Middlewares/Third_Party/FreeRTOS/Source/CMSIS_RTOS_V2/cmsis_os2.c.obj
 .debug_ranges  0x00000b48       0x30 CMakeFiles/RM_FreeRTOS.elf.dir/Middlewares/Third_Party/FreeRTOS/Source/list.c.obj
 .debug_ranges  0x00000b78       0x88 CMakeFiles/RM_FreeRTOS.elf.dir/Middlewares/Third_Party/FreeRTOS/Source/portable/GCC/ARM_CM4F/port.c.obj
 .debug_ranges  0x00000c00       0x48 CMakeFiles/RM_FreeRTOS.elf.dir/Middlewares/Third_Party/FreeRTOS/Source/portable/MemMang/heap_4.c.obj
 .debug_ranges  0x00000c48      0x218 CMakeFiles/RM_FreeRTOS.elf.dir/Middlewares/Third_Party/FreeRTOS/Source/queue.c.obj
 .debug_ranges  0x00000e60      0x338 CMakeFiles/RM_FreeRTOS.elf.dir/Middlewares/Third_Party/FreeRTOS/Source/tasks.c.obj
 .debug_ranges  0x00001198       0xe0 CMakeFiles/RM_FreeRTOS.elf.dir/Middlewares/Third_Party/FreeRTOS/Source/timers.c.obj

.debug_line     0x00000000    0x132a9
 .debug_line    0x00000000      0x1b3 CMakeFiles/RM_FreeRTOS.elf.dir/Core/Src/freertos.c.obj
 .debug_line    0x000001b3      0x17b CMakeFiles/RM_FreeRTOS.elf.dir/Core/Src/gpio.c.obj
 .debug_line    0x0000032e      0x475 CMakeFiles/RM_FreeRTOS.elf.dir/Core/Src/main.c.obj
 .debug_line    0x000007a3      0x1ee CMakeFiles/RM_FreeRTOS.elf.dir/Core/Src/stm32f4xx_hal_msp.c.obj
 .debug_line    0x00000991      0x342 CMakeFiles/RM_FreeRTOS.elf.dir/Core/Src/stm32f4xx_hal_timebase_tim.c.obj
 .debug_line    0x00000cd3      0x2d6 CMakeFiles/RM_FreeRTOS.elf.dir/Core/Src/stm32f4xx_it.c.obj
 .debug_line    0x00000fa9      0x1b5 CMakeFiles/RM_FreeRTOS.elf.dir/Core/Src/sysmem.c.obj
 .debug_line    0x0000115e      0x2a7 CMakeFiles/RM_FreeRTOS.elf.dir/Core/Src/system_stm32f4xx.c.obj
 .debug_line    0x00001405       0xae CMakeFiles/RM_FreeRTOS.elf.dir/Core/Startup/startup_stm32f407ighx.s.obj
 .debug_line    0x000014b3      0x5e5 CMakeFiles/RM_FreeRTOS.elf.dir/Drivers/STM32F4xx_HAL_Driver/Src/stm32f4xx_hal.c.obj
 .debug_line    0x00001a98      0x82c CMakeFiles/RM_FreeRTOS.elf.dir/Drivers/STM32F4xx_HAL_Driver/Src/stm32f4xx_hal_cortex.c.obj
 .debug_line    0x000022c4      0xb9f CMakeFiles/RM_FreeRTOS.elf.dir/Drivers/STM32F4xx_HAL_Driver/Src/stm32f4xx_hal_rcc.c.obj
 .debug_line    0x00002e63     0x4b30 CMakeFiles/RM_FreeRTOS.elf.dir/Drivers/STM32F4xx_HAL_Driver/Src/stm32f4xx_hal_tim.c.obj
 .debug_line    0x00007993     0x1d07 CMakeFiles/RM_FreeRTOS.elf.dir/Drivers/STM32F4xx_HAL_Driver/Src/stm32f4xx_hal_tim_ex.c.obj
 .debug_line    0x0000969a     0x2b3a CMakeFiles/RM_FreeRTOS.elf.dir/Middlewares/Third_Party/FreeRTOS/Source/CMSIS_RTOS_V2/cmsis_os2.c.obj
 .debug_line    0x0000c1d4      0x3b0 CMakeFiles/RM_FreeRTOS.elf.dir/Middlewares/Third_Party/FreeRTOS/Source/list.c.obj
 .debug_line    0x0000c584      0x761 CMakeFiles/RM_FreeRTOS.elf.dir/Middlewares/Third_Party/FreeRTOS/Source/portable/GCC/ARM_CM4F/port.c.obj
 .debug_line    0x0000cce5      0x777 CMakeFiles/RM_FreeRTOS.elf.dir/Middlewares/Third_Party/FreeRTOS/Source/portable/MemMang/heap_4.c.obj
 .debug_line    0x0000d45c     0x208f CMakeFiles/RM_FreeRTOS.elf.dir/Middlewares/Third_Party/FreeRTOS/Source/queue.c.obj
 .debug_line    0x0000f4eb     0x2e38 CMakeFiles/RM_FreeRTOS.elf.dir/Middlewares/Third_Party/FreeRTOS/Source/tasks.c.obj
 .debug_line    0x00012323      0xf86 CMakeFiles/RM_FreeRTOS.elf.dir/Middlewares/Third_Party/FreeRTOS/Source/timers.c.obj

.debug_str      0x00000000     0x6a2f
 .debug_str     0x00000000      0x688 CMakeFiles/RM_FreeRTOS.elf.dir/Core/Src/freertos.c.obj
                                0x6ca (size before relaxing)
 .debug_str     0x00000688      0x144 CMakeFiles/RM_FreeRTOS.elf.dir/Core/Src/gpio.c.obj
                                0x302 (size before relaxing)
 .debug_str     0x000007cc      0x6f6 CMakeFiles/RM_FreeRTOS.elf.dir/Core/Src/main.c.obj
                                0xa56 (size before relaxing)
 .debug_str     0x00000ec2      0x555 CMakeFiles/RM_FreeRTOS.elf.dir/Core/Src/stm32f4xx_hal_msp.c.obj
                                0x811 (size before relaxing)
 .debug_str     0x00001417      0x159 CMakeFiles/RM_FreeRTOS.elf.dir/Core/Src/stm32f4xx_hal_timebase_tim.c.obj
                                0xeb5 (size before relaxing)
 .debug_str     0x00001570       0xc9 CMakeFiles/RM_FreeRTOS.elf.dir/Core/Src/stm32f4xx_it.c.obj
                                0x7a9 (size before relaxing)
 .debug_str     0x00001639       0xa3 CMakeFiles/RM_FreeRTOS.elf.dir/Core/Src/sysmem.c.obj
                                0x278 (size before relaxing)
 .debug_str     0x000016dc      0x101 CMakeFiles/RM_FreeRTOS.elf.dir/Core/Src/system_stm32f4xx.c.obj
                                0x3c8 (size before relaxing)
 .debug_str     0x000017dd       0x5c CMakeFiles/RM_FreeRTOS.elf.dir/Core/Startup/startup_stm32f407ighx.s.obj
                                 0x97 (size before relaxing)
 .debug_str     0x00001839      0x331 CMakeFiles/RM_FreeRTOS.elf.dir/Drivers/STM32F4xx_HAL_Driver/Src/stm32f4xx_hal.c.obj
                                0xbad (size before relaxing)
 .debug_str     0x00001b6a      0x4a6 CMakeFiles/RM_FreeRTOS.elf.dir/Drivers/STM32F4xx_HAL_Driver/Src/stm32f4xx_hal_cortex.c.obj
                                0xcc8 (size before relaxing)
 .debug_str     0x00002010      0x215 CMakeFiles/RM_FreeRTOS.elf.dir/Drivers/STM32F4xx_HAL_Driver/Src/stm32f4xx_hal_rcc.c.obj
                                0x759 (size before relaxing)
 .debug_str     0x00002225      0xf0a CMakeFiles/RM_FreeRTOS.elf.dir/Drivers/STM32F4xx_HAL_Driver/Src/stm32f4xx_hal_tim.c.obj
                               0x171c (size before relaxing)
 .debug_str     0x0000312f      0x5ba CMakeFiles/RM_FreeRTOS.elf.dir/Drivers/STM32F4xx_HAL_Driver/Src/stm32f4xx_hal_tim_ex.c.obj
                                0xf0d (size before relaxing)
 .debug_str     0x000036e9     0x180f CMakeFiles/RM_FreeRTOS.elf.dir/Middlewares/Third_Party/FreeRTOS/Source/CMSIS_RTOS_V2/cmsis_os2.c.obj
                               0x256e (size before relaxing)
 .debug_str     0x00004ef8      0x15f CMakeFiles/RM_FreeRTOS.elf.dir/Middlewares/Third_Party/FreeRTOS/Source/list.c.obj
                                0x355 (size before relaxing)
 .debug_str     0x00005057      0x253 CMakeFiles/RM_FreeRTOS.elf.dir/Middlewares/Third_Party/FreeRTOS/Source/portable/GCC/ARM_CM4F/port.c.obj
                                0x4d5 (size before relaxing)
 .debug_str     0x000052aa      0x2f8 CMakeFiles/RM_FreeRTOS.elf.dir/Middlewares/Third_Party/FreeRTOS/Source/portable/MemMang/heap_4.c.obj
                                0x563 (size before relaxing)
 .debug_str     0x000055a2      0x648 CMakeFiles/RM_FreeRTOS.elf.dir/Middlewares/Third_Party/FreeRTOS/Source/queue.c.obj
                                0xd6b (size before relaxing)
 .debug_str     0x00005bea      0x934 CMakeFiles/RM_FreeRTOS.elf.dir/Middlewares/Third_Party/FreeRTOS/Source/tasks.c.obj
                               0x173a (size before relaxing)
 .debug_str     0x0000651e      0x511 CMakeFiles/RM_FreeRTOS.elf.dir/Middlewares/Third_Party/FreeRTOS/Source/timers.c.obj
                               0x1061 (size before relaxing)

.comment        0x00000000       0x49
 .comment       0x00000000       0x49 CMakeFiles/RM_FreeRTOS.elf.dir/Core/Src/freertos.c.obj
                                 0x4a (size before relaxing)
 .comment       0x00000049       0x4a CMakeFiles/RM_FreeRTOS.elf.dir/Core/Src/gpio.c.obj
 .comment       0x00000049       0x4a CMakeFiles/RM_FreeRTOS.elf.dir/Core/Src/main.c.obj
 .comment       0x00000049       0x4a CMakeFiles/RM_FreeRTOS.elf.dir/Core/Src/stm32f4xx_hal_msp.c.obj
 .comment       0x00000049       0x4a CMakeFiles/RM_FreeRTOS.elf.dir/Core/Src/stm32f4xx_hal_timebase_tim.c.obj
 .comment       0x00000049       0x4a CMakeFiles/RM_FreeRTOS.elf.dir/Core/Src/stm32f4xx_it.c.obj
 .comment       0x00000049       0x4a CMakeFiles/RM_FreeRTOS.elf.dir/Core/Src/sysmem.c.obj
 .comment       0x00000049       0x4a CMakeFiles/RM_FreeRTOS.elf.dir/Core/Src/system_stm32f4xx.c.obj
 .comment       0x00000049       0x4a CMakeFiles/RM_FreeRTOS.elf.dir/Drivers/STM32F4xx_HAL_Driver/Src/stm32f4xx_hal.c.obj
 .comment       0x00000049       0x4a CMakeFiles/RM_FreeRTOS.elf.dir/Drivers/STM32F4xx_HAL_Driver/Src/stm32f4xx_hal_cortex.c.obj
 .comment       0x00000049       0x4a CMakeFiles/RM_FreeRTOS.elf.dir/Drivers/STM32F4xx_HAL_Driver/Src/stm32f4xx_hal_rcc.c.obj
 .comment       0x00000049       0x4a CMakeFiles/RM_FreeRTOS.elf.dir/Drivers/STM32F4xx_HAL_Driver/Src/stm32f4xx_hal_tim.c.obj
 .comment       0x00000049       0x4a CMakeFiles/RM_FreeRTOS.elf.dir/Drivers/STM32F4xx_HAL_Driver/Src/stm32f4xx_hal_tim_ex.c.obj
 .comment       0x00000049       0x4a CMakeFiles/RM_FreeRTOS.elf.dir/Middlewares/Third_Party/FreeRTOS/Source/CMSIS_RTOS_V2/cmsis_os2.c.obj
 .comment       0x00000049       0x4a CMakeFiles/RM_FreeRTOS.elf.dir/Middlewares/Third_Party/FreeRTOS/Source/list.c.obj
 .comment       0x00000049       0x4a CMakeFiles/RM_FreeRTOS.elf.dir/Middlewares/Third_Party/FreeRTOS/Source/portable/GCC/ARM_CM4F/port.c.obj
 .comment       0x00000049       0x4a CMakeFiles/RM_FreeRTOS.elf.dir/Middlewares/Third_Party/FreeRTOS/Source/portable/MemMang/heap_4.c.obj
 .comment       0x00000049       0x4a CMakeFiles/RM_FreeRTOS.elf.dir/Middlewares/Third_Party/FreeRTOS/Source/queue.c.obj
 .comment       0x00000049       0x4a CMakeFiles/RM_FreeRTOS.elf.dir/Middlewares/Third_Party/FreeRTOS/Source/tasks.c.obj
 .comment       0x00000049       0x4a CMakeFiles/RM_FreeRTOS.elf.dir/Middlewares/Third_Party/FreeRTOS/Source/timers.c.obj

.debug_frame    0x00000000     0x3370
 .debug_frame   0x00000000       0x40 CMakeFiles/RM_FreeRTOS.elf.dir/Core/Src/freertos.c.obj
 .debug_frame   0x00000040       0x28 CMakeFiles/RM_FreeRTOS.elf.dir/Core/Src/gpio.c.obj
 .debug_frame   0x00000068       0x70 CMakeFiles/RM_FreeRTOS.elf.dir/Core/Src/main.c.obj
 .debug_frame   0x000000d8       0x2c CMakeFiles/RM_FreeRTOS.elf.dir/Core/Src/stm32f4xx_hal_msp.c.obj
 .debug_frame   0x00000104       0x54 CMakeFiles/RM_FreeRTOS.elf.dir/Core/Src/stm32f4xx_hal_timebase_tim.c.obj
 .debug_frame   0x00000158       0x88 CMakeFiles/RM_FreeRTOS.elf.dir/Core/Src/stm32f4xx_it.c.obj
 .debug_frame   0x000001e0       0x28 CMakeFiles/RM_FreeRTOS.elf.dir/Core/Src/sysmem.c.obj
 .debug_frame   0x00000208       0x30 CMakeFiles/RM_FreeRTOS.elf.dir/Core/Src/system_stm32f4xx.c.obj
 .debug_frame   0x00000238      0x1ec CMakeFiles/RM_FreeRTOS.elf.dir/Drivers/STM32F4xx_HAL_Driver/Src/stm32f4xx_hal.c.obj
 .debug_frame   0x00000424      0x178 CMakeFiles/RM_FreeRTOS.elf.dir/Drivers/STM32F4xx_HAL_Driver/Src/stm32f4xx_hal_cortex.c.obj
 .debug_frame   0x0000059c      0x16c CMakeFiles/RM_FreeRTOS.elf.dir/Drivers/STM32F4xx_HAL_Driver/Src/stm32f4xx_hal_rcc.c.obj
 .debug_frame   0x00000708      0xb10 CMakeFiles/RM_FreeRTOS.elf.dir/Drivers/STM32F4xx_HAL_Driver/Src/stm32f4xx_hal_tim.c.obj
 .debug_frame   0x00001218      0x40c CMakeFiles/RM_FreeRTOS.elf.dir/Drivers/STM32F4xx_HAL_Driver/Src/stm32f4xx_hal_tim_ex.c.obj
 .debug_frame   0x00001624      0x900 CMakeFiles/RM_FreeRTOS.elf.dir/Middlewares/Third_Party/FreeRTOS/Source/CMSIS_RTOS_V2/cmsis_os2.c.obj
 .debug_frame   0x00001f24       0x70 CMakeFiles/RM_FreeRTOS.elf.dir/Middlewares/Third_Party/FreeRTOS/Source/list.c.obj
 .debug_frame   0x00001f94      0x110 CMakeFiles/RM_FreeRTOS.elf.dir/Middlewares/Third_Party/FreeRTOS/Source/portable/GCC/ARM_CM4F/port.c.obj
 .debug_frame   0x000020a4       0xd0 CMakeFiles/RM_FreeRTOS.elf.dir/Middlewares/Third_Party/FreeRTOS/Source/portable/MemMang/heap_4.c.obj
 .debug_frame   0x00002174      0x458 CMakeFiles/RM_FreeRTOS.elf.dir/Middlewares/Third_Party/FreeRTOS/Source/queue.c.obj
 .debug_frame   0x000025cc      0x688 CMakeFiles/RM_FreeRTOS.elf.dir/Middlewares/Third_Party/FreeRTOS/Source/tasks.c.obj
 .debug_frame   0x00002c54      0x30c CMakeFiles/RM_FreeRTOS.elf.dir/Middlewares/Third_Party/FreeRTOS/Source/timers.c.obj
 .debug_frame   0x00002f60       0x2c c:/progra~2/gnuarm~1/102021~1.10/bin/../lib/gcc/arm-none-eabi/10.3.1/thumb/v7e-m+fp/hard\libgcc.a(_aeabi_uldivmod.o)
 .debug_frame   0x00002f8c       0x34 c:/progra~2/gnuarm~1/102021~1.10/bin/../lib/gcc/arm-none-eabi/10.3.1/thumb/v7e-m+fp/hard\libgcc.a(_udivmoddi4.o)
 .debug_frame   0x00002fc0       0x20 c:/progra~2/gnuarm~1/102021~1.10/bin/../lib/gcc/arm-none-eabi/10.3.1/../../../../arm-none-eabi/lib/thumb/v7e-m+fp/hard\libg.a(lib_a-errno.o)
 .debug_frame   0x00002fe0       0x2c c:/progra~2/gnuarm~1/102021~1.10/bin/../lib/gcc/arm-none-eabi/10.3.1/../../../../arm-none-eabi/lib/thumb/v7e-m+fp/hard\libg.a(lib_a-init.o)
 .debug_frame   0x0000300c       0x2c c:/progra~2/gnuarm~1/102021~1.10/bin/../lib/gcc/arm-none-eabi/10.3.1/../../../../arm-none-eabi/lib/thumb/v7e-m+fp/hard\libg.a(lib_a-memset.o)
 .debug_frame   0x00003038       0x64 c:/progra~2/gnuarm~1/102021~1.10/bin/../lib/gcc/arm-none-eabi/10.3.1/../../../../arm-none-eabi/lib/thumb/v7e-m+fp/hard\libg.a(lib_a-reent.o)
 .debug_frame   0x0000309c       0x68 c:/progra~2/gnuarm~1/102021~1.10/bin/../lib/gcc/arm-none-eabi/10.3.1/../../../../arm-none-eabi/lib/thumb/v7e-m+fp/hard\libg.a(lib_a-__call_atexit.o)
 .debug_frame   0x00003104       0x20 c:/progra~2/gnuarm~1/102021~1.10/bin/../lib/gcc/arm-none-eabi/10.3.1/../../../../arm-none-eabi/lib/thumb/v7e-m+fp/hard\libg.a(lib_a-atexit.o)
 .debug_frame   0x00003124       0x34 c:/progra~2/gnuarm~1/102021~1.10/bin/../lib/gcc/arm-none-eabi/10.3.1/../../../../arm-none-eabi/lib/thumb/v7e-m+fp/hard\libg.a(lib_a-fini.o)
 .debug_frame   0x00003158       0x8c c:/progra~2/gnuarm~1/102021~1.10/bin/../lib/gcc/arm-none-eabi/10.3.1/../../../../arm-none-eabi/lib/thumb/v7e-m+fp/hard\libg.a(lib_a-freer.o)
 .debug_frame   0x000031e4       0xb0 c:/progra~2/gnuarm~1/102021~1.10/bin/../lib/gcc/arm-none-eabi/10.3.1/../../../../arm-none-eabi/lib/thumb/v7e-m+fp/hard\libg.a(lib_a-lock.o)
 .debug_frame   0x00003294       0x4c c:/progra~2/gnuarm~1/102021~1.10/bin/../lib/gcc/arm-none-eabi/10.3.1/../../../../arm-none-eabi/lib/thumb/v7e-m+fp/hard\libg.a(lib_a-mallocr.o)
 .debug_frame   0x000032e0       0x30 c:/progra~2/gnuarm~1/102021~1.10/bin/../lib/gcc/arm-none-eabi/10.3.1/../../../../arm-none-eabi/lib/thumb/v7e-m+fp/hard\libg.a(lib_a-mlock.o)
 .debug_frame   0x00003310       0x2c c:/progra~2/gnuarm~1/102021~1.10/bin/../lib/gcc/arm-none-eabi/10.3.1/../../../../arm-none-eabi/lib/thumb/v7e-m+fp/hard\libg.a(lib_a-sbrkr.o)
 .debug_frame   0x0000333c       0x34 c:/progra~2/gnuarm~1/102021~1.10/bin/../lib/gcc/arm-none-eabi/10.3.1/../../../../arm-none-eabi/lib/thumb/v7e-m+fp/hard\libg.a(lib_a-__atexit.o)
