Archive member included to satisfy reference by file (symbol)

c:/progra~2/gnuarm~1/102021~1.10/bin/../lib/gcc/arm-none-eabi/10.3.1/thumb/v7e-m+fp/hard\libgcc.a(_arm_muldf3.o)
                              CMakeFiles/RM_FreeRTOS.elf.dir/DSP_Lib/Source/FilteringFunctions/arm_biquad_cascade_df2T_f64.c.obj (__aeabi_dmul)
c:/progra~2/gnuarm~1/102021~1.10/bin/../lib/gcc/arm-none-eabi/10.3.1/thumb/v7e-m+fp/hard\libgcc.a(_arm_addsubdf3.o)
                              CMakeFiles/RM_FreeRTOS.elf.dir/DSP_Lib/Source/MatrixFunctions/arm_mat_inverse_f64.c.obj (__aeabi_dsub)
c:/progra~2/gnuarm~1/102021~1.10/bin/../lib/gcc/arm-none-eabi/10.3.1/thumb/v7e-m+fp/hard\libgcc.a(_arm_muldivdf3.o)
                              CMakeFiles/RM_FreeRTOS.elf.dir/Bsp/bsp_dwt.c.obj (__aeabi_ddiv)
c:/progra~2/gnuarm~1/102021~1.10/bin/../lib/gcc/arm-none-eabi/10.3.1/thumb/v7e-m+fp/hard\libgcc.a(_arm_cmpdf2.o)
                              CMakeFiles/RM_FreeRTOS.elf.dir/DSP_Lib/Source/MatrixFunctions/arm_mat_inverse_f64.c.obj (__aeabi_dcmpeq)
c:/progra~2/gnuarm~1/102021~1.10/bin/../lib/gcc/arm-none-eabi/10.3.1/thumb/v7e-m+fp/hard\libgcc.a(_arm_truncdfsf2.o)
                              CMakeFiles/RM_FreeRTOS.elf.dir/Controller/controller.c.obj (__aeabi_d2f)
c:/progra~2/gnuarm~1/102021~1.10/bin/../lib/gcc/arm-none-eabi/10.3.1/thumb/v7e-m+fp/hard\libgcc.a(_aeabi_ldivmod.o)
                              CMakeFiles/RM_FreeRTOS.elf.dir/DSP_Lib/Source/StatisticsFunctions/arm_mean_q31.c.obj (__aeabi_ldivmod)
c:/progra~2/gnuarm~1/102021~1.10/bin/../lib/gcc/arm-none-eabi/10.3.1/thumb/v7e-m+fp/hard\libgcc.a(_aeabi_uldivmod.o)
                              CMakeFiles/RM_FreeRTOS.elf.dir/Bsp/bsp_dwt.c.obj (__aeabi_uldivmod)
c:/progra~2/gnuarm~1/102021~1.10/bin/../lib/gcc/arm-none-eabi/10.3.1/thumb/v7e-m+fp/hard\libgcc.a(_fixsfdi.o)
                              CMakeFiles/RM_FreeRTOS.elf.dir/DSP_Lib/Source/SupportFunctions/arm_float_to_q31.c.obj (__aeabi_f2lz)
c:/progra~2/gnuarm~1/102021~1.10/bin/../lib/gcc/arm-none-eabi/10.3.1/thumb/v7e-m+fp/hard\libgcc.a(_fixunssfdi.o)
                              c:/progra~2/gnuarm~1/102021~1.10/bin/../lib/gcc/arm-none-eabi/10.3.1/thumb/v7e-m+fp/hard\libgcc.a(_fixsfdi.o) (__aeabi_f2ulz)
c:/progra~2/gnuarm~1/102021~1.10/bin/../lib/gcc/arm-none-eabi/10.3.1/thumb/v7e-m+fp/hard\libgcc.a(_udivmoddi4.o)
                              c:/progra~2/gnuarm~1/102021~1.10/bin/../lib/gcc/arm-none-eabi/10.3.1/thumb/v7e-m+fp/hard\libgcc.a(_aeabi_ldivmod.o) (__udivmoddi4)
c:/progra~2/gnuarm~1/102021~1.10/bin/../lib/gcc/arm-none-eabi/10.3.1/thumb/v7e-m+fp/hard\libgcc.a(_dvmd_tls.o)
                              c:/progra~2/gnuarm~1/102021~1.10/bin/../lib/gcc/arm-none-eabi/10.3.1/thumb/v7e-m+fp/hard\libgcc.a(_aeabi_ldivmod.o) (__aeabi_ldiv0)
c:/progra~2/gnuarm~1/102021~1.10/bin/../lib/gcc/arm-none-eabi/10.3.1/thumb/v7e-m+fp/hard\libgcc.a(_arm_fixunsdfsi.o)
                              c:/progra~2/gnuarm~1/102021~1.10/bin/../lib/gcc/arm-none-eabi/10.3.1/thumb/v7e-m+fp/hard\libgcc.a(_fixunssfdi.o) (__aeabi_d2uiz)
c:/progra~2/gnuarm~1/102021~1.10/bin/../lib/gcc/arm-none-eabi/10.3.1/../../../../arm-none-eabi/lib/thumb/v7e-m+fp/hard\libg.a(lib_a-errno.o)
                              CMakeFiles/RM_FreeRTOS.elf.dir/Core/Src/syscalls.c.obj (__errno)
c:/progra~2/gnuarm~1/102021~1.10/bin/../lib/gcc/arm-none-eabi/10.3.1/../../../../arm-none-eabi/lib/thumb/v7e-m+fp/hard\libg.a(lib_a-exit.o)
                              c:/progra~2/gnuarm~1/102021~1.10/bin/../lib/gcc/arm-none-eabi/10.3.1/../../../../arm-none-eabi/lib/thumb/v7e-m+fp/hard/crt0.o (exit)
c:/progra~2/gnuarm~1/102021~1.10/bin/../lib/gcc/arm-none-eabi/10.3.1/../../../../arm-none-eabi/lib/thumb/v7e-m+fp/hard\libg.a(lib_a-impure.o)
                              c:/progra~2/gnuarm~1/102021~1.10/bin/../lib/gcc/arm-none-eabi/10.3.1/../../../../arm-none-eabi/lib/thumb/v7e-m+fp/hard\libg.a(lib_a-exit.o) (_global_impure_ptr)
c:/progra~2/gnuarm~1/102021~1.10/bin/../lib/gcc/arm-none-eabi/10.3.1/../../../../arm-none-eabi/lib/thumb/v7e-m+fp/hard\libg.a(lib_a-init.o)
                              c:/progra~2/gnuarm~1/102021~1.10/bin/../lib/gcc/arm-none-eabi/10.3.1/../../../../arm-none-eabi/lib/thumb/v7e-m+fp/hard/crt0.o (__libc_init_array)
c:/progra~2/gnuarm~1/102021~1.10/bin/../lib/gcc/arm-none-eabi/10.3.1/../../../../arm-none-eabi/lib/thumb/v7e-m+fp/hard\libg.a(lib_a-malloc.o)
                              CMakeFiles/RM_FreeRTOS.elf.dir/Components/kalman_filter.c.obj (malloc)
c:/progra~2/gnuarm~1/102021~1.10/bin/../lib/gcc/arm-none-eabi/10.3.1/../../../../arm-none-eabi/lib/thumb/v7e-m+fp/hard\libg.a(lib_a-mallocr.o)
                              c:/progra~2/gnuarm~1/102021~1.10/bin/../lib/gcc/arm-none-eabi/10.3.1/../../../../arm-none-eabi/lib/thumb/v7e-m+fp/hard\libg.a(lib_a-malloc.o) (_malloc_r)
c:/progra~2/gnuarm~1/102021~1.10/bin/../lib/gcc/arm-none-eabi/10.3.1/../../../../arm-none-eabi/lib/thumb/v7e-m+fp/hard\libg.a(lib_a-memcpy.o)
[...]
Memory Configuration

Name             Origin             Length             Attributes
CCMRAM           0x10000000         0x00010000         xrw
RAM              0x20000000         0x00020000         xrw
FLASH            0x08000000         0x00100000         xr
*default*        0x00000000         0xffffffff

Linker script and memory map

LOAD c:/progra~2/gnuarm~1/102021~1.10/bin/../lib/gcc/arm-none-eabi/10.3.1/thumb/v7e-m+fp/hard/crti.o
LOAD c:/progra~2/gnuarm~1/102021~1.10/bin/../lib/gcc/arm-none-eabi/10.3.1/thumb/v7e-m+fp/hard/crtbegin.o
LOAD c:/progra~2/gnuarm~1/102021~1.10/bin/../lib/gcc/arm-none-eabi/10.3.1/../../../../arm-none-eabi/lib/thumb/v7e-m+fp/hard/crt0.o
LOAD CMakeFiles/RM_FreeRTOS.elf.dir/Algorithm/QuaternionEKF.c.obj
LOAD CMakeFiles/RM_FreeRTOS.elf.dir/Application/ins_task.c.obj
LOAD CMakeFiles/RM_FreeRTOS.elf.dir/Bsp/bsp_PWM.c.obj
LOAD CMakeFiles/RM_FreeRTOS.elf.dir/Bsp/bsp_dwt.c.obj
LOAD CMakeFiles/RM_FreeRTOS.elf.dir/Components/kalman_filter.c.obj
LOAD CMakeFiles/RM_FreeRTOS.elf.dir/Components/user_lib.c.obj
LOAD CMakeFiles/RM_FreeRTOS.elf.dir/Controller/controller.c.obj
LOAD CMakeFiles/RM_FreeRTOS.elf.dir/Core/Src/dma.c.obj
LOAD CMakeFiles/RM_FreeRTOS.elf.dir/Core/Src/freertos.c.obj
LOAD CMakeFiles/RM_FreeRTOS.elf.dir/Core/Src/gpio.c.obj
LOAD CMakeFiles/RM_FreeRTOS.elf.dir/Core/Src/main.c.obj
LOAD CMakeFiles/RM_FreeRTOS.elf.dir/Core/Src/spi.c.obj
LOAD CMakeFiles/RM_FreeRTOS.elf.dir/Core/Src/stm32f4xx_hal_msp.c.obj
LOAD CMakeFiles/RM_FreeRTOS.elf.dir/Core/Src/stm32f4xx_hal_timebase_tim.c.obj
LOAD CMakeFiles/RM_FreeRTOS.elf.dir/Core/Src/stm32f4xx_it.c.obj
LOAD CMakeFiles/RM_FreeRTOS.elf.dir/Core/Src/syscalls.c.obj
LOAD CMakeFiles/RM_FreeRTOS.elf.dir/Core/Src/sysmem.c.obj
LOAD CMakeFiles/RM_FreeRTOS.elf.dir/Core/Src/system_stm32f4xx.c.obj
LOAD CMakeFiles/RM_FreeRTOS.elf.dir/Core/Src/tim.c.obj
LOAD CMakeFiles/RM_FreeRTOS.elf.dir/Core/Startup/startup_stm32f407ighx.s.obj
LOAD CMakeFiles/RM_FreeRTOS.elf.dir/DSP_Lib/Source/BasicMathFunctions/arm_abs_f32.c.obj
LOAD CMakeFiles/RM_FreeRTOS.elf.dir/DSP_Lib/Source/BasicMathFunctions/arm_abs_q15.c.obj
LOAD CMakeFiles/RM_FreeRTOS.elf.dir/DSP_Lib/Source/BasicMathFunctions/arm_abs_q31.c.obj
LOAD CMakeFiles/RM_FreeRTOS.elf.dir/DSP_Lib/Source/BasicMathFunctions/arm_abs_q7.c.obj
LOAD CMakeFiles/RM_FreeRTOS.elf.dir/DSP_Lib/Source/BasicMathFunctions/arm_add_f32.c.obj
LOAD CMakeFiles/RM_FreeRTOS.elf.dir/DSP_Lib/Source/BasicMathFunctions/arm_add_q15.c.obj
LOAD CMakeFiles/RM_FreeRTOS.elf.dir/DSP_Lib/Source/BasicMathFunctions/arm_add_q31.c.obj
LOAD CMakeFiles/RM_FreeRTOS.elf.dir/DSP_Lib/Source/BasicMathFunctions/arm_add_q7.c.obj
LOAD CMakeFiles/RM_FreeRTOS.elf.dir/DSP_Lib/Source/BasicMathFunctions/arm_dot_prod_f32.c.obj
LOAD CMakeFiles/RM_FreeRTOS.elf.dir/DSP_Lib/Source/BasicMathFunctions/arm_dot_prod_q15.c.obj
LOAD CMakeFiles/RM_FreeRTOS.elf.dir/DSP_Lib/Source/BasicMathFunctions/arm_dot_prod_q31.c.obj
LOAD CMakeFiles/RM_FreeRTOS.elf.dir/DSP_Lib/Source/BasicMathFunctions/arm_dot_prod_q7.c.obj
LOAD CMakeFiles/RM_FreeRTOS.elf.dir/DSP_Lib/Source/BasicMathFunctions/arm_mult_f32.c.obj
LOAD CMakeFiles/RM_FreeRTOS.elf.dir/DSP_Lib/Source/BasicMathFunctions/arm_mult_q15.c.obj
LOAD CMakeFiles/RM_FreeRTOS.elf.dir/DSP_Lib/Source/BasicMathFunctions/arm_mult_q31.c.obj
LOAD CMakeFiles/RM_FreeRTOS.elf.dir/DSP_Lib/Source/BasicMathFunctions/arm_mult_q7.c.obj
LOAD CMakeFiles/RM_FreeRTOS.elf.dir/DSP_Lib/Source/BasicMathFunctions/arm_negate_f32.c.obj
LOAD CMakeFiles/RM_FreeRTOS.elf.dir/DSP_Lib/Source/BasicMathFunctions/arm_negate_q15.c.obj
LOAD CMakeFiles/RM_FreeRTOS.elf.dir/DSP_Lib/Source/BasicMathFunctions/arm_negate_q31.c.obj
LOAD CMakeFiles/RM_FreeRTOS.elf.dir/DSP_Lib/Source/BasicMathFunctions/arm_negate_q7.c.obj
LOAD CMakeFiles/RM_FreeRTOS.elf.dir/DSP_Lib/Source/BasicMathFunctions/arm_offset_f32.c.obj
LOAD CMakeFiles/RM_FreeRTOS.elf.dir/DSP_Lib/Source/BasicMathFunctions/arm_offset_q15.c.obj
LOAD CMakeFiles/RM_FreeRTOS.elf.dir/DSP_Lib/Source/BasicMathFunctions/arm_offset_q31.c.obj
LOAD CMakeFiles/RM_FreeRTOS.elf.dir/DSP_Lib/Source/BasicMathFunctions/arm_offset_q7.c.obj
LOAD CMakeFiles/RM_FreeRTOS.elf.dir/DSP_Lib/Source/BasicMathFunctions/arm_scale_f32.c.obj
LOAD CMakeFiles/RM_FreeRTOS.elf.dir/DSP_Lib/Source/BasicMathFunctions/arm_scale_q15.c.obj
LOAD CMakeFiles/RM_FreeRTOS.elf.dir/DSP_Lib/Source/BasicMathFunctions/arm_scale_q31.c.obj
LOAD CMakeFiles/RM_FreeRTOS.elf.dir/DSP_Lib/Source/BasicMathFunctions/arm_scale_q7.c.obj
LOAD CMakeFiles/RM_FreeRTOS.elf.dir/DSP_Lib/Source/BasicMathFunctions/arm_shift_q15.c.obj
LOAD CMakeFiles/RM_FreeRTOS.elf.dir/DSP_Lib/Source/BasicMathFunctions/arm_shift_q31.c.obj
LOAD CMakeFiles/RM_FreeRTOS.elf.dir/DSP_Lib/Source/BasicMathFunctions/arm_shift_q7.c.obj
LOAD CMakeFiles/RM_FreeRTOS.elf.dir/DSP_Lib/Source/BasicMathFunctions/arm_sub_f32.c.obj
LOAD CMakeFiles/RM_FreeRTOS.elf.dir/DSP_Lib/Source/BasicMathFunctions/arm_sub_q15.c.obj
LOAD CMakeFiles/RM_FreeRTOS.elf.dir/DSP_Lib/Source/BasicMathFunctions/arm_sub_q31.c.obj
LOAD CMakeFiles/RM_FreeRTOS.elf.dir/DSP_Lib/Source/BasicMathFunctions/arm_sub_q7.c.obj
LOAD CMakeFiles/RM_FreeRTOS.elf.dir/DSP_Lib/Source/CommonTables/arm_common_tables.c.obj
LOAD CMakeFiles/RM_FreeRTOS.elf.dir/DSP_Lib/Source/CommonTables/arm_const_structs.c.obj
LOAD CMakeFiles/RM_FreeRTOS.elf.dir/DSP_Lib/Source/ComplexMathFunctions/arm_cmplx_conj_f32.c.obj
LOAD CMakeFiles/RM_FreeRTOS.elf.dir/DSP_Lib/Source/ComplexMathFunctions/arm_cmplx_conj_q15.c.obj
LOAD CMakeFiles/RM_FreeRTOS.elf.dir/DSP_Lib/Source/ComplexMathFunctions/arm_cmplx_conj_q31.c.obj
LOAD CMakeFiles/RM_FreeRTOS.elf.dir/DSP_Lib/Source/ComplexMathFunctions/arm_cmplx_dot_prod_f32.c.obj
LOAD CMakeFiles/RM_FreeRTOS.elf.dir/DSP_Lib/Source/ComplexMathFunctions/arm_cmplx_dot_prod_q15.c.obj
LOAD CMakeFiles/RM_FreeRTOS.elf.dir/DSP_Lib/Source/ComplexMathFunctions/arm_cmplx_dot_prod_q31.c.obj
LOAD CMakeFiles/RM_FreeRTOS.elf.dir/DSP_Lib/Source/ComplexMathFunctions/arm_cmplx_mag_f32.c.obj
LOAD CMakeFiles/RM_FreeRTOS.elf.dir/DSP_Lib/Source/ComplexMathFunctions/arm_cmplx_mag_q15.c.obj
LOAD CMakeFiles/RM_FreeRTOS.elf.dir/DSP_Lib/Source/ComplexMathFunctions/arm_cmplx_mag_q31.c.obj
LOAD CMakeFiles/RM_FreeRTOS.elf.dir/DSP_Lib/Source/ComplexMathFunctions/arm_cmplx_mag_squared_f32.c.obj
LOAD CMakeFiles/RM_FreeRTOS.elf.dir/DSP_Lib/Source/ComplexMathFunctions/arm_cmplx_mag_squared_q15.c.obj
LOAD CMakeFiles/RM_FreeRTOS.elf.dir/DSP_Lib/Source/ComplexMathFunctions/arm_cmplx_mag_squared_q31.c.obj
LOAD CMakeFiles/RM_FreeRTOS.elf.dir/DSP_Lib/Source/ComplexMathFunctions/arm_cmplx_mult_cmplx_f32.c.obj
LOAD CMakeFiles/RM_FreeRTOS.elf.dir/DSP_Lib/Source/ComplexMathFunctions/arm_cmplx_mult_cmplx_q15.c.obj
LOAD CMakeFiles/RM_FreeRTOS.elf.dir/DSP_Lib/Source/ComplexMathFunctions/arm_cmplx_mult_cmplx_q31.c.obj
LOAD CMakeFiles/RM_FreeRTOS.elf.dir/DSP_Lib/Source/ComplexMathFunctions/arm_cmplx_mult_real_f32.c.obj
LOAD CMakeFiles/RM_FreeRTOS.elf.dir/DSP_Lib/Source/ComplexMathFunctions/arm_cmplx_mult_real_q15.c.obj
LOAD CMakeFiles/RM_FreeRTOS.elf.dir/DSP_Lib/Source/ComplexMathFunctions/arm_cmplx_mult_real_q31.c.obj
LOAD CMakeFiles/RM_FreeRTOS.elf.dir/DSP_Lib/Source/ControllerFunctions/arm_pid_init_f32.c.obj
LOAD CMakeFiles/RM_FreeRTOS.elf.dir/DSP_Lib/Source/ControllerFunctions/arm_pid_init_q15.c.obj
LOAD CMakeFiles/RM_FreeRTOS.elf.dir/DSP_Lib/Source/ControllerFunctions/arm_pid_init_q31.c.obj
LOAD CMakeFiles/RM_FreeRTOS.elf.dir/DSP_Lib/Source/ControllerFunctions/arm_pid_reset_f32.c.obj
LOAD CMakeFiles/RM_FreeRTOS.elf.dir/DSP_Lib/Source/ControllerFunctions/arm_pid_reset_q15.c.obj
LOAD CMakeFiles/RM_FreeRTOS.elf.dir/DSP_Lib/Source/ControllerFunctions/arm_pid_reset_q31.c.obj
LOAD CMakeFiles/RM_FreeRTOS.elf.dir/DSP_Lib/Source/ControllerFunctions/arm_sin_cos_f32.c.obj
LOAD CMakeFiles/RM_FreeRTOS.elf.dir/DSP_Lib/Source/ControllerFunctions/arm_sin_cos_q31.c.obj
LOAD CMakeFiles/RM_FreeRTOS.elf.dir/DSP_Lib/Source/FastMathFunctions/arm_cos_f32.c.obj
LOAD CMakeFiles/RM_FreeRTOS.elf.dir/DSP_Lib/Source/FastMathFunctions/arm_cos_q15.c.obj
LOAD CMakeFiles/RM_FreeRTOS.elf.dir/DSP_Lib/Source/FastMathFunctions/arm_cos_q31.c.obj
LOAD CMakeFiles/RM_FreeRTOS.elf.dir/DSP_Lib/Source/FastMathFunctions/arm_sin_f32.c.obj
LOAD CMakeFiles/RM_FreeRTOS.elf.dir/DSP_Lib/Source/FastMathFunctions/arm_sin_q15.c.obj
LOAD CMakeFiles/RM_FreeRTOS.elf.dir/DSP_Lib/Source/FastMathFunctions/arm_sin_q31.c.obj
LOAD CMakeFiles/RM_FreeRTOS.elf.dir/DSP_Lib/Source/FastMathFunctions/arm_sqrt_q15.c.obj
LOAD CMakeFiles/RM_FreeRTOS.elf.dir/DSP_Lib/Source/FastMathFunctions/arm_sqrt_q31.c.obj
LOAD CMakeFiles/RM_FreeRTOS.elf.dir/DSP_Lib/Source/FilteringFunctions/arm_biquad_cascade_df1_32x64_init_q31.c.obj
LOAD CMakeFiles/RM_FreeRTOS.elf.dir/DSP_Lib/Source/FilteringFunctions/arm_biquad_cascade_df1_32x64_q31.c.obj
LOAD CMakeFiles/RM_FreeRTOS.elf.dir/DSP_Lib/Source/FilteringFunctions/arm_biquad_cascade_df1_f32.c.obj
LOAD CMakeFiles/RM_FreeRTOS.elf.dir/DSP_Lib/Source/FilteringFunctions/arm_biquad_cascade_df1_fast_q15.c.obj
LOAD CMakeFiles/RM_FreeRTOS.elf.dir/DSP_Lib/Source/FilteringFunctions/arm_biquad_cascade_df1_fast_q31.c.obj
LOAD CMakeFiles/RM_FreeRTOS.elf.dir/DSP_Lib/Source/FilteringFunctions/arm_biquad_cascade_df1_init_f32.c.obj
LOAD CMakeFiles/RM_FreeRTOS.elf.dir/DSP_Lib/Source/FilteringFunctions/arm_biquad_cascade_df1_init_q15.c.obj
LOAD CMakeFiles/RM_FreeRTOS.elf.dir/DSP_Lib/Source/FilteringFunctions/arm_biquad_cascade_df1_init_q31.c.obj
LOAD CMakeFiles/RM_FreeRTOS.elf.dir/DSP_Lib/Source/FilteringFunctions/arm_biquad_cascade_df1_q15.c.obj
LOAD CMakeFiles/RM_FreeRTOS.elf.dir/DSP_Lib/Source/FilteringFunctions/arm_biquad_cascade_df1_q31.c.obj
LOAD CMakeFiles/RM_FreeRTOS.elf.dir/DSP_Lib/Source/FilteringFunctions/arm_biquad_cascade_df2T_f32.c.obj
LOAD CMakeFiles/RM_FreeRTOS.elf.dir/DSP_Lib/Source/FilteringFunctions/arm_biquad_cascade_df2T_f64.c.obj
LOAD CMakeFiles/RM_FreeRTOS.elf.dir/DSP_Lib/Source/FilteringFunctions/arm_biquad_cascade_df2T_init_f32.c.obj
LOAD CMakeFiles/RM_FreeRTOS.elf.dir/DSP_Lib/Source/FilteringFunctions/arm_biquad_cascade_df2T_init_f64.c.obj
LOAD CMakeFiles/RM_FreeRTOS.elf.dir/DSP_Lib/Source/FilteringFunctions/arm_biquad_cascade_stereo_df2T_f32.c.obj
LOAD CMakeFiles/RM_FreeRTOS.elf.dir/DSP_Lib/Source/FilteringFunctions/arm_biquad_cascade_stereo_df2T_init_f32.c.obj
LOAD CMakeFiles/RM_FreeRTOS.elf.dir/DSP_Lib/Source/FilteringFunctions/arm_conv_f32.c.obj
LOAD CMakeFiles/RM_FreeRTOS.elf.dir/DSP_Lib/Source/FilteringFunctions/arm_conv_fast_opt_q15.c.obj
LOAD CMakeFiles/RM_FreeRTOS.elf.dir/DSP_Lib/Source/FilteringFunctions/arm_conv_fast_q15.c.obj
LOAD CMakeFiles/RM_FreeRTOS.elf.dir/DSP_Lib/Source/FilteringFunctions/arm_conv_fast_q31.c.obj
LOAD CMakeFiles/RM_FreeRTOS.elf.dir/DSP_Lib/Source/FilteringFunctions/arm_conv_opt_q15.c.obj
LOAD CMakeFiles/RM_FreeRTOS.elf.dir/DSP_Lib/Source/FilteringFunctions/arm_conv_opt_q7.c.obj
LOAD CMakeFiles/RM_FreeRTOS.elf.dir/DSP_Lib/Source/FilteringFunctions/arm_conv_partial_f32.c.obj
LOAD CMakeFiles/RM_FreeRTOS.elf.dir/DSP_Lib/Source/FilteringFunctions/arm_conv_partial_fast_opt_q15.c.obj
LOAD CMakeFiles/RM_FreeRTOS.elf.dir/DSP_Lib/Source/FilteringFunctions/arm_conv_partial_fast_q15.c.obj
LOAD CMakeFiles/RM_FreeRTOS.elf.dir/DSP_Lib/Source/FilteringFunctions/arm_conv_partial_fast_q31.c.obj
LOAD CMakeFiles/RM_FreeRTOS.elf.dir/DSP_Lib/Source/FilteringFunctions/arm_conv_partial_opt_q15.c.obj
LOAD CMakeFiles/RM_FreeRTOS.elf.dir/DSP_Lib/Source/FilteringFunctions/arm_conv_partial_opt_q7.c.obj
LOAD CMakeFiles/RM_FreeRTOS.elf.dir/DSP_Lib/Source/FilteringFunctions/arm_conv_partial_q15.c.obj
LOAD CMakeFiles/RM_FreeRTOS.elf.dir/DSP_Lib/Source/FilteringFunctions/arm_conv_partial_q31.c.obj
LOAD CMakeFiles/RM_FreeRTOS.elf.dir/DSP_Lib/Source/FilteringFunctions/arm_conv_partial_q7.c.obj
LOAD CMakeFiles/RM_FreeRTOS.elf.dir/DSP_Lib/Source/FilteringFunctions/arm_conv_q15.c.obj
LOAD CMakeFiles/RM_FreeRTOS.elf.dir/DSP_Lib/Source/FilteringFunctions/arm_conv_q31.c.obj
LOAD CMakeFiles/RM_FreeRTOS.elf.dir/DSP_Lib/Source/FilteringFunctions/arm_conv_q7.c.obj
LOAD CMakeFiles/RM_FreeRTOS.elf.dir/DSP_Lib/Source/FilteringFunctions/arm_correlate_f32.c.obj
LOAD CMakeFiles/RM_FreeRTOS.elf.dir/DSP_Lib/Source/FilteringFunctions/arm_correlate_fast_opt_q15.c.obj
LOAD CMakeFiles/RM_FreeRTOS.elf.dir/DSP_Lib/Source/FilteringFunctions/arm_correlate_fast_q15.c.obj
LOAD CMakeFiles/RM_FreeRTOS.elf.dir/DSP_Lib/Source/FilteringFunctions/arm_correlate_fast_q31.c.obj
LOAD CMakeFiles/RM_FreeRTOS.elf.dir/DSP_Lib/Source/FilteringFunctions/arm_correlate_opt_q15.c.obj
LOAD CMakeFiles/RM_FreeRTOS.elf.dir/DSP_Lib/Source/FilteringFunctions/arm_correlate_opt_q7.c.obj
LOAD CMakeFiles/RM_FreeRTOS.elf.dir/DSP_Lib/Source/FilteringFunctions/arm_correlate_q15.c.obj
LOAD CMakeFiles/RM_FreeRTOS.elf.dir/DSP_Lib/Source/FilteringFunctions/arm_correlate_q31.c.obj
LOAD CMakeFiles/RM_FreeRTOS.elf.dir/DSP_Lib/Source/FilteringFunctions/arm_correlate_q7.c.obj
LOAD CMakeFiles/RM_FreeRTOS.elf.dir/DSP_Lib/Source/FilteringFunctions/arm_fir_decimate_f32.c.obj
LOAD CMakeFiles/RM_FreeRTOS.elf.dir/DSP_Lib/Source/FilteringFunctions/arm_fir_decimate_fast_q15.c.obj
LOAD CMakeFiles/RM_FreeRTOS.elf.dir/DSP_Lib/Source/FilteringFunctions/arm_fir_decimate_fast_q31.c.obj
LOAD CMakeFiles/RM_FreeRTOS.elf.dir/DSP_Lib/Source/FilteringFunctions/arm_fir_decimate_init_f32.c.obj
LOAD CMakeFiles/RM_FreeRTOS.elf.dir/DSP_Lib/Source/FilteringFunctions/arm_fir_decimate_init_q15.c.obj
LOAD CMakeFiles/RM_FreeRTOS.elf.dir/DSP_Lib/Source/FilteringFunctions/arm_fir_decimate_init_q31.c.obj
LOAD CMakeFiles/RM_FreeRTOS.elf.dir/DSP_Lib/Source/FilteringFunctions/arm_fir_decimate_q15.c.obj
LOAD CMakeFiles/RM_FreeRTOS.elf.dir/DSP_Lib/Source/FilteringFunctions/arm_fir_decimate_q31.c.obj
LOAD CMakeFiles/RM_FreeRTOS.elf.dir/DSP_Lib/Source/FilteringFunctions/arm_fir_f32.c.obj
LOAD CMakeFiles/RM_FreeRTOS.elf.dir/DSP_Lib/Source/FilteringFunctions/arm_fir_fast_q15.c.obj
LOAD CMakeFiles/RM_FreeRTOS.elf.dir/DSP_Lib/Source/FilteringFunctions/arm_fir_fast_q31.c.obj
LOAD CMakeFiles/RM_FreeRTOS.elf.dir/DSP_Lib/Source/FilteringFunctions/arm_fir_init_f32.c.obj
LOAD CMakeFiles/RM_FreeRTOS.elf.dir/DSP_Lib/Source/FilteringFunctions/arm_fir_init_q15.c.obj
LOAD CMakeFiles/RM_FreeRTOS.elf.dir/DSP_Lib/Source/FilteringFunctions/arm_fir_init_q31.c.obj
LOAD CMakeFiles/RM_FreeRTOS.elf.dir/DSP_Lib/Source/FilteringFunctions/arm_fir_init_q7.c.obj
LOAD CMakeFiles/RM_FreeRTOS.elf.dir/DSP_Lib/Source/FilteringFunctions/arm_fir_interpolate_f32.c.obj
LOAD CMakeFiles/RM_FreeRTOS.elf.dir/DSP_Lib/Source/FilteringFunctions/arm_fir_interpolate_init_f32.c.obj
LOAD CMakeFiles/RM_FreeRTOS.elf.dir/DSP_Lib/Source/FilteringFunctions/arm_fir_interpolate_init_q15.c.obj
LOAD CMakeFiles/RM_FreeRTOS.elf.dir/DSP_Lib/Source/FilteringFunctions/arm_fir_interpolate_init_q31.c.obj
LOAD CMakeFiles/RM_FreeRTOS.elf.dir/DSP_Lib/Source/FilteringFunctions/arm_fir_interpolate_q15.c.obj
LOAD CMakeFiles/RM_FreeRTOS.elf.dir/DSP_Lib/Source/FilteringFunctions/arm_fir_interpolate_q31.c.obj
LOAD CMakeFiles/RM_FreeRTOS.elf.dir/DSP_Lib/Source/FilteringFunctions/arm_fir_lattice_f32.c.obj
LOAD CMakeFiles/RM_FreeRTOS.elf.dir/DSP_Lib/Source/FilteringFunctions/arm_fir_lattice_init_f32.c.obj
LOAD CMakeFiles/RM_FreeRTOS.elf.dir/DSP_Lib/Source/FilteringFunctions/arm_fir_lattice_init_q15.c.obj
LOAD CMakeFiles/RM_FreeRTOS.elf.dir/DSP_Lib/Source/FilteringFunctions/arm_fir_lattice_init_q31.c.obj
LOAD CMakeFiles/RM_FreeRTOS.elf.dir/DSP_Lib/Source/FilteringFunctions/arm_fir_lattice_q15.c.obj
LOAD CMakeFiles/RM_FreeRTOS.elf.dir/DSP_Lib/Source/FilteringFunctions/arm_fir_lattice_q31.c.obj
LOAD CMakeFiles/RM_FreeRTOS.elf.dir/DSP_Lib/Source/FilteringFunctions/arm_fir_q15.c.obj
LOAD CMakeFiles/RM_FreeRTOS.elf.dir/DSP_Lib/Source/FilteringFunctions/arm_fir_q31.c.obj
LOAD CMakeFiles/RM_FreeRTOS.elf.dir/DSP_Lib/Source/FilteringFunctions/arm_fir_q7.c.obj
LOAD CMakeFiles/RM_FreeRTOS.elf.dir/DSP_Lib/Source/FilteringFunctions/arm_fir_sparse_f32.c.obj
LOAD CMakeFiles/RM_FreeRTOS.elf.dir/DSP_Lib/Source/FilteringFunctions/arm_fir_sparse_init_f32.c.obj
LOAD CMakeFiles/RM_FreeRTOS.elf.dir/DSP_Lib/Source/FilteringFunctions/arm_fir_sparse_init_q15.c.obj
LOAD CMakeFiles/RM_FreeRTOS.elf.dir/DSP_Lib/Source/FilteringFunctions/arm_fir_sparse_init_q31.c.obj
LOAD CMakeFiles/RM_FreeRTOS.elf.dir/DSP_Lib/Source/FilteringFunctions/arm_fir_sparse_init_q7.c.obj
LOAD CMakeFiles/RM_FreeRTOS.elf.dir/DSP_Lib/Source/FilteringFunctions/arm_fir_sparse_q15.c.obj
LOAD CMakeFiles/RM_FreeRTOS.elf.dir/DSP_Lib/Source/FilteringFunctions/arm_fir_sparse_q31.c.obj
LOAD CMakeFiles/RM_FreeRTOS.elf.dir/DSP_Lib/Source/FilteringFunctions/arm_fir_sparse_q7.c.obj
LOAD CMakeFiles/RM_FreeRTOS.elf.dir/DSP_Lib/Source/FilteringFunctions/arm_iir_lattice_f32.c.obj
LOAD CMakeFiles/RM_FreeRTOS.elf.dir/DSP_Lib/Source/FilteringFunctions/arm_iir_lattice_init_f32.c.obj
LOAD CMakeFiles/RM_FreeRTOS.elf.dir/DSP_Lib/Source/FilteringFunctions/arm_iir_lattice_init_q15.c.obj
LOAD CMakeFiles/RM_FreeRTOS.elf.dir/DSP_Lib/Source/FilteringFunctions/arm_iir_lattice_init_q31.c.obj
LOAD CMakeFiles/RM_FreeRTOS.elf.dir/DSP_Lib/Source/FilteringFunctions/arm_iir_lattice_q15.c.obj
LOAD CMakeFiles/RM_FreeRTOS.elf.dir/DSP_Lib/Source/FilteringFunctions/arm_iir_lattice_q31.c.obj
LOAD CMakeFiles/RM_FreeRTOS.elf.dir/DSP_Lib/Source/FilteringFunctions/arm_lms_f32.c.obj
LOAD CMakeFiles/RM_FreeRTOS.elf.dir/DSP_Lib/Source/FilteringFunctions/arm_lms_init_f32.c.obj
LOAD CMakeFiles/RM_FreeRTOS.elf.dir/DSP_Lib/Source/FilteringFunctions/arm_lms_init_q15.c.obj
LOAD CMakeFiles/RM_FreeRTOS.elf.dir/DSP_Lib/Source/FilteringFunctions/arm_lms_init_q31.c.obj
LOAD CMakeFiles/RM_FreeRTOS.elf.dir/DSP_Lib/Source/FilteringFunctions/arm_lms_norm_f32.c.obj
LOAD CMakeFiles/RM_FreeRTOS.elf.dir/DSP_Lib/Source/FilteringFunctions/arm_lms_norm_init_f32.c.obj
LOAD CMakeFiles/RM_FreeRTOS.elf.dir/DSP_Lib/Source/FilteringFunctions/arm_lms_norm_init_q15.c.obj
LOAD CMakeFiles/RM_FreeRTOS.elf.dir/DSP_Lib/Source/FilteringFunctions/arm_lms_norm_init_q31.c.obj
LOAD CMakeFiles/RM_FreeRTOS.elf.dir/DSP_Lib/Source/FilteringFunctions/arm_lms_norm_q15.c.obj
LOAD CMakeFiles/RM_FreeRTOS.elf.dir/DSP_Lib/Source/FilteringFunctions/arm_lms_norm_q31.c.obj
LOAD CMakeFiles/RM_FreeRTOS.elf.dir/DSP_Lib/Source/FilteringFunctions/arm_lms_q15.c.obj
LOAD CMakeFiles/RM_FreeRTOS.elf.dir/DSP_Lib/Source/FilteringFunctions/arm_lms_q31.c.obj
LOAD CMakeFiles/RM_FreeRTOS.elf.dir/DSP_Lib/Source/MatrixFunctions/arm_mat_add_f32.c.obj
LOAD CMakeFiles/RM_FreeRTOS.elf.dir/DSP_Lib/Source/MatrixFunctions/arm_mat_add_q15.c.obj
LOAD CMakeFiles/RM_FreeRTOS.elf.dir/DSP_Lib/Source/MatrixFunctions/arm_mat_add_q31.c.obj
LOAD CMakeFiles/RM_FreeRTOS.elf.dir/DSP_Lib/Source/MatrixFunctions/arm_mat_cmplx_mult_f32.c.obj
LOAD CMakeFiles/RM_FreeRTOS.elf.dir/DSP_Lib/Source/MatrixFunctions/arm_mat_cmplx_mult_q15.c.obj
LOAD CMakeFiles/RM_FreeRTOS.elf.dir/DSP_Lib/Source/MatrixFunctions/arm_mat_cmplx_mult_q31.c.obj
LOAD CMakeFiles/RM_FreeRTOS.elf.dir/DSP_Lib/Source/MatrixFunctions/arm_mat_init_f32.c.obj
LOAD CMakeFiles/RM_FreeRTOS.elf.dir/DSP_Lib/Source/MatrixFunctions/arm_mat_init_q15.c.obj
LOAD CMakeFiles/RM_FreeRTOS.elf.dir/DSP_Lib/Source/MatrixFunctions/arm_mat_init_q31.c.obj
LOAD CMakeFiles/RM_FreeRTOS.elf.dir/DSP_Lib/Source/MatrixFunctions/arm_mat_inverse_f32.c.obj
LOAD CMakeFiles/RM_FreeRTOS.elf.dir/DSP_Lib/Source/MatrixFunctions/arm_mat_inverse_f64.c.obj
LOAD CMakeFiles/RM_FreeRTOS.elf.dir/DSP_Lib/Source/MatrixFunctions/arm_mat_mult_f32.c.obj
LOAD CMakeFiles/RM_FreeRTOS.elf.dir/DSP_Lib/Source/MatrixFunctions/arm_mat_mult_fast_q15.c.obj
LOAD CMakeFiles/RM_FreeRTOS.elf.dir/DSP_Lib/Source/MatrixFunctions/arm_mat_mult_fast_q31.c.obj
LOAD CMakeFiles/RM_FreeRTOS.elf.dir/DSP_Lib/Source/MatrixFunctions/arm_mat_mult_q15.c.obj
LOAD CMakeFiles/RM_FreeRTOS.elf.dir/DSP_Lib/Source/MatrixFunctions/arm_mat_mult_q31.c.obj
LOAD CMakeFiles/RM_FreeRTOS.elf.dir/DSP_Lib/Source/MatrixFunctions/arm_mat_scale_f32.c.obj
LOAD CMakeFiles/RM_FreeRTOS.elf.dir/DSP_Lib/Source/MatrixFunctions/arm_mat_scale_q15.c.obj
LOAD CMakeFiles/RM_FreeRTOS.elf.dir/DSP_Lib/Source/MatrixFunctions/arm_mat_scale_q31.c.obj
LOAD CMakeFiles/RM_FreeRTOS.elf.dir/DSP_Lib/Source/MatrixFunctions/arm_mat_sub_f32.c.obj
LOAD CMakeFiles/RM_FreeRTOS.elf.dir/DSP_Lib/Source/MatrixFunctions/arm_mat_sub_q15.c.obj
LOAD CMakeFiles/RM_FreeRTOS.elf.dir/DSP_Lib/Source/MatrixFunctions/arm_mat_sub_q31.c.obj
LOAD CMakeFiles/RM_FreeRTOS.elf.dir/DSP_Lib/Source/MatrixFunctions/arm_mat_trans_f32.c.obj
LOAD CMakeFiles/RM_FreeRTOS.elf.dir/DSP_Lib/Source/MatrixFunctions/arm_mat_trans_q15.c.obj
LOAD CMakeFiles/RM_FreeRTOS.elf.dir/DSP_Lib/Source/MatrixFunctions/arm_mat_trans_q31.c.obj
LOAD CMakeFiles/RM_FreeRTOS.elf.dir/DSP_Lib/Source/StatisticsFunctions/arm_max_f32.c.obj
LOAD CMakeFiles/RM_FreeRTOS.elf.dir/DSP_Lib/Source/StatisticsFunctions/arm_max_q15.c.obj
LOAD CMakeFiles/RM_FreeRTOS.elf.dir/DSP_Lib/Source/StatisticsFunctions/arm_max_q31.c.obj
LOAD CMakeFiles/RM_FreeRTOS.elf.dir/DSP_Lib/Source/StatisticsFunctions/arm_max_q7.c.obj
LOAD CMakeFiles/RM_FreeRTOS.elf.dir/DSP_Lib/Source/StatisticsFunctions/arm_mean_f32.c.obj
LOAD CMakeFiles/RM_FreeRTOS.elf.dir/DSP_Lib/Source/StatisticsFunctions/arm_mean_q15.c.obj
LOAD CMakeFiles/RM_FreeRTOS.elf.dir/DSP_Lib/Source/StatisticsFunctions/arm_mean_q31.c.obj
LOAD CMakeFiles/RM_FreeRTOS.elf.dir/DSP_Lib/Source/StatisticsFunctions/arm_mean_q7.c.obj
LOAD CMakeFiles/RM_FreeRTOS.elf.dir/DSP_Lib/Source/StatisticsFunctions/arm_min_f32.c.obj
LOAD CMakeFiles/RM_FreeRTOS.elf.dir/DSP_Lib/Source/StatisticsFunctions/arm_min_q15.c.obj
LOAD CMakeFiles/RM_FreeRTOS.elf.dir/DSP_Lib/Source/StatisticsFunctions/arm_min_q31.c.obj
LOAD CMakeFiles/RM_FreeRTOS.elf.dir/DSP_Lib/Source/StatisticsFunctions/arm_min_q7.c.obj
LOAD CMakeFiles/RM_FreeRTOS.elf.dir/DSP_Lib/Source/StatisticsFunctions/arm_power_f32.c.obj
LOAD CMakeFiles/RM_FreeRTOS.elf.dir/DSP_Lib/Source/StatisticsFunctions/arm_power_q15.c.obj
LOAD CMakeFiles/RM_FreeRTOS.elf.dir/DSP_Lib/Source/StatisticsFunctions/arm_power_q31.c.obj
LOAD CMakeFiles/RM_FreeRTOS.elf.dir/DSP_Lib/Source/StatisticsFunctions/arm_power_q7.c.obj
LOAD CMakeFiles/RM_FreeRTOS.elf.dir/DSP_Lib/Source/StatisticsFunctions/arm_rms_f32.c.obj
LOAD CMakeFiles/RM_FreeRTOS.elf.dir/DSP_Lib/Source/StatisticsFunctions/arm_rms_q15.c.obj
LOAD CMakeFiles/RM_FreeRTOS.elf.dir/DSP_Lib/Source/StatisticsFunctions/arm_rms_q31.c.obj
LOAD CMakeFiles/RM_FreeRTOS.elf.dir/DSP_Lib/Source/StatisticsFunctions/arm_std_f32.c.obj
LOAD CMakeFiles/RM_FreeRTOS.elf.dir/DSP_Lib/Source/StatisticsFunctions/arm_std_q15.c.obj
LOAD CMakeFiles/RM_FreeRTOS.elf.dir/DSP_Lib/Source/StatisticsFunctions/arm_std_q31.c.obj
LOAD CMakeFiles/RM_FreeRTOS.elf.dir/DSP_Lib/Source/StatisticsFunctions/arm_var_f32.c.obj
LOAD CMakeFiles/RM_FreeRTOS.elf.dir/DSP_Lib/Source/StatisticsFunctions/arm_var_q15.c.obj
LOAD CMakeFiles/RM_FreeRTOS.elf.dir/DSP_Lib/Source/StatisticsFunctions/arm_var_q31.c.obj
LOAD CMakeFiles/RM_FreeRTOS.elf.dir/DSP_Lib/Source/SupportFunctions/arm_copy_f32.c.obj
LOAD CMakeFiles/RM_FreeRTOS.elf.dir/DSP_Lib/Source/SupportFunctions/arm_copy_q15.c.obj
LOAD CMakeFiles/RM_FreeRTOS.elf.dir/DSP_Lib/Source/SupportFunctions/arm_copy_q31.c.obj
LOAD CMakeFiles/RM_FreeRTOS.elf.dir/DSP_Lib/Source/SupportFunctions/arm_copy_q7.c.obj
LOAD CMakeFiles/RM_FreeRTOS.elf.dir/DSP_Lib/Source/SupportFunctions/arm_fill_f32.c.obj
LOAD CMakeFiles/RM_FreeRTOS.elf.dir/DSP_Lib/Source/SupportFunctions/arm_fill_q15.c.obj
LOAD CMakeFiles/RM_FreeRTOS.elf.dir/DSP_Lib/Source/SupportFunctions/arm_fill_q31.c.obj
LOAD CMakeFiles/RM_FreeRTOS.elf.dir/DSP_Lib/Source/SupportFunctions/arm_fill_q7.c.obj
LOAD CMakeFiles/RM_FreeRTOS.elf.dir/DSP_Lib/Source/SupportFunctions/arm_float_to_q15.c.obj
LOAD CMakeFiles/RM_FreeRTOS.elf.dir/DSP_Lib/Source/SupportFunctions/arm_float_to_q31.c.obj
LOAD CMakeFiles/RM_FreeRTOS.elf.dir/DSP_Lib/Source/SupportFunctions/arm_float_to_q7.c.obj
LOAD CMakeFiles/RM_FreeRTOS.elf.dir/DSP_Lib/Source/SupportFunctions/arm_q15_to_float.c.obj
LOAD CMakeFiles/RM_FreeRTOS.elf.dir/DSP_Lib/Source/SupportFunctions/arm_q15_to_q31.c.obj
LOAD CMakeFiles/RM_FreeRTOS.elf.dir/DSP_Lib/Source/SupportFunctions/arm_q15_to_q7.c.obj
LOAD CMakeFiles/RM_FreeRTOS.elf.dir/DSP_Lib/Source/SupportFunctions/arm_q31_to_float.c.obj
LOAD CMakeFiles/RM_FreeRTOS.elf.dir/DSP_Lib/Source/SupportFunctions/arm_q31_to_q15.c.obj
LOAD CMakeFiles/RM_FreeRTOS.elf.dir/DSP_Lib/Source/SupportFunctions/arm_q31_to_q7.c.obj
LOAD CMakeFiles/RM_FreeRTOS.elf.dir/DSP_Lib/Source/SupportFunctions/arm_q7_to_float.c.obj
LOAD CMakeFiles/RM_FreeRTOS.elf.dir/DSP_Lib/Source/SupportFunctions/arm_q7_to_q15.c.obj
LOAD CMakeFiles/RM_FreeRTOS.elf.dir/DSP_Lib/Source/SupportFunctions/arm_q7_to_q31.c.obj
LOAD CMakeFiles/RM_FreeRTOS.elf.dir/DSP_Lib/Source/TransformFunctions/arm_bitreversal.c.obj
LOAD CMakeFiles/RM_FreeRTOS.elf.dir/DSP_Lib/Source/TransformFunctions/arm_bitreversal2.S.obj
LOAD CMakeFiles/RM_FreeRTOS.elf.dir/DSP_Lib/Source/TransformFunctions/arm_cfft_f32.c.obj
LOAD CMakeFiles/RM_FreeRTOS.elf.dir/DSP_Lib/Source/TransformFunctions/arm_cfft_q15.c.obj
LOAD CMakeFiles/RM_FreeRTOS.elf.dir/DSP_Lib/Source/TransformFunctions/arm_cfft_q31.c.obj
LOAD CMakeFiles/RM_FreeRTOS.elf.dir/DSP_Lib/Source/TransformFunctions/arm_cfft_radix2_f32.c.obj
LOAD CMakeFiles/RM_FreeRTOS.elf.dir/DSP_Lib/Source/TransformFunctions/arm_cfft_radix2_init_f32.c.obj
LOAD CMakeFiles/RM_FreeRTOS.elf.dir/DSP_Lib/Source/TransformFunctions/arm_cfft_radix2_init_q15.c.obj
LOAD CMakeFiles/RM_FreeRTOS.elf.dir/DSP_Lib/Source/TransformFunctions/arm_cfft_radix2_init_q31.c.obj
LOAD CMakeFiles/RM_FreeRTOS.elf.dir/DSP_Lib/Source/TransformFunctions/arm_cfft_radix2_q15.c.obj
LOAD CMakeFiles/RM_FreeRTOS.elf.dir/DSP_Lib/Source/TransformFunctions/arm_cfft_radix2_q31.c.obj
LOAD CMakeFiles/RM_FreeRTOS.elf.dir/DSP_Lib/Source/TransformFunctions/arm_cfft_radix4_f32.c.obj
LOAD CMakeFiles/RM_FreeRTOS.elf.dir/DSP_Lib/Source/TransformFunctions/arm_cfft_radix4_init_f32.c.obj
LOAD CMakeFiles/RM_FreeRTOS.elf.dir/DSP_Lib/Source/TransformFunctions/arm_cfft_radix4_init_q15.c.obj
LOAD CMakeFiles/RM_FreeRTOS.elf.dir/DSP_Lib/Source/TransformFunctions/arm_cfft_radix4_init_q31.c.obj
LOAD CMakeFiles/RM_FreeRTOS.elf.dir/DSP_Lib/Source/TransformFunctions/arm_cfft_radix4_q15.c.obj
LOAD CMakeFiles/RM_FreeRTOS.elf.dir/DSP_Lib/Source/TransformFunctions/arm_cfft_radix4_q31.c.obj
LOAD CMakeFiles/RM_FreeRTOS.elf.dir/DSP_Lib/Source/TransformFunctions/arm_cfft_radix8_f32.c.obj
LOAD CMakeFiles/RM_FreeRTOS.elf.dir/DSP_Lib/Source/TransformFunctions/arm_dct4_f32.c.obj
LOAD CMakeFiles/RM_FreeRTOS.elf.dir/DSP_Lib/Source/TransformFunctions/arm_dct4_init_f32.c.obj
LOAD CMakeFiles/RM_FreeRTOS.elf.dir/DSP_Lib/Source/TransformFunctions/arm_dct4_init_q15.c.obj
LOAD CMakeFiles/RM_FreeRTOS.elf.dir/DSP_Lib/Source/TransformFunctions/arm_dct4_init_q31.c.obj
LOAD CMakeFiles/RM_FreeRTOS.elf.dir/DSP_Lib/Source/TransformFunctions/arm_dct4_q15.c.obj
LOAD CMakeFiles/RM_FreeRTOS.elf.dir/DSP_Lib/Source/TransformFunctions/arm_dct4_q31.c.obj
LOAD CMakeFiles/RM_FreeRTOS.elf.dir/DSP_Lib/Source/TransformFunctions/arm_rfft_f32.c.obj
LOAD CMakeFiles/RM_FreeRTOS.elf.dir/DSP_Lib/Source/TransformFunctions/arm_rfft_fast_f32.c.obj
LOAD CMakeFiles/RM_FreeRTOS.elf.dir/DSP_Lib/Source/TransformFunctions/arm_rfft_fast_init_f32.c.obj
LOAD CMakeFiles/RM_FreeRTOS.elf.dir/DSP_Lib/Source/TransformFunctions/arm_rfft_init_f32.c.obj
LOAD CMakeFiles/RM_FreeRTOS.elf.dir/DSP_Lib/Source/TransformFunctions/arm_rfft_init_q15.c.obj
LOAD CMakeFiles/RM_FreeRTOS.elf.dir/DSP_Lib/Source/TransformFunctions/arm_rfft_init_q31.c.obj
LOAD CMakeFiles/RM_FreeRTOS.elf.dir/DSP_Lib/Source/TransformFunctions/arm_rfft_q15.c.obj
LOAD CMakeFiles/RM_FreeRTOS.elf.dir/DSP_Lib/Source/TransformFunctions/arm_rfft_q31.c.obj
LOAD CMakeFiles/RM_FreeRTOS.elf.dir/Devices/BMI088Middleware.c.obj
LOAD CMakeFiles/RM_FreeRTOS.elf.dir/Devices/BMI088driver.c.obj
LOAD CMakeFiles/RM_FreeRTOS.elf.dir/Devices/transfer_function.c.obj
LOAD CMakeFiles/RM_FreeRTOS.elf.dir/Drivers/STM32F4xx_HAL_Driver/Src/stm32f4xx_hal.c.obj
LOAD CMakeFiles/RM_FreeRTOS.elf.dir/Drivers/STM32F4xx_HAL_Driver/Src/stm32f4xx_hal_cortex.c.obj
LOAD CMakeFiles/RM_FreeRTOS.elf.dir/Drivers/STM32F4xx_HAL_Driver/Src/stm32f4xx_hal_dma.c.obj
LOAD CMakeFiles/RM_FreeRTOS.elf.dir/Drivers/STM32F4xx_HAL_Driver/Src/stm32f4xx_hal_dma_ex.c.obj
LOAD CMakeFiles/RM_FreeRTOS.elf.dir/Drivers/STM32F4xx_HAL_Driver/Src/stm32f4xx_hal_exti.c.obj
LOAD CMakeFiles/RM_FreeRTOS.elf.dir/Drivers/STM32F4xx_HAL_Driver/Src/stm32f4xx_hal_flash.c.obj
LOAD CMakeFiles/RM_FreeRTOS.elf.dir/Drivers/STM32F4xx_HAL_Driver/Src/stm32f4xx_hal_flash_ex.c.obj
LOAD CMakeFiles/RM_FreeRTOS.elf.dir/Drivers/STM32F4xx_HAL_Driver/Src/stm32f4xx_hal_flash_ramfunc.c.obj
LOAD CMakeFiles/RM_FreeRTOS.elf.dir/Drivers/STM32F4xx_HAL_Driver/Src/stm32f4xx_hal_gpio.c.obj
LOAD CMakeFiles/RM_FreeRTOS.elf.dir/Drivers/STM32F4xx_HAL_Driver/Src/stm32f4xx_hal_pwr.c.obj
LOAD CMakeFiles/RM_FreeRTOS.elf.dir/Drivers/STM32F4xx_HAL_Driver/Src/stm32f4xx_hal_pwr_ex.c.obj
LOAD CMakeFiles/RM_FreeRTOS.elf.dir/Drivers/STM32F4xx_HAL_Driver/Src/stm32f4xx_hal_rcc.c.obj
LOAD CMakeFiles/RM_FreeRTOS.elf.dir/Drivers/STM32F4xx_HAL_Driver/Src/stm32f4xx_hal_rcc_ex.c.obj
LOAD CMakeFiles/RM_FreeRTOS.elf.dir/Drivers/STM32F4xx_HAL_Driver/Src/stm32f4xx_hal_spi.c.obj
LOAD CMakeFiles/RM_FreeRTOS.elf.dir/Drivers/STM32F4xx_HAL_Driver/Src/stm32f4xx_hal_tim.c.obj
LOAD CMakeFiles/RM_FreeRTOS.elf.dir/Drivers/STM32F4xx_HAL_Driver/Src/stm32f4xx_hal_tim_ex.c.obj
LOAD CMakeFiles/RM_FreeRTOS.elf.dir/Middlewares/Third_Party/FreeRTOS/Source/CMSIS_RTOS_V2/cmsis_os2.c.obj
LOAD CMakeFiles/RM_FreeRTOS.elf.dir/Middlewares/Third_Party/FreeRTOS/Source/croutine.c.obj
LOAD CMakeFiles/RM_FreeRTOS.elf.dir/Middlewares/Third_Party/FreeRTOS/Source/event_groups.c.obj
LOAD CMakeFiles/RM_FreeRTOS.elf.dir/Middlewares/Third_Party/FreeRTOS/Source/list.c.obj
LOAD CMakeFiles/RM_FreeRTOS.elf.dir/Middlewares/Third_Party/FreeRTOS/Source/portable/GCC/ARM_CM4F/port.c.obj
LOAD CMakeFiles/RM_FreeRTOS.elf.dir/Middlewares/Third_Party/FreeRTOS/Source/portable/MemMang/heap_4.c.obj
LOAD CMakeFiles/RM_FreeRTOS.elf.dir/Middlewares/Third_Party/FreeRTOS/Source/queue.c.obj
LOAD CMakeFiles/RM_FreeRTOS.elf.dir/Middlewares/Third_Party/FreeRTOS/Source/stream_buffer.c.obj
LOAD CMakeFiles/RM_FreeRTOS.elf.dir/Middlewares/Third_Party/FreeRTOS/Source/tasks.c.obj
LOAD CMakeFiles/RM_FreeRTOS.elf.dir/Middlewares/Third_Party/FreeRTOS/Source/timers.c.obj
LOAD CMakeFiles/RM_FreeRTOS.elf.dir/Task/Task_Gyro.c.obj
LOAD CMakeFiles/RM_FreeRTOS.elf.dir/Task/Task_LED.c.obj
START GROUP
LOAD c:/progra~2/gnuarm~1/102021~1.10/bin/../lib/gcc/arm-none-eabi/10.3.1/thumb/v7e-m+fp/hard\libgcc.a
LOAD c:/progra~2/gnuarm~1/102021~1.10/bin/../lib/gcc/arm-none-eabi/10.3.1/../../../../arm-none-eabi/lib/thumb/v7e-m+fp/hard\libg.a
LOAD c:/progra~2/gnuarm~1/102021~1.10/bin/../lib/gcc/arm-none-eabi/10.3.1/../../../../arm-none-eabi/lib/thumb/v7e-m+fp/hard\libc.a
END GROUP
LOAD c:/progra~2/gnuarm~1/102021~1.10/bin/../lib/gcc/arm-none-eabi/10.3.1/thumb/v7e-m+fp/hard/crtend.o
LOAD c:/progra~2/gnuarm~1/102021~1.10/bin/../lib/gcc/arm-none-eabi/10.3.1/thumb/v7e-m+fp/hard/crtn.o
                0x20020000                _estack = (ORIGIN (RAM) + LENGTH (RAM))
                0x00000200                _Min_Heap_Size = 0x200
                0x00000400                _Min_Stack_Size = 0x400

.isr_vector     0x08000000      0x188
                0x08000000                . = ALIGN (0x4)
 *(.isr_vector)
 .isr_vector    0x08000000      0x188 CMakeFiles/RM_FreeRTOS.elf.dir/Core/Startup/startup_stm32f407ighx.s.obj
                0x08000000                g_pfnVectors
                0x08000188                . = ALIGN (0x4)

.text           0x08000190     0x8d2c
                0x08000190                . = ALIGN (0x4)
 *(.text)
 .text          0x08000190       0x40 c:/progra~2/gnuarm~1/102021~1.10/bin/../lib/gcc/arm-none-eabi/10.3.1/thumb/v7e-m+fp/hard/crtbegin.o
 .text          0x080001d0       0x30 c:/progra~2/gnuarm~1/102021~1.10/bin/../lib/gcc/arm-none-eabi/10.3.1/thumb/v7e-m+fp/hard\libgcc.a(_aeabi_uldivmod.o)
                0x080001d0                __aeabi_uldivmod
 .text          0x08000200      0x2d0 c:/progra~2/gnuarm~1/102021~1.10/bin/../lib/gcc/arm-none-eabi/10.3.1/thumb/v7e-m+fp/hard\libgcc.a(_udivmoddi4.o)
                0x08000200                __udivmoddi4
 .text          0x080004d0        0x4 c:/progra~2/gnuarm~1/102021~1.10/bin/../lib/gcc/arm-none-eabi/10.3.1/thumb/v7e-m+fp/hard\libgcc.a(_dvmd_tls.o)
                0x080004d0                __aeabi_idiv0
                0x080004d0                __aeabi_ldiv0
 .text          0x080004d4      0x134 c:/progra~2/gnuarm~1/102021~1.10/bin/../lib/gcc/arm-none-eabi/10.3.1/../../../../arm-none-eabi/lib/thumb/v7e-m+fp/hard\libg.a(lib_a-memcpy.o)
                0x080004d4                memcpy
 *(.text*)
 .text.invSqrt  0x08000608       0x30 CMakeFiles/RM_FreeRTOS.elf.dir/Algorithm/QuaternionEKF.c.obj
 .text.IMU_QuaternionEKF_F_Linearization_P_Fading
                0x08000638      0x1a0 CMakeFiles/RM_FreeRTOS.elf.dir/Algorithm/QuaternionEKF.c.obj
 .text.IMU_QuaternionEKF_Observe
                0x080007d8       0x38 CMakeFiles/RM_FreeRTOS.elf.dir/Algorithm/QuaternionEKF.c.obj
 .text.IMU_QuaternionEKF_xhatUpdate
                0x08000810      0x43c CMakeFiles/RM_FreeRTOS.elf.dir/Algorithm/QuaternionEKF.c.obj
 .text.IMU_QuaternionEKF_SetH
                0x08000c4c       0xe4 CMakeFiles/RM_FreeRTOS.elf.dir/Algorithm/QuaternionEKF.c.obj
 .text.IMU_QuaternionEKF_Init
                0x08000d30       0xe0 CMakeFiles/RM_FreeRTOS.elf.dir/Algorithm/QuaternionEKF.c.obj
                0x08000d30                IMU_QuaternionEKF_Init
 .text.IMU_QuaternionEKF_Update
                0x08000e10      0x488 CMakeFiles/RM_FreeRTOS.elf.dir/Algorithm/QuaternionEKF.c.obj
                0x08000e10                IMU_QuaternionEKF_Update
 .text.IMU_Param_Correction
                0x08001298      0x2c8 CMakeFiles/RM_FreeRTOS.elf.dir/Application/ins_task.c.obj
 .text.INS_Init
                0x08001560       0xb4 CMakeFiles/RM_FreeRTOS.elf.dir/Application/ins_task.c.obj
                0x08001560                INS_Init
 .text.BodyFrameToEarthFrame
                0x08001614      0x126 CMakeFiles/RM_FreeRTOS.elf.dir/Application/ins_task.c.obj
                0x08001614                BodyFrameToEarthFrame
 .text.EarthFrameToBodyFrame
                0x0800173a      0x126 CMakeFiles/RM_FreeRTOS.elf.dir/Application/ins_task.c.obj
                0x0800173a                EarthFrameToBodyFrame
 .text.IMU_Temperature_Ctrl
                0x08001860       0x60 CMakeFiles/RM_FreeRTOS.elf.dir/Application/ins_task.c.obj
                0x08001860                IMU_Temperature_Ctrl
 .text.INS_Task
                0x080018c0      0x1ec CMakeFiles/RM_FreeRTOS.elf.dir/Application/ins_task.c.obj
                0x080018c0                INS_Task
 .text.TIM_Set_PWM
                0x08001aac       0x32 CMakeFiles/RM_FreeRTOS.elf.dir/Bsp/bsp_PWM.c.obj
                0x08001aac                TIM_Set_PWM
 *fill*         0x08001ade        0x2 
 .text.DWT_CNT_Update
                0x08001ae0       0x30 CMakeFiles/RM_FreeRTOS.elf.dir/Bsp/bsp_dwt.c.obj
 .text.DWT_Init
                0x08001b10       0x68 CMakeFiles/RM_FreeRTOS.elf.dir/Bsp/bsp_dwt.c.obj
                0x08001b10                DWT_Init
 .text.DWT_GetDeltaT
                0x08001b78       0x48 CMakeFiles/RM_FreeRTOS.elf.dir/Bsp/bsp_dwt.c.obj
                0x08001b78                DWT_GetDeltaT
 .text.DWT_SysTimeUpdate
                0x08001bc0       0xcc CMakeFiles/RM_FreeRTOS.elf.dir/Bsp/bsp_dwt.c.obj
                0x08001bc0                DWT_SysTimeUpdate
 .text.DWT_GetTimeline_s
                0x08001c8c       0x4c CMakeFiles/RM_FreeRTOS.elf.dir/Bsp/bsp_dwt.c.obj
                0x08001c8c                DWT_GetTimeline_s
 .text.DWT_Delay
                0x08001cd8       0x34 CMakeFiles/RM_FreeRTOS.elf.dir/Bsp/bsp_dwt.c.obj
                0x08001cd8                DWT_Delay
 .text.H_K_R_Adjustment
                0x08001d0c      0x118 CMakeFiles/RM_FreeRTOS.elf.dir/Components/kalman_filter.c.obj
 .text.Kalman_Filter_Init
                0x08001e24      0x42c CMakeFiles/RM_FreeRTOS.elf.dir/Components/kalman_filter.c.obj
                0x08001e24                Kalman_Filter_Init
 .text.Kalman_Filter_Measure
                0x08002250       0x4c CMakeFiles/RM_FreeRTOS.elf.dir/Components/kalman_filter.c.obj
                0x08002250                Kalman_Filter_Measure
 .text.Kalman_Filter_xhatMinusUpdate
                0x0800229c       0x76 CMakeFiles/RM_FreeRTOS.elf.dir/Components/kalman_filter.c.obj
                0x0800229c                Kalman_Filter_xhatMinusUpdate
 .text.Kalman_Filter_PminusUpdate
                0x08002312       0x68 CMakeFiles/RM_FreeRTOS.elf.dir/Components/kalman_filter.c.obj
                0x08002312                Kalman_Filter_PminusUpdate
 .text.Kalman_Filter_SetK
                0x0800237a       0xcc CMakeFiles/RM_FreeRTOS.elf.dir/Components/kalman_filter.c.obj
                0x0800237a                Kalman_Filter_SetK
 .text.Kalman_Filter_xhatUpdate
                0x08002446       0x82 CMakeFiles/RM_FreeRTOS.elf.dir/Components/kalman_filter.c.obj
                0x08002446                Kalman_Filter_xhatUpdate
 .text.Kalman_Filter_P_Update
                0x080024c8       0x64 CMakeFiles/RM_FreeRTOS.elf.dir/Components/kalman_filter.c.obj
                0x080024c8                Kalman_Filter_P_Update
 .text.Kalman_Filter_Update
                0x0800252c       0xf8 CMakeFiles/RM_FreeRTOS.elf.dir/Components/kalman_filter.c.obj
                0x0800252c                Kalman_Filter_Update
 .text.float_constrain
                0x08002624       0x20 CMakeFiles/RM_FreeRTOS.elf.dir/Components/user_lib.c.obj
                0x08002624                float_constrain
 .text.float_rounding
                0x08002644       0x40 CMakeFiles/RM_FreeRTOS.elf.dir/Components/user_lib.c.obj
                0x08002644                float_rounding
 .text.OLS_Init
                0x08002684       0x42 CMakeFiles/RM_FreeRTOS.elf.dir/Components/user_lib.c.obj
                0x08002684                OLS_Init
 *fill*         0x080026c6        0x2 
 .text.OLS_Derivative
                0x080026c8      0x180 CMakeFiles/RM_FreeRTOS.elf.dir/Components/user_lib.c.obj
                0x080026c8                OLS_Derivative
 .text.f_Trapezoid_Intergral
                0x08002848       0x62 CMakeFiles/RM_FreeRTOS.elf.dir/Controller/controller.c.obj
 .text.f_Changing_Integration_Rate
                0x080028aa       0x66 CMakeFiles/RM_FreeRTOS.elf.dir/Controller/controller.c.obj
 .text.f_Integral_Limit
                0x08002910       0x94 CMakeFiles/RM_FreeRTOS.elf.dir/Controller/controller.c.obj
 .text.f_Derivative_Filter
                0x080029a4       0x2e CMakeFiles/RM_FreeRTOS.elf.dir/Controller/controller.c.obj
 .text.f_Output_Filter
                0x080029d2       0x2e CMakeFiles/RM_FreeRTOS.elf.dir/Controller/controller.c.obj
 .text.f_Output_Limit
                0x08002a00       0x2e CMakeFiles/RM_FreeRTOS.elf.dir/Controller/controller.c.obj
 .text.f_Proportion_Limit
                0x08002a2e       0x2e CMakeFiles/RM_FreeRTOS.elf.dir/Controller/controller.c.obj
 .text.f_PID_ErrorHandle
                0x08002a5c       0x98 CMakeFiles/RM_FreeRTOS.elf.dir/Controller/controller.c.obj
 .text.f_Derivative_On_Measurement
                0x08002af4       0xb6 CMakeFiles/RM_FreeRTOS.elf.dir/Controller/controller.c.obj
 .text.PID_Init
                0x08002baa       0x58 CMakeFiles/RM_FreeRTOS.elf.dir/Controller/controller.c.obj
                0x08002baa                PID_Init
 .text.PID_Calculate
                0x08002c02      0x20c CMakeFiles/RM_FreeRTOS.elf.dir/Controller/controller.c.obj
                0x08002c02                PID_Calculate
 *fill*         0x08002e0e        0x2 
 .text.MX_DMA_Init
                0x08002e10       0x44 CMakeFiles/RM_FreeRTOS.elf.dir/Core/Src/dma.c.obj
                0x08002e10                MX_DMA_Init
 .text.MX_FREERTOS_Init
                0x08002e54       0x54 CMakeFiles/RM_FreeRTOS.elf.dir/Core/Src/freertos.c.obj
                0x08002e54                MX_FREERTOS_Init
 .text.MX_GPIO_Init
                0x08002ea8      0x29c CMakeFiles/RM_FreeRTOS.elf.dir/Core/Src/gpio.c.obj
                0x08002ea8                MX_GPIO_Init
 .text.HAL_TIM_PeriodElapsedCallback
                0x08003144       0x18 CMakeFiles/RM_FreeRTOS.elf.dir/Core/Src/main.c.obj
                0x08003144                HAL_TIM_PeriodElapsedCallback
 .text.Error_Handler
                0x0800315c        0x4 CMakeFiles/RM_FreeRTOS.elf.dir/Core/Src/main.c.obj
                0x0800315c                Error_Handler
 .text.SystemClock_Config
                0x08003160       0xa8 CMakeFiles/RM_FreeRTOS.elf.dir/Core/Src/main.c.obj
                0x08003160                SystemClock_Config
 .text.main     0x08003208       0x44 CMakeFiles/RM_FreeRTOS.elf.dir/Core/Src/main.c.obj
                0x08003208                main
 .text.MX_SPI1_Init
                0x0800324c       0x48 CMakeFiles/RM_FreeRTOS.elf.dir/Core/Src/spi.c.obj
                0x0800324c                MX_SPI1_Init
 .text.HAL_SPI_MspInit
                0x08003294      0x130 CMakeFiles/RM_FreeRTOS.elf.dir/Core/Src/spi.c.obj
                0x08003294                HAL_SPI_MspInit
 .text.HAL_MspInit
                0x080033c4       0x44 CMakeFiles/RM_FreeRTOS.elf.dir/Core/Src/stm32f4xx_hal_msp.c.obj
                0x080033c4                HAL_MspInit
 .text.HAL_InitTick
                0x08003408       0xa4 CMakeFiles/RM_FreeRTOS.elf.dir/Core/Src/stm32f4xx_hal_timebase_tim.c.obj
                0x08003408                HAL_InitTick
 .text.NMI_Handler
                0x080034ac        0x2 CMakeFiles/RM_FreeRTOS.elf.dir/Core/Src/stm32f4xx_it.c.obj
                0x080034ac                NMI_Handler
 .text.HardFault_Handler
                0x080034ae        0x2 CMakeFiles/RM_FreeRTOS.elf.dir/Core/Src/stm32f4xx_it.c.obj
                0x080034ae                HardFault_Handler
 .text.MemManage_Handler
                0x080034b0        0x2 CMakeFiles/RM_FreeRTOS.elf.dir/Core/Src/stm32f4xx_it.c.obj
                0x080034b0                MemManage_Handler
 .text.BusFault_Handler
                0x080034b2        0x2 CMakeFiles/RM_FreeRTOS.elf.dir/Core/Src/stm32f4xx_it.c.obj
                0x080034b2                BusFault_Handler
 .text.UsageFault_Handler
                0x080034b4        0x2 CMakeFiles/RM_FreeRTOS.elf.dir/Core/Src/stm32f4xx_it.c.obj
                0x080034b4                UsageFault_Handler
 .text.DebugMon_Handler
                0x080034b6        0x2 CMakeFiles/RM_FreeRTOS.elf.dir/Core/Src/stm32f4xx_it.c.obj
                0x080034b6                DebugMon_Handler
 .text.EXTI3_IRQHandler
                0x080034b8        0xa CMakeFiles/RM_FreeRTOS.elf.dir/Core/Src/stm32f4xx_it.c.obj
                0x080034b8                EXTI3_IRQHandler
 .text.EXTI4_IRQHandler
                0x080034c2        0xa CMakeFiles/RM_FreeRTOS.elf.dir/Core/Src/stm32f4xx_it.c.obj
                0x080034c2                EXTI4_IRQHandler
 .text.EXTI9_5_IRQHandler
                0x080034cc       0x16 CMakeFiles/RM_FreeRTOS.elf.dir/Core/Src/stm32f4xx_it.c.obj
                0x080034cc                EXTI9_5_IRQHandler
 *fill*         0x080034e2        0x2 
 .text.TIM7_IRQHandler
                0x080034e4       0x10 CMakeFiles/RM_FreeRTOS.elf.dir/Core/Src/stm32f4xx_it.c.obj
                0x080034e4                TIM7_IRQHandler
 .text._sbrk    0x080034f4       0x48 CMakeFiles/RM_FreeRTOS.elf.dir/Core/Src/sysmem.c.obj
                0x080034f4                _sbrk
 .text.SystemInit
                0x0800353c       0x14 CMakeFiles/RM_FreeRTOS.elf.dir/Core/Src/system_stm32f4xx.c.obj
                0x0800353c                SystemInit
 .text.HAL_TIM_Base_MspInit
                0x08003550       0x30 CMakeFiles/RM_FreeRTOS.elf.dir/Core/Src/tim.c.obj
                0x08003550                HAL_TIM_Base_MspInit
 .text.HAL_TIM_MspPostInit
                0x08003580       0x60 CMakeFiles/RM_FreeRTOS.elf.dir/Core/Src/tim.c.obj
                0x08003580                HAL_TIM_MspPostInit
 .text.MX_TIM10_Init
                0x080035e0       0x74 CMakeFiles/RM_FreeRTOS.elf.dir/Core/Src/tim.c.obj
                0x080035e0                MX_TIM10_Init
 .text.Reset_Handler
                0x08003654       0x50 CMakeFiles/RM_FreeRTOS.elf.dir/Core/Startup/startup_stm32f407ighx.s.obj
                0x08003654                Reset_Handler
 .text.Default_Handler
                0x080036a4        0x2 CMakeFiles/RM_FreeRTOS.elf.dir/Core/Startup/startup_stm32f407ighx.s.obj
                0x080036a4                RTC_Alarm_IRQHandler
                0x080036a4                HASH_RNG_IRQHandler
                0x080036a4                EXTI2_IRQHandler
                0x080036a4                TIM8_CC_IRQHandler
                0x080036a4                TIM1_CC_IRQHandler
                0x080036a4                DMA2_Stream5_IRQHandler
                0x080036a4                DMA1_Stream5_IRQHandler
                0x080036a4                PVD_IRQHandler
                0x080036a4                SDIO_IRQHandler
                0x080036a4                TAMP_STAMP_IRQHandler
                0x080036a4                CAN2_RX1_IRQHandler
                0x080036a4                TIM8_TRG_COM_TIM14_IRQHandler
                0x080036a4                TIM1_UP_TIM10_IRQHandler
                0x080036a4                TIM8_UP_TIM13_IRQHandler
                0x080036a4                I2C3_ER_IRQHandler
                0x080036a4                EXTI0_IRQHandler
                0x080036a4                I2C2_EV_IRQHandler
                0x080036a4                DMA1_Stream2_IRQHandler
                0x080036a4                CAN1_RX0_IRQHandler
                0x080036a4                FPU_IRQHandler
                0x080036a4                OTG_HS_WKUP_IRQHandler
                0x080036a4                CAN2_SCE_IRQHandler
                0x080036a4                DMA2_Stream2_IRQHandler
                0x080036a4                SPI1_IRQHandler
                0x080036a4                TIM6_DAC_IRQHandler
                0x080036a4                TIM1_BRK_TIM9_IRQHandler
                0x080036a4                DCMI_IRQHandler
                0x080036a4                CAN2_RX0_IRQHandler
                0x080036a4                DMA2_Stream3_IRQHandler
                0x080036a4                USART6_IRQHandler
                0x080036a4                USART3_IRQHandler
                0x080036a4                CAN1_RX1_IRQHandler
                0x080036a4                UART5_IRQHandler
                0x080036a4                DMA2_Stream0_IRQHandler
                0x080036a4                TIM4_IRQHandler
                0x080036a4                I2C1_EV_IRQHandler
                0x080036a4                DMA1_Stream6_IRQHandler
                0x080036a4                DMA1_Stream1_IRQHandler
                0x080036a4                UART4_IRQHandler
                0x080036a4                TIM3_IRQHandler
                0x080036a4                RCC_IRQHandler
                0x080036a4                TIM8_BRK_TIM12_IRQHandler
                0x080036a4                Default_Handler
                0x080036a4                EXTI15_10_IRQHandler
                0x080036a4                ADC_IRQHandler
                0x080036a4                DMA1_Stream7_IRQHandler
                0x080036a4                CAN2_TX_IRQHandler
                0x080036a4                TIM5_IRQHandler
                0x080036a4                DMA2_Stream7_IRQHandler
                0x080036a4                I2C3_EV_IRQHandler
                0x080036a4                RTC_WKUP_IRQHandler
                0x080036a4                ETH_WKUP_IRQHandler
                0x080036a4                SPI2_IRQHandler
                0x080036a4                OTG_HS_EP1_IN_IRQHandler
                0x080036a4                DMA1_Stream0_IRQHandler
                0x080036a4                CAN1_TX_IRQHandler
                0x080036a4                FSMC_IRQHandler
                0x080036a4                ETH_IRQHandler
                0x080036a4                OTG_HS_EP1_OUT_IRQHandler
                0x080036a4                WWDG_IRQHandler
                0x080036a4                TIM2_IRQHandler
                0x080036a4                OTG_FS_WKUP_IRQHandler
                0x080036a4                TIM1_TRG_COM_TIM11_IRQHandler
                0x080036a4                OTG_HS_IRQHandler
                0x080036a4                EXTI1_IRQHandler
                0x080036a4                USART2_IRQHandler
                0x080036a4                I2C2_ER_IRQHandler
                0x080036a4                DMA2_Stream1_IRQHandler
                0x080036a4                CAN1_SCE_IRQHandler
                0x080036a4                FLASH_IRQHandler
                0x080036a4                DMA2_Stream4_IRQHandler
                0x080036a4                USART1_IRQHandler
                0x080036a4                OTG_FS_IRQHandler
                0x080036a4                SPI3_IRQHandler
                0x080036a4                DMA1_Stream4_IRQHandler
                0x080036a4                I2C1_ER_IRQHandler
                0x080036a4                DMA2_Stream6_IRQHandler
                0x080036a4                DMA1_Stream3_IRQHandler
 *fill*         0x080036a6        0x2 
 .text.arm_cos_f32
                0x080036a8       0x88 CMakeFiles/RM_FreeRTOS.elf.dir/DSP_Lib/Source/FastMathFunctions/arm_cos_f32.c.obj
                0x080036a8                arm_cos_f32
 .text.arm_sin_f32
                0x08003730       0xa0 CMakeFiles/RM_FreeRTOS.elf.dir/DSP_Lib/Source/FastMathFunctions/arm_sin_f32.c.obj
                0x08003730                arm_sin_f32
 .text.arm_mat_add_f32
                0x080037d0       0x9c CMakeFiles/RM_FreeRTOS.elf.dir/DSP_Lib/Source/MatrixFunctions/arm_mat_add_f32.c.obj
                0x080037d0                arm_mat_add_f32
 .text.arm_mat_init_f32
                0x0800386c        0x8 CMakeFiles/RM_FreeRTOS.elf.dir/DSP_Lib/Source/MatrixFunctions/arm_mat_init_f32.c.obj
                0x0800386c                arm_mat_init_f32
 .text.arm_mat_inverse_f32
                0x08003874      0x21c CMakeFiles/RM_FreeRTOS.elf.dir/DSP_Lib/Source/MatrixFunctions/arm_mat_inverse_f32.c.obj
                0x08003874                arm_mat_inverse_f32
 .text.arm_mat_mult_f32
                0x08003a90      0x10c CMakeFiles/RM_FreeRTOS.elf.dir/DSP_Lib/Source/MatrixFunctions/arm_mat_mult_f32.c.obj
                0x08003a90                arm_mat_mult_f32
 .text.arm_mat_sub_f32
                0x08003b9c       0x9c CMakeFiles/RM_FreeRTOS.elf.dir/DSP_Lib/Source/MatrixFunctions/arm_mat_sub_f32.c.obj
                0x08003b9c                arm_mat_sub_f32
 .text.arm_mat_trans_f32
                0x08003c38       0x98 CMakeFiles/RM_FreeRTOS.elf.dir/DSP_Lib/Source/MatrixFunctions/arm_mat_trans_f32.c.obj
                0x08003c38                arm_mat_trans_f32
 .text.BMI088_ACCEL_NS_L
                0x08003cd0       0x14 CMakeFiles/RM_FreeRTOS.elf.dir/Devices/BMI088Middleware.c.obj
                0x08003cd0                BMI088_ACCEL_NS_L
 .text.BMI088_ACCEL_NS_H
                0x08003ce4       0x14 CMakeFiles/RM_FreeRTOS.elf.dir/Devices/BMI088Middleware.c.obj
                0x08003ce4                BMI088_ACCEL_NS_H
 .text.BMI088_GYRO_NS_L
                0x08003cf8       0x14 CMakeFiles/RM_FreeRTOS.elf.dir/Devices/BMI088Middleware.c.obj
                0x08003cf8                BMI088_GYRO_NS_L
 .text.BMI088_GYRO_NS_H
                0x08003d0c       0x14 CMakeFiles/RM_FreeRTOS.elf.dir/Devices/BMI088Middleware.c.obj
                0x08003d0c                BMI088_GYRO_NS_H
 .text.BMI088_read_write_byte
                0x08003d20       0x30 CMakeFiles/RM_FreeRTOS.elf.dir/Devices/BMI088Middleware.c.obj
                0x08003d20                BMI088_read_write_byte
 .text.BMI088_read_muli_reg
                0x08003d50       0x24 CMakeFiles/RM_FreeRTOS.elf.dir/Devices/BMI088driver.c.obj
 .text.BMI088_write_single_reg
                0x08003d74       0x10 CMakeFiles/RM_FreeRTOS.elf.dir/Devices/BMI088driver.c.obj
 .text.BMI088_read_single_reg
                0x08003d84       0x16 CMakeFiles/RM_FreeRTOS.elf.dir/Devices/BMI088driver.c.obj
 *fill*         0x08003d9a        0x2 
 .text.Calibrate_MPU_Offset
                0x08003d9c      0x498 CMakeFiles/RM_FreeRTOS.elf.dir/Devices/BMI088driver.c.obj
 .text.bmi088_accel_init
                0x08004234      0x144 CMakeFiles/RM_FreeRTOS.elf.dir/Devices/BMI088driver.c.obj
                0x08004234                bmi088_accel_init
 .text.bmi088_gyro_init
                0x08004378      0x118 CMakeFiles/RM_FreeRTOS.elf.dir/Devices/BMI088driver.c.obj
                0x08004378                bmi088_gyro_init
 .text.BMI088_init
                0x08004490       0x6c CMakeFiles/RM_FreeRTOS.elf.dir/Devices/BMI088driver.c.obj
                0x08004490                BMI088_init
 .text.BMI088_Read
                0x080044fc      0x1f0 CMakeFiles/RM_FreeRTOS.elf.dir/Devices/BMI088driver.c.obj
                0x080044fc                BMI088_Read
 .text.HAL_Init
                0x080046ec       0x34 CMakeFiles/RM_FreeRTOS.elf.dir/Drivers/STM32F4xx_HAL_Driver/Src/stm32f4xx_hal.c.obj
                0x080046ec                HAL_Init
 .text.HAL_IncTick
                0x08004720       0x18 CMakeFiles/RM_FreeRTOS.elf.dir/Drivers/STM32F4xx_HAL_Driver/Src/stm32f4xx_hal.c.obj
                0x08004720                HAL_IncTick
 .text.HAL_GetTick
                0x08004738        0xc CMakeFiles/RM_FreeRTOS.elf.dir/Drivers/STM32F4xx_HAL_Driver/Src/stm32f4xx_hal.c.obj
                0x08004738                HAL_GetTick
 .text.HAL_Delay
                0x08004744       0x28 CMakeFiles/RM_FreeRTOS.elf.dir/Drivers/STM32F4xx_HAL_Driver/Src/stm32f4xx_hal.c.obj
                0x08004744                HAL_Delay
 .text.HAL_NVIC_SetPriorityGrouping
                0x0800476c       0x24 CMakeFiles/RM_FreeRTOS.elf.dir/Drivers/STM32F4xx_HAL_Driver/Src/stm32f4xx_hal_cortex.c.obj
                0x0800476c                HAL_NVIC_SetPriorityGrouping
 .text.HAL_NVIC_SetPriority
                0x08004790       0x70 CMakeFiles/RM_FreeRTOS.elf.dir/Drivers/STM32F4xx_HAL_Driver/Src/stm32f4xx_hal_cortex.c.obj
                0x08004790                HAL_NVIC_SetPriority
 .text.HAL_NVIC_EnableIRQ
                0x08004800       0x1c CMakeFiles/RM_FreeRTOS.elf.dir/Drivers/STM32F4xx_HAL_Driver/Src/stm32f4xx_hal_cortex.c.obj
                0x08004800                HAL_NVIC_EnableIRQ
 .text.DMA_CalcBaseAndBitshift
                0x0800481c       0x44 CMakeFiles/RM_FreeRTOS.elf.dir/Drivers/STM32F4xx_HAL_Driver/Src/stm32f4xx_hal_dma.c.obj
 .text.DMA_CheckFifoParam
                0x08004860       0x8e CMakeFiles/RM_FreeRTOS.elf.dir/Drivers/STM32F4xx_HAL_Driver/Src/stm32f4xx_hal_dma.c.obj
 *fill*         0x080048ee        0x2 
 .text.HAL_DMA_Init
                0x080048f0       0xcc CMakeFiles/RM_FreeRTOS.elf.dir/Drivers/STM32F4xx_HAL_Driver/Src/stm32f4xx_hal_dma.c.obj
                0x080048f0                HAL_DMA_Init
 .text.HAL_GPIO_Init
                0x080049bc      0x1e4 CMakeFiles/RM_FreeRTOS.elf.dir/Drivers/STM32F4xx_HAL_Driver/Src/stm32f4xx_hal_gpio.c.obj
                0x080049bc                HAL_GPIO_Init
 .text.HAL_GPIO_WritePin
                0x08004ba0        0xc CMakeFiles/RM_FreeRTOS.elf.dir/Drivers/STM32F4xx_HAL_Driver/Src/stm32f4xx_hal_gpio.c.obj
                0x08004ba0                HAL_GPIO_WritePin
 .text.HAL_GPIO_TogglePin
                0x08004bac       0x12 CMakeFiles/RM_FreeRTOS.elf.dir/Drivers/STM32F4xx_HAL_Driver/Src/stm32f4xx_hal_gpio.c.obj
                0x08004bac                HAL_GPIO_TogglePin
 .text.HAL_GPIO_EXTI_Callback
                0x08004bbe        0x2 CMakeFiles/RM_FreeRTOS.elf.dir/Drivers/STM32F4xx_HAL_Driver/Src/stm32f4xx_hal_gpio.c.obj
                0x08004bbe                HAL_GPIO_EXTI_Callback
 .text.HAL_GPIO_EXTI_IRQHandler
                0x08004bc0       0x1c CMakeFiles/RM_FreeRTOS.elf.dir/Drivers/STM32F4xx_HAL_Driver/Src/stm32f4xx_hal_gpio.c.obj
                0x08004bc0                HAL_GPIO_EXTI_IRQHandler
 .text.HAL_RCC_OscConfig
                0x08004bdc      0x3f8 CMakeFiles/RM_FreeRTOS.elf.dir/Drivers/STM32F4xx_HAL_Driver/Src/stm32f4xx_hal_rcc.c.obj
                0x08004bdc                HAL_RCC_OscConfig
 .text.HAL_RCC_GetSysClockFreq
                0x08004fd4       0xa4 CMakeFiles/RM_FreeRTOS.elf.dir/Drivers/STM32F4xx_HAL_Driver/Src/stm32f4xx_hal_rcc.c.obj
                0x08004fd4                HAL_RCC_GetSysClockFreq
 .text.HAL_RCC_ClockConfig
                0x08005078      0x160 CMakeFiles/RM_FreeRTOS.elf.dir/Drivers/STM32F4xx_HAL_Driver/Src/stm32f4xx_hal_rcc.c.obj
                0x08005078                HAL_RCC_ClockConfig
 .text.HAL_RCC_GetHCLKFreq
                0x080051d8        0xc CMakeFiles/RM_FreeRTOS.elf.dir/Drivers/STM32F4xx_HAL_Driver/Src/stm32f4xx_hal_rcc.c.obj
                0x080051d8                HAL_RCC_GetHCLKFreq
 .text.HAL_RCC_GetPCLK1Freq
                0x080051e4       0x20 CMakeFiles/RM_FreeRTOS.elf.dir/Drivers/STM32F4xx_HAL_Driver/Src/stm32f4xx_hal_rcc.c.obj
                0x080051e4                HAL_RCC_GetPCLK1Freq
 .text.HAL_RCC_GetClockConfig
                0x08005204       0x3c CMakeFiles/RM_FreeRTOS.elf.dir/Drivers/STM32F4xx_HAL_Driver/Src/stm32f4xx_hal_rcc.c.obj
                0x08005204                HAL_RCC_GetClockConfig
 .text.SPI_WaitFlagStateUntilTimeout
                0x08005240       0xd4 CMakeFiles/RM_FreeRTOS.elf.dir/Drivers/STM32F4xx_HAL_Driver/Src/stm32f4xx_hal_spi.c.obj
 .text.SPI_EndRxTxTransaction
                0x08005314       0x80 CMakeFiles/RM_FreeRTOS.elf.dir/Drivers/STM32F4xx_HAL_Driver/Src/stm32f4xx_hal_spi.c.obj
 .text.HAL_SPI_Init
                0x08005394       0xbe CMakeFiles/RM_FreeRTOS.elf.dir/Drivers/STM32F4xx_HAL_Driver/Src/stm32f4xx_hal_spi.c.obj
                0x08005394                HAL_SPI_Init
 .text.HAL_SPI_TransmitReceive
                0x08005452      0x254 CMakeFiles/RM_FreeRTOS.elf.dir/Drivers/STM32F4xx_HAL_Driver/Src/stm32f4xx_hal_spi.c.obj
                0x08005452                HAL_SPI_TransmitReceive
 *fill*         0x080056a6        0x2 
 .text.TIM_OC1_SetConfig
                0x080056a8       0x68 CMakeFiles/RM_FreeRTOS.elf.dir/Drivers/STM32F4xx_HAL_Driver/Src/stm32f4xx_hal_tim.c.obj
 .text.TIM_OC3_SetConfig
                0x08005710       0x70 CMakeFiles/RM_FreeRTOS.elf.dir/Drivers/STM32F4xx_HAL_Driver/Src/stm32f4xx_hal_tim.c.obj
 .text.TIM_OC4_SetConfig
                0x08005780       0x50 CMakeFiles/RM_FreeRTOS.elf.dir/Drivers/STM32F4xx_HAL_Driver/Src/stm32f4xx_hal_tim.c.obj
 .text.HAL_TIM_Base_Start_IT
                0x080057d0       0x88 CMakeFiles/RM_FreeRTOS.elf.dir/Drivers/STM32F4xx_HAL_Driver/Src/stm32f4xx_hal_tim.c.obj
                0x080057d0                HAL_TIM_Base_Start_IT
 .text.HAL_TIM_PWM_MspInit
                0x08005858        0x2 CMakeFiles/RM_FreeRTOS.elf.dir/Drivers/STM32F4xx_HAL_Driver/Src/stm32f4xx_hal_tim.c.obj
                0x08005858                HAL_TIM_PWM_MspInit
 .text.HAL_TIM_OC_DelayElapsedCallback
                0x0800585a        0x2 CMakeFiles/RM_FreeRTOS.elf.dir/Drivers/STM32F4xx_HAL_Driver/Src/stm32f4xx_hal_tim.c.obj
                0x0800585a                HAL_TIM_OC_DelayElapsedCallback
 .text.HAL_TIM_IC_CaptureCallback
                0x0800585c        0x2 CMakeFiles/RM_FreeRTOS.elf.dir/Drivers/STM32F4xx_HAL_Driver/Src/stm32f4xx_hal_tim.c.obj
                0x0800585c                HAL_TIM_IC_CaptureCallback
 .text.HAL_TIM_PWM_PulseFinishedCallback
                0x0800585e        0x2 CMakeFiles/RM_FreeRTOS.elf.dir/Drivers/STM32F4xx_HAL_Driver/Src/stm32f4xx_hal_tim.c.obj
                0x0800585e                HAL_TIM_PWM_PulseFinishedCallback
 .text.HAL_TIM_TriggerCallback
                0x08005860        0x2 CMakeFiles/RM_FreeRTOS.elf.dir/Drivers/STM32F4xx_HAL_Driver/Src/stm32f4xx_hal_tim.c.obj
                0x08005860                HAL_TIM_TriggerCallback
 .text.HAL_TIM_IRQHandler
                0x08005862      0x15e CMakeFiles/RM_FreeRTOS.elf.dir/Drivers/STM32F4xx_HAL_Driver/Src/stm32f4xx_hal_tim.c.obj
                0x08005862                HAL_TIM_IRQHandler
 .text.TIM_Base_SetConfig
                0x080059c0       0xd8 CMakeFiles/RM_FreeRTOS.elf.dir/Drivers/STM32F4xx_HAL_Driver/Src/stm32f4xx_hal_tim.c.obj
                0x080059c0                TIM_Base_SetConfig
 .text.HAL_TIM_Base_Init
                0x08005a98       0x58 CMakeFiles/RM_FreeRTOS.elf.dir/Drivers/STM32F4xx_HAL_Driver/Src/stm32f4xx_hal_tim.c.obj
                0x08005a98                HAL_TIM_Base_Init
 .text.HAL_TIM_PWM_Init
                0x08005af0       0x58 CMakeFiles/RM_FreeRTOS.elf.dir/Drivers/STM32F4xx_HAL_Driver/Src/stm32f4xx_hal_tim.c.obj
                0x08005af0                HAL_TIM_PWM_Init
 .text.TIM_OC2_SetConfig
                0x08005b48       0x70 CMakeFiles/RM_FreeRTOS.elf.dir/Drivers/STM32F4xx_HAL_Driver/Src/stm32f4xx_hal_tim.c.obj
                0x08005b48                TIM_OC2_SetConfig
 .text.HAL_TIM_PWM_ConfigChannel
                0x08005bb8       0xdc CMakeFiles/RM_FreeRTOS.elf.dir/Drivers/STM32F4xx_HAL_Driver/Src/stm32f4xx_hal_tim.c.obj
                0x08005bb8                HAL_TIM_PWM_ConfigChannel
 .text.TIM_CCxChannelCmd
                0x08005c94       0x1e CMakeFiles/RM_FreeRTOS.elf.dir/Drivers/STM32F4xx_HAL_Driver/Src/stm32f4xx_hal_tim.c.obj
                0x08005c94                TIM_CCxChannelCmd
 *fill*         0x08005cb2        0x2 
 .text.HAL_TIM_PWM_Start
                0x08005cb4      0x104 CMakeFiles/RM_FreeRTOS.elf.dir/Drivers/STM32F4xx_HAL_Driver/Src/stm32f4xx_hal_tim.c.obj
                0x08005cb4                HAL_TIM_PWM_Start
 .text.HAL_TIMEx_CommutCallback
                0x08005db8        0x2 CMakeFiles/RM_FreeRTOS.elf.dir/Drivers/STM32F4xx_HAL_Driver/Src/stm32f4xx_hal_tim_ex.c.obj
                0x08005db8                HAL_TIMEx_CommutCallback
 .text.HAL_TIMEx_BreakCallback
                0x08005dba        0x2 CMakeFiles/RM_FreeRTOS.elf.dir/Drivers/STM32F4xx_HAL_Driver/Src/stm32f4xx_hal_tim_ex.c.obj
                0x08005dba                HAL_TIMEx_BreakCallback
 .text.SysTick_Handler
                0x08005dbc       0x18 CMakeFiles/RM_FreeRTOS.elf.dir/Middlewares/Third_Party/FreeRTOS/Source/CMSIS_RTOS_V2/cmsis_os2.c.obj
                0x08005dbc                SysTick_Handler
 .text.osKernelInitialize
                0x08005dd4       0x24 CMakeFiles/RM_FreeRTOS.elf.dir/Middlewares/Third_Party/FreeRTOS/Source/CMSIS_RTOS_V2/cmsis_os2.c.obj
                0x08005dd4                osKernelInitialize
 .text.osKernelStart
                0x08005df8       0x38 CMakeFiles/RM_FreeRTOS.elf.dir/Middlewares/Third_Party/FreeRTOS/Source/CMSIS_RTOS_V2/cmsis_os2.c.obj
                0x08005df8                osKernelStart
 .text.osThreadNew
                0x08005e30       0xbe CMakeFiles/RM_FreeRTOS.elf.dir/Middlewares/Third_Party/FreeRTOS/Source/CMSIS_RTOS_V2/cmsis_os2.c.obj
                0x08005e30                osThreadNew
 .text.osDelay  0x08005eee       0x1c CMakeFiles/RM_FreeRTOS.elf.dir/Middlewares/Third_Party/FreeRTOS/Source/CMSIS_RTOS_V2/cmsis_os2.c.obj
                0x08005eee                osDelay
 *fill*         0x08005f0a        0x2 
 .text.vApplicationGetIdleTaskMemory
                0x08005f0c       0x18 CMakeFiles/RM_FreeRTOS.elf.dir/Middlewares/Third_Party/FreeRTOS/Source/CMSIS_RTOS_V2/cmsis_os2.c.obj
                0x08005f0c                vApplicationGetIdleTaskMemory
 .text.vApplicationGetTimerTaskMemory
                0x08005f24       0x18 CMakeFiles/RM_FreeRTOS.elf.dir/Middlewares/Third_Party/FreeRTOS/Source/CMSIS_RTOS_V2/cmsis_os2.c.obj
                0x08005f24                vApplicationGetTimerTaskMemory
 .text.vListInitialise
                0x08005f3c       0x16 CMakeFiles/RM_FreeRTOS.elf.dir/Middlewares/Third_Party/FreeRTOS/Source/list.c.obj
                0x08005f3c                vListInitialise
 .text.vListInitialiseItem
                0x08005f52        0x6 CMakeFiles/RM_FreeRTOS.elf.dir/Middlewares/Third_Party/FreeRTOS/Source/list.c.obj
                0x08005f52                vListInitialiseItem
 .text.vListInsertEnd
                0x08005f58       0x16 CMakeFiles/RM_FreeRTOS.elf.dir/Middlewares/Third_Party/FreeRTOS/Source/list.c.obj
                0x08005f58                vListInsertEnd
 .text.vListInsert
                0x08005f6e       0x32 CMakeFiles/RM_FreeRTOS.elf.dir/Middlewares/Third_Party/FreeRTOS/Source/list.c.obj
                0x08005f6e                vListInsert
 .text.uxListRemove
                0x08005fa0       0x26 CMakeFiles/RM_FreeRTOS.elf.dir/Middlewares/Third_Party/FreeRTOS/Source/list.c.obj
                0x08005fa0                uxListRemove
 *fill*         0x08005fc6        0x2 
 .text.prvTaskExitError
                0x08005fc8       0x40 CMakeFiles/RM_FreeRTOS.elf.dir/Middlewares/Third_Party/FreeRTOS/Source/portable/GCC/ARM_CM4F/port.c.obj
 .text.prvPortStartFirstTask
                0x08006008       0x28 CMakeFiles/RM_FreeRTOS.elf.dir/Middlewares/Third_Party/FreeRTOS/Source/portable/GCC/ARM_CM4F/port.c.obj
 .text.vPortEnableVFP
                0x08006030       0x14 CMakeFiles/RM_FreeRTOS.elf.dir/Middlewares/Third_Party/FreeRTOS/Source/portable/GCC/ARM_CM4F/port.c.obj
 .text.pxPortInitialiseStack
                0x08006044       0x2c CMakeFiles/RM_FreeRTOS.elf.dir/Middlewares/Third_Party/FreeRTOS/Source/portable/GCC/ARM_CM4F/port.c.obj
                0x08006044                pxPortInitialiseStack
 .text.SVC_Handler
                0x08006070       0x24 CMakeFiles/RM_FreeRTOS.elf.dir/Middlewares/Third_Party/FreeRTOS/Source/portable/GCC/ARM_CM4F/port.c.obj
                0x08006070                SVC_Handler
 .text.vPortEnterCritical
                0x08006094       0x44 CMakeFiles/RM_FreeRTOS.elf.dir/Middlewares/Third_Party/FreeRTOS/Source/portable/GCC/ARM_CM4F/port.c.obj
                0x08006094                vPortEnterCritical
 .text.vPortExitCritical
                0x080060d8       0x2c CMakeFiles/RM_FreeRTOS.elf.dir/Middlewares/Third_Party/FreeRTOS/Source/portable/GCC/ARM_CM4F/port.c.obj
                0x080060d8                vPortExitCritical
 *fill*         0x08006104        0xc 
 .text.PendSV_Handler
                0x08006110       0x64 CMakeFiles/RM_FreeRTOS.elf.dir/Middlewares/Third_Party/FreeRTOS/Source/portable/GCC/ARM_CM4F/port.c.obj
                0x08006110                PendSV_Handler
 .text.xPortSysTickHandler
                0x08006174       0x2c CMakeFiles/RM_FreeRTOS.elf.dir/Middlewares/Third_Party/FreeRTOS/Source/portable/GCC/ARM_CM4F/port.c.obj
                0x08006174                xPortSysTickHandler
 .text.vPortSetupTimerInterrupt
                0x080061a0       0x28 CMakeFiles/RM_FreeRTOS.elf.dir/Middlewares/Third_Party/FreeRTOS/Source/portable/GCC/ARM_CM4F/port.c.obj
                0x080061a0                vPortSetupTimerInterrupt
 .text.xPortStartScheduler
                0x080061c8      0x118 CMakeFiles/RM_FreeRTOS.elf.dir/Middlewares/Third_Party/FreeRTOS/Source/portable/GCC/ARM_CM4F/port.c.obj
                0x080061c8                xPortStartScheduler
 .text.vPortValidateInterruptPriority
                0x080062e0       0x5c CMakeFiles/RM_FreeRTOS.elf.dir/Middlewares/Third_Party/FreeRTOS/Source/portable/GCC/ARM_CM4F/port.c.obj
                0x080062e0                vPortValidateInterruptPriority
 .text.prvHeapInit
                0x0800633c       0x64 CMakeFiles/RM_FreeRTOS.elf.dir/Middlewares/Third_Party/FreeRTOS/Source/portable/MemMang/heap_4.c.obj
 .text.prvInsertBlockIntoFreeList
                0x080063a0       0x64 CMakeFiles/RM_FreeRTOS.elf.dir/Middlewares/Third_Party/FreeRTOS/Source/portable/MemMang/heap_4.c.obj
 .text.pvPortMalloc
                0x08006404       0xfc CMakeFiles/RM_FreeRTOS.elf.dir/Middlewares/Third_Party/FreeRTOS/Source/portable/MemMang/heap_4.c.obj
                0x08006404                pvPortMalloc
 .text.vPortFree
                0x08006500       0x7c CMakeFiles/RM_FreeRTOS.elf.dir/Middlewares/Third_Party/FreeRTOS/Source/portable/MemMang/heap_4.c.obj
                0x08006500                vPortFree
 .text.prvIsQueueFull
                0x0800657c       0x1e CMakeFiles/RM_FreeRTOS.elf.dir/Middlewares/Third_Party/FreeRTOS/Source/queue.c.obj
 .text.prvIsQueueEmpty
                0x0800659a       0x1a CMakeFiles/RM_FreeRTOS.elf.dir/Middlewares/Third_Party/FreeRTOS/Source/queue.c.obj
 .text.prvCopyDataToQueue
                0x080065b4       0x76 CMakeFiles/RM_FreeRTOS.elf.dir/Middlewares/Third_Party/FreeRTOS/Source/queue.c.obj
 .text.prvCopyDataFromQueue
                0x0800662a       0x24 CMakeFiles/RM_FreeRTOS.elf.dir/Middlewares/Third_Party/FreeRTOS/Source/queue.c.obj
 .text.prvUnlockQueue
                0x0800664e       0x6e CMakeFiles/RM_FreeRTOS.elf.dir/Middlewares/Third_Party/FreeRTOS/Source/queue.c.obj
 .text.xQueueGenericReset
                0x080066bc       0x84 CMakeFiles/RM_FreeRTOS.elf.dir/Middlewares/Third_Party/FreeRTOS/Source/queue.c.obj
                0x080066bc                xQueueGenericReset
 .text.prvInitialiseNewQueue
                0x08006740       0x22 CMakeFiles/RM_FreeRTOS.elf.dir/Middlewares/Third_Party/FreeRTOS/Source/queue.c.obj
 .text.xQueueGenericCreateStatic
                0x08006762       0x94 CMakeFiles/RM_FreeRTOS.elf.dir/Middlewares/Third_Party/FreeRTOS/Source/queue.c.obj
                0x08006762                xQueueGenericCreateStatic
 .text.xQueueGenericSend
                0x080067f6      0x188 CMakeFiles/RM_FreeRTOS.elf.dir/Middlewares/Third_Party/FreeRTOS/Source/queue.c.obj
                0x080067f6                xQueueGenericSend
 .text.xQueueGenericSendFromISR
                0x0800697e       0xce CMakeFiles/RM_FreeRTOS.elf.dir/Middlewares/Third_Party/FreeRTOS/Source/queue.c.obj
                0x0800697e                xQueueGenericSendFromISR
 .text.xQueueReceive
                0x08006a4c      0x15e CMakeFiles/RM_FreeRTOS.elf.dir/Middlewares/Third_Party/FreeRTOS/Source/queue.c.obj
                0x08006a4c                xQueueReceive
 *fill*         0x08006baa        0x2 
 .text.vQueueAddToRegistry
                0x08006bac       0x28 CMakeFiles/RM_FreeRTOS.elf.dir/Middlewares/Third_Party/FreeRTOS/Source/queue.c.obj
                0x08006bac                vQueueAddToRegistry
 .text.vQueueWaitForMessageRestricted
                0x08006bd4       0x52 CMakeFiles/RM_FreeRTOS.elf.dir/Middlewares/Third_Party/FreeRTOS/Source/queue.c.obj
                0x08006bd4                vQueueWaitForMessageRestricted
 *fill*         0x08006c26        0x2 
 .text.prvResetNextTaskUnblockTime
                0x08006c28       0x2c CMakeFiles/RM_FreeRTOS.elf.dir/Middlewares/Third_Party/FreeRTOS/Source/tasks.c.obj
 .text.prvInitialiseNewTask
                0x08006c54      0x106 CMakeFiles/RM_FreeRTOS.elf.dir/Middlewares/Third_Party/FreeRTOS/Source/tasks.c.obj
 *fill*         0x08006d5a        0x2 
 .text.prvInitialiseTaskLists
                0x08006d5c       0x68 CMakeFiles/RM_FreeRTOS.elf.dir/Middlewares/Third_Party/FreeRTOS/Source/tasks.c.obj
 .text.prvAddNewTaskToReadyList
                0x08006dc4       0xac CMakeFiles/RM_FreeRTOS.elf.dir/Middlewares/Third_Party/FreeRTOS/Source/tasks.c.obj
 .text.prvDeleteTCB
                0x08006e70       0x40 CMakeFiles/RM_FreeRTOS.elf.dir/Middlewares/Third_Party/FreeRTOS/Source/tasks.c.obj
 .text.prvCheckTasksWaitingTermination
                0x08006eb0       0x4c CMakeFiles/RM_FreeRTOS.elf.dir/Middlewares/Third_Party/FreeRTOS/Source/tasks.c.obj
 .text.prvIdleTask
                0x08006efc       0x28 CMakeFiles/RM_FreeRTOS.elf.dir/Middlewares/Third_Party/FreeRTOS/Source/tasks.c.obj
 .text.prvAddCurrentTaskToDelayedList
                0x08006f24       0x7c CMakeFiles/RM_FreeRTOS.elf.dir/Middlewares/Third_Party/FreeRTOS/Source/tasks.c.obj
 .text.xTaskCreateStatic
                0x08006fa0       0x7a CMakeFiles/RM_FreeRTOS.elf.dir/Middlewares/Third_Party/FreeRTOS/Source/tasks.c.obj
                0x08006fa0                xTaskCreateStatic
 .text.xTaskCreate
                0x0800701a       0x6a CMakeFiles/RM_FreeRTOS.elf.dir/Middlewares/Third_Party/FreeRTOS/Source/tasks.c.obj
                0x0800701a                xTaskCreate
 .text.vTaskStartScheduler
                0x08007084       0xac CMakeFiles/RM_FreeRTOS.elf.dir/Middlewares/Third_Party/FreeRTOS/Source/tasks.c.obj
                0x08007084                vTaskStartScheduler
 .text.vTaskSuspendAll
                0x08007130       0x10 CMakeFiles/RM_FreeRTOS.elf.dir/Middlewares/Third_Party/FreeRTOS/Source/tasks.c.obj
                0x08007130                vTaskSuspendAll
 .text.xTaskGetTickCount
                0x08007140        0xc CMakeFiles/RM_FreeRTOS.elf.dir/Middlewares/Third_Party/FreeRTOS/Source/tasks.c.obj
                0x08007140                xTaskGetTickCount
 .text.xTaskIncrementTick
                0x0800714c      0x118 CMakeFiles/RM_FreeRTOS.elf.dir/Middlewares/Third_Party/FreeRTOS/Source/tasks.c.obj
                0x0800714c                xTaskIncrementTick
 .text.xTaskResumeAll
                0x08007264       0xf8 CMakeFiles/RM_FreeRTOS.elf.dir/Middlewares/Third_Party/FreeRTOS/Source/tasks.c.obj
                0x08007264                xTaskResumeAll
 .text.vTaskDelay
                0x0800735c       0x4c CMakeFiles/RM_FreeRTOS.elf.dir/Middlewares/Third_Party/FreeRTOS/Source/tasks.c.obj
                0x0800735c                vTaskDelay
 .text.vTaskSwitchContext
                0x080073a8       0xa0 CMakeFiles/RM_FreeRTOS.elf.dir/Middlewares/Third_Party/FreeRTOS/Source/tasks.c.obj
                0x080073a8                vTaskSwitchContext
 .text.vTaskPlaceOnEventList
                0x08007448       0x30 CMakeFiles/RM_FreeRTOS.elf.dir/Middlewares/Third_Party/FreeRTOS/Source/tasks.c.obj
                0x08007448                vTaskPlaceOnEventList
 .text.vTaskPlaceOnEventListRestricted
                0x08007478       0x38 CMakeFiles/RM_FreeRTOS.elf.dir/Middlewares/Third_Party/FreeRTOS/Source/tasks.c.obj
                0x08007478                vTaskPlaceOnEventListRestricted
 .text.xTaskRemoveFromEventList
                0x080074b0       0x8c CMakeFiles/RM_FreeRTOS.elf.dir/Middlewares/Third_Party/FreeRTOS/Source/tasks.c.obj
                0x080074b0                xTaskRemoveFromEventList
 .text.vTaskInternalSetTimeOutState
                0x0800753c       0x18 CMakeFiles/RM_FreeRTOS.elf.dir/Middlewares/Third_Party/FreeRTOS/Source/tasks.c.obj
                0x0800753c                vTaskInternalSetTimeOutState
 .text.xTaskCheckForTimeOut
                0x08007554       0x84 CMakeFiles/RM_FreeRTOS.elf.dir/Middlewares/Third_Party/FreeRTOS/Source/tasks.c.obj
                0x08007554                xTaskCheckForTimeOut
 .text.vTaskMissedYield
                0x080075d8        0xc CMakeFiles/RM_FreeRTOS.elf.dir/Middlewares/Third_Party/FreeRTOS/Source/tasks.c.obj
                0x080075d8                vTaskMissedYield
 .text.xTaskGetSchedulerState
                0x080075e4       0x20 CMakeFiles/RM_FreeRTOS.elf.dir/Middlewares/Third_Party/FreeRTOS/Source/tasks.c.obj
                0x080075e4                xTaskGetSchedulerState
 .text.xTaskPriorityDisinherit
                0x08007604       0x90 CMakeFiles/RM_FreeRTOS.elf.dir/Middlewares/Third_Party/FreeRTOS/Source/tasks.c.obj
                0x08007604                xTaskPriorityDisinherit
 .text.prvGetNextExpireTime
                0x08007694       0x20 CMakeFiles/RM_FreeRTOS.elf.dir/Middlewares/Third_Party/FreeRTOS/Source/timers.c.obj
 .text.prvInsertTimerInActiveList
                0x080076b4       0x48 CMakeFiles/RM_FreeRTOS.elf.dir/Middlewares/Third_Party/FreeRTOS/Source/timers.c.obj
 .text.prvCheckForValidListAndQueue
                0x080076fc       0x70 CMakeFiles/RM_FreeRTOS.elf.dir/Middlewares/Third_Party/FreeRTOS/Source/timers.c.obj
 .text.xTimerCreateTimerTask
                0x0800776c       0x64 CMakeFiles/RM_FreeRTOS.elf.dir/Middlewares/Third_Party/FreeRTOS/Source/timers.c.obj
                0x0800776c                xTimerCreateTimerTask
 .text.xTimerGenericCommand
                0x080077d0       0x6c CMakeFiles/RM_FreeRTOS.elf.dir/Middlewares/Third_Party/FreeRTOS/Source/timers.c.obj
                0x080077d0                xTimerGenericCommand
 .text.prvSwitchTimerLists
                0x0800783c       0x7c CMakeFiles/RM_FreeRTOS.elf.dir/Middlewares/Third_Party/FreeRTOS/Source/timers.c.obj
 .text.prvSampleTimeNow
                0x080078b8       0x2c CMakeFiles/RM_FreeRTOS.elf.dir/Middlewares/Third_Party/FreeRTOS/Source/timers.c.obj
 .text.prvProcessExpiredTimer
                0x080078e4       0x6c CMakeFiles/RM_FreeRTOS.elf.dir/Middlewares/Third_Party/FreeRTOS/Source/timers.c.obj
 .text.prvProcessTimerOrBlockTask
                0x08007950       0x74 CMakeFiles/RM_FreeRTOS.elf.dir/Middlewares/Third_Party/FreeRTOS/Source/timers.c.obj
 .text.prvProcessReceivedCommands
                0x080079c4      0x10c CMakeFiles/RM_FreeRTOS.elf.dir/Middlewares/Third_Party/FreeRTOS/Source/timers.c.obj
 .text.prvTimerTask
                0x08007ad0       0x16 CMakeFiles/RM_FreeRTOS.elf.dir/Middlewares/Third_Party/FreeRTOS/Source/timers.c.obj
 .text.GYRO_Get
                0x08007ae6        0xe CMakeFiles/RM_FreeRTOS.elf.dir/Task/Task_Gyro.c.obj
                0x08007ae6                GYRO_Get
 .text.LED_Red  0x08007af4       0x18 CMakeFiles/RM_FreeRTOS.elf.dir/Task/Task_LED.c.obj
                0x08007af4                LED_Red
 .text.LED_Green
                0x08007b0c       0x1c CMakeFiles/RM_FreeRTOS.elf.dir/Task/Task_LED.c.obj
                0x08007b0c                LED_Green
 .text.__errno  0x08007b28        0xc c:/progra~2/gnuarm~1/102021~1.10/bin/../lib/gcc/arm-none-eabi/10.3.1/../../../../arm-none-eabi/lib/thumb/v7e-m+fp/hard\libg.a(lib_a-errno.o)
                0x08007b28                __errno
 .text.__libc_init_array
                0x08007b34       0x48 c:/progra~2/gnuarm~1/102021~1.10/bin/../lib/gcc/arm-none-eabi/10.3.1/../../../../arm-none-eabi/lib/thumb/v7e-m+fp/hard\libg.a(lib_a-init.o)
                0x08007b34                __libc_init_array
 .text.malloc   0x08007b7c       0x10 c:/progra~2/gnuarm~1/102021~1.10/bin/../lib/gcc/arm-none-eabi/10.3.1/../../../../arm-none-eabi/lib/thumb/v7e-m+fp/hard\libg.a(lib_a-malloc.o)
                0x08007b7c                malloc
 .text._malloc_r
                0x08007b8c      0x560 c:/progra~2/gnuarm~1/102021~1.10/bin/../lib/gcc/arm-none-eabi/10.3.1/../../../../arm-none-eabi/lib/thumb/v7e-m+fp/hard\libg.a(lib_a-mallocr.o)
                0x08007b8c                _malloc_r
 .text.memset   0x080080ec       0xa4 c:/progra~2/gnuarm~1/102021~1.10/bin/../lib/gcc/arm-none-eabi/10.3.1/../../../../arm-none-eabi/lib/thumb/v7e-m+fp/hard\libg.a(lib_a-memset.o)
                0x080080ec                memset
 .text.__malloc_lock
                0x08008190        0xc c:/progra~2/gnuarm~1/102021~1.10/bin/../lib/gcc/arm-none-eabi/10.3.1/../../../../arm-none-eabi/lib/thumb/v7e-m+fp/hard\libg.a(lib_a-mlock.o)
                0x08008190                __malloc_lock
 .text.__malloc_unlock
                0x0800819c        0xc c:/progra~2/gnuarm~1/102021~1.10/bin/../lib/gcc/arm-none-eabi/10.3.1/../../../../arm-none-eabi/lib/thumb/v7e-m+fp/hard\libg.a(lib_a-mlock.o)
                0x0800819c                __malloc_unlock
 .text.cleanup_glue
                0x080081a8       0x48 c:/progra~2/gnuarm~1/102021~1.10/bin/../lib/gcc/arm-none-eabi/10.3.1/../../../../arm-none-eabi/lib/thumb/v7e-m+fp/hard\libg.a(lib_a-reent.o)
                0x080081a8                cleanup_glue
 .text._reclaim_reent
                0x080081f0       0x90 c:/progra~2/gnuarm~1/102021~1.10/bin/../lib/gcc/arm-none-eabi/10.3.1/../../../../arm-none-eabi/lib/thumb/v7e-m+fp/hard\libg.a(lib_a-reent.o)
                0x080081f0                _reclaim_reent
 .text._sbrk_r  0x08008280       0x24 c:/progra~2/gnuarm~1/102021~1.10/bin/../lib/gcc/arm-none-eabi/10.3.1/../../../../arm-none-eabi/lib/thumb/v7e-m+fp/hard\libg.a(lib_a-sbrkr.o)
                0x08008280                _sbrk_r
 .text.startup.register_fini
                0x080082a4       0x14 c:/progra~2/gnuarm~1/102021~1.10/bin/../lib/gcc/arm-none-eabi/10.3.1/../../../../arm-none-eabi/lib/thumb/v7e-m+fp/hard\libg.a(lib_a-__call_atexit.o)
 .text.atexit   0x080082b8        0xc c:/progra~2/gnuarm~1/102021~1.10/bin/../lib/gcc/arm-none-eabi/10.3.1/../../../../arm-none-eabi/lib/thumb/v7e-m+fp/hard\libg.a(lib_a-atexit.o)
                0x080082b8                atexit
 .text.__libc_fini_array
                0x080082c4       0x2c c:/progra~2/gnuarm~1/102021~1.10/bin/../lib/gcc/arm-none-eabi/10.3.1/../../../../arm-none-eabi/lib/thumb/v7e-m+fp/hard\libg.a(lib_a-fini.o)
                0x080082c4                __libc_fini_array
 .text._malloc_trim_r
                0x080082f0       0xa0 c:/progra~2/gnuarm~1/102021~1.10/bin/../lib/gcc/arm-none-eabi/10.3.1/../../../../arm-none-eabi/lib/thumb/v7e-m+fp/hard\libg.a(lib_a-freer.o)
                0x080082f0                _malloc_trim_r
 .text._free_r  0x08008390      0x20c c:/progra~2/gnuarm~1/102021~1.10/bin/../lib/gcc/arm-none-eabi/10.3.1/../../../../arm-none-eabi/lib/thumb/v7e-m+fp/hard\libg.a(lib_a-freer.o)
                0x08008390                _free_r
 .text.__retarget_lock_acquire_recursive
                0x0800859c        0x4 c:/progra~2/gnuarm~1/102021~1.10/bin/../lib/gcc/arm-none-eabi/10.3.1/../../../../arm-none-eabi/lib/thumb/v7e-m+fp/hard\libg.a(lib_a-lock.o)
                0x0800859c                __retarget_lock_acquire_recursive
 .text.__retarget_lock_release_recursive
                0x080085a0        0x4 c:/progra~2/gnuarm~1/102021~1.10/bin/../lib/gcc/arm-none-eabi/10.3.1/../../../../arm-none-eabi/lib/thumb/v7e-m+fp/hard\libg.a(lib_a-lock.o)
                0x080085a0                __retarget_lock_release_recursive
 .text.__register_exitproc
                0x080085a4       0x8c c:/progra~2/gnuarm~1/102021~1.10/bin/../lib/gcc/arm-none-eabi/10.3.1/../../../../arm-none-eabi/lib/thumb/v7e-m+fp/hard\libg.a(lib_a-__atexit.o)
                0x080085a4                __register_exitproc
 .text.acosf    0x08008630       0x58 c:/progra~2/gnuarm~1/102021~1.10/bin/../lib/gcc/arm-none-eabi/10.3.1/../../../../arm-none-eabi/lib/thumb/v7e-m+fp/hard\libm.a(lib_a-wf_acos.o)
                0x08008630                acosf
 .text.asinf    0x08008688       0x58 c:/progra~2/gnuarm~1/102021~1.10/bin/../lib/gcc/arm-none-eabi/10.3.1/../../../../arm-none-eabi/lib/thumb/v7e-m+fp/hard\libm.a(lib_a-wf_asin.o)
                0x08008688                asinf
 .text.atan2f   0x080086e0        0x4 c:/progra~2/gnuarm~1/102021~1.10/bin/../lib/gcc/arm-none-eabi/10.3.1/../../../../arm-none-eabi/lib/thumb/v7e-m+fp/hard\libm.a(lib_a-wf_atan2.o)
                0x080086e0                atan2f
 .text.sqrtf    0x080086e4       0x44 c:/progra~2/gnuarm~1/102021~1.10/bin/../lib/gcc/arm-none-eabi/10.3.1/../../../../arm-none-eabi/lib/thumb/v7e-m+fp/hard\libm.a(lib_a-wf_sqrt.o)
                0x080086e4                sqrtf
 .text.__ieee754_acosf
                0x08008728      0x248 c:/progra~2/gnuarm~1/102021~1.10/bin/../lib/gcc/arm-none-eabi/10.3.1/../../../../arm-none-eabi/lib/thumb/v7e-m+fp/hard\libm.a(lib_a-ef_acos.o)
                0x08008728                __ieee754_acosf
 .text.__ieee754_asinf
                0x08008970      0x20c c:/progra~2/gnuarm~1/102021~1.10/bin/../lib/gcc/arm-none-eabi/10.3.1/../../../../arm-none-eabi/lib/thumb/v7e-m+fp/hard\libm.a(lib_a-ef_asin.o)
                0x08008970                __ieee754_asinf
 .text.__ieee754_atan2f
                0x08008b7c      0x150 c:/progra~2/gnuarm~1/102021~1.10/bin/../lib/gcc/arm-none-eabi/10.3.1/../../../../arm-none-eabi/lib/thumb/v7e-m+fp/hard\libm.a(lib_a-ef_atan2.o)
                0x08008b7c                __ieee754_atan2f
 .text.__ieee754_sqrtf
                0x08008ccc        0x8 c:/progra~2/gnuarm~1/102021~1.10/bin/../lib/gcc/arm-none-eabi/10.3.1/../../../../arm-none-eabi/lib/thumb/v7e-m+fp/hard\libm.a(lib_a-ef_sqrt.o)
                0x08008ccc                __ieee754_sqrtf
 .text.atanf    0x08008cd4      0x1b4 c:/progra~2/gnuarm~1/102021~1.10/bin/../lib/gcc/arm-none-eabi/10.3.1/../../../../arm-none-eabi/lib/thumb/v7e-m+fp/hard\libm.a(lib_a-sf_atan.o)
                0x08008cd4                atanf
 .text.fabsf    0x08008e88       0x10 c:/progra~2/gnuarm~1/102021~1.10/bin/../lib/gcc/arm-none-eabi/10.3.1/../../../../arm-none-eabi/lib/thumb/v7e-m+fp/hard\libm.a(lib_a-sf_fabs.o)
                0x08008e88                fabsf
 .text.nanf     0x08008e98        0xc c:/progra~2/gnuarm~1/102021~1.10/bin/../lib/gcc/arm-none-eabi/10.3.1/../../../../arm-none-eabi/lib/thumb/v7e-m+fp/hard\libm.a(lib_a-sf_nan.o)
                0x08008e98                nanf
 *(.glue_7)
 .glue_7        0x08008ea4        0x0 linker stubs
 *(.glue_7t)
 .glue_7t       0x08008ea4        0x0 linker stubs
 *(.eh_frame)
 .eh_frame      0x08008ea4        0x0 c:/progra~2/gnuarm~1/102021~1.10/bin/../lib/gcc/arm-none-eabi/10.3.1/thumb/v7e-m+fp/hard/crtbegin.o
 *(.init)
 .init          0x08008ea4        0x4 c:/progra~2/gnuarm~1/102021~1.10/bin/../lib/gcc/arm-none-eabi/10.3.1/thumb/v7e-m+fp/hard/crti.o
                0x08008ea4                _init
 .init          0x08008ea8        0x8 c:/progra~2/gnuarm~1/102021~1.10/bin/../lib/gcc/arm-none-eabi/10.3.1/thumb/v7e-m+fp/hard/crtn.o
 *(.fini)
 .fini          0x08008eb0        0x4 c:/progra~2/gnuarm~1/102021~1.10/bin/../lib/gcc/arm-none-eabi/10.3.1/thumb/v7e-m+fp/hard/crti.o
                0x08008eb0                _fini
 .fini          0x08008eb4        0x8 c:/progra~2/gnuarm~1/102021~1.10/bin/../lib/gcc/arm-none-eabi/10.3.1/thumb/v7e-m+fp/hard/crtn.o
                0x08008ebc                . = ALIGN (0x4)
                0x08008ebc                _etext = .

.vfp11_veneer   0x08008ebc        0x0
 .vfp11_veneer  0x08008ebc        0x0 linker stubs

.v4_bx          0x08008ebc        0x0
 .v4_bx         0x08008ebc        0x0 linker stubs

.iplt           0x08008ebc        0x0
 .iplt          0x08008ebc        0x0 c:/progra~2/gnuarm~1/102021~1.10/bin/../lib/gcc/arm-none-eabi/10.3.1/thumb/v7e-m+fp/hard/crtbegin.o

.rodata         0x08008ebc      0x9e8
                0x08008ebc                . = ALIGN (0x4)
 *(.rodata)
 .rodata        0x08008ebc        0x8 CMakeFiles/RM_FreeRTOS.elf.dir/Devices/BMI088driver.c.obj
 *(.rodata*)
 .rodata.IMU_QuaternionEKF_F
                0x08008ec4       0x90 CMakeFiles/RM_FreeRTOS.elf.dir/Algorithm/QuaternionEKF.c.obj
                0x08008ec4                IMU_QuaternionEKF_F
 .rodata.xb     0x08008f54        0xc CMakeFiles/RM_FreeRTOS.elf.dir/Application/ins_task.c.obj
                0x08008f54                xb
 .rodata.yb     0x08008f60        0xc CMakeFiles/RM_FreeRTOS.elf.dir/Application/ins_task.c.obj
                0x08008f60                yb
 .rodata.zb     0x08008f6c        0xc CMakeFiles/RM_FreeRTOS.elf.dir/Application/ins_task.c.obj
                0x08008f6c                zb
 .rodata.str1.4
                0x08008f78       0x20 CMakeFiles/RM_FreeRTOS.elf.dir/Core/Src/freertos.c.obj
 .rodata.GYRO_GET_attributes
                0x08008f98       0x24 CMakeFiles/RM_FreeRTOS.elf.dir/Core/Src/freertos.c.obj
                0x08008f98                GYRO_GET_attributes
 .rodata.LED_GREEN_attributes
                0x08008fbc       0x24 CMakeFiles/RM_FreeRTOS.elf.dir/Core/Src/freertos.c.obj
                0x08008fbc                LED_GREEN_attributes
 .rodata.LED_RED_attributes
                0x08008fe0       0x24 CMakeFiles/RM_FreeRTOS.elf.dir/Core/Src/freertos.c.obj
                0x08008fe0                LED_RED_attributes
 .rodata.AHBPrescTable
                0x08009004       0x10 CMakeFiles/RM_FreeRTOS.elf.dir/Core/Src/system_stm32f4xx.c.obj
                0x08009004                AHBPrescTable
 .rodata.APBPrescTable
                0x08009014        0x8 CMakeFiles/RM_FreeRTOS.elf.dir/Core/Src/system_stm32f4xx.c.obj
                0x08009014                APBPrescTable
 .rodata.sinTable_f32
                0x0800901c      0x804 CMakeFiles/RM_FreeRTOS.elf.dir/DSP_Lib/Source/CommonTables/arm_common_tables.c.obj
                0x0800901c                sinTable_f32
 .rodata.write_BMI088_accel_reg_data_error
                0x08009820       0x12 CMakeFiles/RM_FreeRTOS.elf.dir/Devices/BMI088driver.c.obj
 *fill*         0x08009832        0x2 
 .rodata.write_BMI088_gyro_reg_data_error
                0x08009834       0x12 CMakeFiles/RM_FreeRTOS.elf.dir/Devices/BMI088driver.c.obj
 *fill*         0x08009846        0x2 
 .rodata.flagBitshiftOffset.0
                0x08009848        0x8 CMakeFiles/RM_FreeRTOS.elf.dir/Drivers/STM32F4xx_HAL_Driver/Src/stm32f4xx_hal_dma.c.obj
 .rodata.vTaskStartScheduler.str1.4
                0x08009850        0x5 CMakeFiles/RM_FreeRTOS.elf.dir/Middlewares/Third_Party/FreeRTOS/Source/tasks.c.obj
 *fill*         0x08009855        0x3 
 .rodata.prvCheckForValidListAndQueue.str1.4
                0x08009858        0x5 CMakeFiles/RM_FreeRTOS.elf.dir/Middlewares/Third_Party/FreeRTOS/Source/timers.c.obj
 *fill*         0x0800985d        0x3 
 .rodata.xTimerCreateTimerTask.str1.4
                0x08009860        0x8 CMakeFiles/RM_FreeRTOS.elf.dir/Middlewares/Third_Party/FreeRTOS/Source/timers.c.obj
 .rodata._global_impure_ptr
                0x08009868        0x4 c:/progra~2/gnuarm~1/102021~1.10/bin/../lib/gcc/arm-none-eabi/10.3.1/../../../../arm-none-eabi/lib/thumb/v7e-m+fp/hard\libg.a(lib_a-impure.o)
                0x08009868                _global_impure_ptr
 .rodata.acosf.str1.4
                0x0800986c        0x8 c:/progra~2/gnuarm~1/102021~1.10/bin/../lib/gcc/arm-none-eabi/10.3.1/../../../../arm-none-eabi/lib/thumb/v7e-m+fp/hard\libm.a(lib_a-wf_acos.o)
                                  0x1 (size before relaxing)
 .rodata.asinf.str1.4
                0x0800986c        0x1 c:/progra~2/gnuarm~1/102021~1.10/bin/../lib/gcc/arm-none-eabi/10.3.1/../../../../arm-none-eabi/lib/thumb/v7e-m+fp/hard\libm.a(lib_a-wf_asin.o)
 .rodata.CSWTCH.8
                0x0800986c        0xc c:/progra~2/gnuarm~1/102021~1.10/bin/../lib/gcc/arm-none-eabi/10.3.1/../../../../arm-none-eabi/lib/thumb/v7e-m+fp/hard\libm.a(lib_a-ef_atan2.o)
 .rodata.CSWTCH.9
                0x08009878        0xc c:/progra~2/gnuarm~1/102021~1.10/bin/../lib/gcc/arm-none-eabi/10.3.1/../../../../arm-none-eabi/lib/thumb/v7e-m+fp/hard\libm.a(lib_a-ef_atan2.o)
 .rodata.atanhi
                0x08009884       0x10 c:/progra~2/gnuarm~1/102021~1.10/bin/../lib/gcc/arm-none-eabi/10.3.1/../../../../arm-none-eabi/lib/thumb/v7e-m+fp/hard\libm.a(lib_a-sf_atan.o)
 .rodata.atanlo
                0x08009894       0x10 c:/progra~2/gnuarm~1/102021~1.10/bin/../lib/gcc/arm-none-eabi/10.3.1/../../../../arm-none-eabi/lib/thumb/v7e-m+fp/hard\libm.a(lib_a-sf_atan.o)
                0x080098a4                . = ALIGN (0x4)

.ARM.extab      0x080098a4        0x0
                0x080098a4                . = ALIGN (0x4)
 *(.ARM.extab* .gnu.linkonce.armextab.*)
                0x080098a4                . = ALIGN (0x4)

.ARM            0x080098a4        0x8
                0x080098a4                . = ALIGN (0x4)
                0x080098a4                __exidx_start = .
 *(.ARM.exidx*)
 .ARM.exidx     0x080098a4        0x8 c:/progra~2/gnuarm~1/102021~1.10/bin/../lib/gcc/arm-none-eabi/10.3.1/thumb/v7e-m+fp/hard\libgcc.a(_udivmoddi4.o)
                0x080098ac                __exidx_end = .
                0x080098ac                . = ALIGN (0x4)

.rel.dyn        0x080098ac        0x0
 .rel.iplt      0x080098ac        0x0 c:/progra~2/gnuarm~1/102021~1.10/bin/../lib/gcc/arm-none-eabi/10.3.1/thumb/v7e-m+fp/hard/crtbegin.o

.preinit_array  0x080098ac        0x0
                0x080098ac                . = ALIGN (0x4)
                0x080098ac                PROVIDE (__preinit_array_start = .)
 *(.preinit_array*)
                0x080098ac                PROVIDE (__preinit_array_end = .)
                0x080098ac                . = ALIGN (0x4)

.init_array     0x080098ac        0x8
                0x080098ac                . = ALIGN (0x4)
                0x080098ac                PROVIDE (__init_array_start = .)
 *(SORT_BY_NAME(.init_array.*))
 .init_array.00000
                0x080098ac        0x4 c:/progra~2/gnuarm~1/102021~1.10/bin/../lib/gcc/arm-none-eabi/10.3.1/../../../../arm-none-eabi/lib/thumb/v7e-m+fp/hard\libg.a(lib_a-__call_atexit.o)
 *(.init_array*)
 .init_array    0x080098b0        0x4 c:/progra~2/gnuarm~1/102021~1.10/bin/../lib/gcc/arm-none-eabi/10.3.1/thumb/v7e-m+fp/hard/crtbegin.o
                0x080098b4                PROVIDE (__init_array_end = .)
                0x080098b4                . = ALIGN (0x4)

.fini_array     0x080098b4        0x4
                0x080098b4                . = ALIGN (0x4)
                0x080098b4                PROVIDE (__fini_array_start = .)
 *(SORT_BY_NAME(.fini_array.*))
 *(.fini_array*)
 .fini_array    0x080098b4        0x4 c:/progra~2/gnuarm~1/102021~1.10/bin/../lib/gcc/arm-none-eabi/10.3.1/thumb/v7e-m+fp/hard/crtbegin.o
                0x080098b8                PROVIDE (__fini_array_end = .)
                0x080098b8                . = ALIGN (0x4)
                0x080098b8                _sidata = LOADADDR (.data)

.data           0x20000000      0x8ec load address 0x080098b8
                0x20000000                . = ALIGN (0x4)
                0x20000000                _sdata = .
 *(.data)
 *(.data*)
 .data.IMU_QuaternionEKF_P
                0x20000000       0x90 CMakeFiles/RM_FreeRTOS.elf.dir/Algorithm/QuaternionEKF.c.obj
                0x20000000                IMU_QuaternionEKF_P
 .data.RefTemp  0x20000090        0x4 CMakeFiles/RM_FreeRTOS.elf.dir/Application/ins_task.c.obj
                0x20000090                RefTemp
 .data.SystemCoreClock
                0x20000094        0x4 CMakeFiles/RM_FreeRTOS.elf.dir/Core/Src/system_stm32f4xx.c.obj
                0x20000094                SystemCoreClock
 .data.BMI088_ACCEL_SEN
                0x20000098        0x4 CMakeFiles/RM_FreeRTOS.elf.dir/Devices/BMI088driver.c.obj
                0x20000098                BMI088_ACCEL_SEN
 .data.BMI088_GYRO_SEN
                0x2000009c        0x4 CMakeFiles/RM_FreeRTOS.elf.dir/Devices/BMI088driver.c.obj
                0x2000009c                BMI088_GYRO_SEN
 .data.caliOffset
                0x200000a0        0x1 CMakeFiles/RM_FreeRTOS.elf.dir/Devices/BMI088driver.c.obj
                0x200000a0                caliOffset
 .data.uwTickFreq
                0x200000a1        0x1 CMakeFiles/RM_FreeRTOS.elf.dir/Drivers/STM32F4xx_HAL_Driver/Src/stm32f4xx_hal.c.obj